###############################################################################
#
# IAR ELF Linker V9.30.1.335/W64 for ARM                  12/Dec/2025  12:41:09
# Copyright 2007-2022 IAR Systems AB.
#
#    Output file  =
#        C:\Users\chris.king\Source\GlobalScaleRT1024\Release\Exe\globalScaleRT1024.out_nochecksum
#    Map file     =
#        C:\Users\chris.king\Source\GlobalScaleRT1024\Release\List\globalScaleRT1024.map
#    Command line =
#        -f
#        C:\Users\chris.king\Source\GlobalScaleRT1024\Release\Exe\globalScaleRT1024.out_nochecksum.rsp
#        (C:\Users\chris.king\Source\GlobalScaleRT1024\Release\Obj\source\printer\averyCutter.o
#        C:\Users\chris.king\Source\GlobalScaleRT1024\Release\Obj\source\weigher\averyWeigher.o
#        C:\Users\chris.king\Source\GlobalScaleRT1024\Release\Obj\board\board.o
#        C:\Users\chris.king\Source\GlobalScaleRT1024\Release\Obj\source\weigher\boxcarFilter.o
#        C:\Users\chris.king\Source\GlobalScaleRT1024\Release\Obj\source\weigher\boxcarFilterF.o
#        C:\Users\chris.king\Source\GlobalScaleRT1024\Release\Obj\source\weigher\cat3Audit.o
#        C:\Users\chris.king\Source\GlobalScaleRT1024\Release\Obj\board\clock_config.o
#        C:\Users\chris.king\Source\GlobalScaleRT1024\Release\Obj\include\commandTable.o
#        C:\Users\chris.king\Source\GlobalScaleRT1024\Release\Obj\freertos\freertos_kernel\croutine.o
#        C:\Users\chris.king\Source\GlobalScaleRT1024\Release\Obj\source\weigher\cs5530.o
#        C:\Users\chris.king\Source\GlobalScaleRT1024\Release\Obj\board\dcd.o
#        C:\Users\chris.king\Source\GlobalScaleRT1024\Release\Obj\source\system\developmentTools.o
#        C:\Users\chris.king\Source\GlobalScaleRT1024\Release\Obj\source\printer\dotWearTask.o
#        C:\Users\chris.king\Source\GlobalScaleRT1024\Release\Obj\source\printer\drawingPrimitives.o
#        C:\Users\chris.king\Source\GlobalScaleRT1024\Release\Obj\source\printer\dvr8818.o
#        C:\Users\chris.king\Source\GlobalScaleRT1024\Release\Obj\source\weigher\edgeDetection.o
#        C:\Users\chris.king\Source\GlobalScaleRT1024\Release\Obj\source\valueMax\eep93C56.o
#        C:\Users\chris.king\Source\GlobalScaleRT1024\Release\Obj\freertos\freertos_kernel\event_groups.o
#        C:\Users\chris.king\Source\GlobalScaleRT1024\Release\Obj\xip\evkmimxrt1024_flexspi_nor_config.o
#        C:\Users\chris.king\Source\GlobalScaleRT1024\Release\Obj\source\weigher\filter.o
#        C:\Users\chris.king\Source\GlobalScaleRT1024\Release\Obj\source\weigher\firFilter.o
#        C:\Users\chris.king\Source\GlobalScaleRT1024\Release\Obj\utilities\common\uart\fsl_adapter_lpuart.o
#        C:\Users\chris.king\Source\GlobalScaleRT1024\Release\Obj\drivers\fsl_adc.o
#        C:\Users\chris.king\Source\GlobalScaleRT1024\Release\Obj\drivers\fsl_adc_etc.o
#        C:\Users\chris.king\Source\GlobalScaleRT1024\Release\Obj\drivers\fsl_aipstz.o
#        C:\Users\chris.king\Source\GlobalScaleRT1024\Release\Obj\drivers\fsl_aoi.o
#        C:\Users\chris.king\Source\GlobalScaleRT1024\Release\Obj\utilities\fsl_assert.o
#        C:\Users\chris.king\Source\GlobalScaleRT1024\Release\Obj\drivers\fsl_bee.o
#        C:\Users\chris.king\Source\GlobalScaleRT1024\Release\Obj\drivers\fsl_cache.o
#        C:\Users\chris.king\Source\GlobalScaleRT1024\Release\Obj\drivers\fsl_clock.o
#        C:\Users\chris.king\Source\GlobalScaleRT1024\Release\Obj\drivers\fsl_cmp.o
#        C:\Users\chris.king\Source\GlobalScaleRT1024\Release\Obj\drivers\fsl_common.o
#        C:\Users\chris.king\Source\GlobalScaleRT1024\Release\Obj\drivers\fsl_common_arm.o
#        C:\Users\chris.king\Source\GlobalScaleRT1024\Release\Obj\components\exceptions\fsl_component_exception_handling.o
#        C:\Users\chris.king\Source\GlobalScaleRT1024\Release\Obj\components\list\fsl_component_generic_list.o
#        C:\Users\chris.king\Source\GlobalScaleRT1024\Release\Obj\utilities\common\fsl_component_serial_manager.o
#        C:\Users\chris.king\Source\GlobalScaleRT1024\Release\Obj\utilities\common\fsl_component_serial_port_uart.o
#        C:\Users\chris.king\Source\GlobalScaleRT1024\Release\Obj\drivers\fsl_dcdc.o
#        C:\Users\chris.king\Source\GlobalScaleRT1024\Release\Obj\drivers\fsl_dcp.o
#        C:\Users\chris.king\Source\GlobalScaleRT1024\Release\Obj\utilities\fsl_debug_console.o
#        C:\Users\chris.king\Source\GlobalScaleRT1024\Release\Obj\drivers\fsl_dmamux.o
#        C:\Users\chris.king\Source\GlobalScaleRT1024\Release\Obj\drivers\fsl_edma.o
#        C:\Users\chris.king\Source\GlobalScaleRT1024\Release\Obj\drivers\fsl_enc.o
#        C:\Users\chris.king\Source\GlobalScaleRT1024\Release\Obj\drivers\fsl_enet.o
#        C:\Users\chris.king\Source\GlobalScaleRT1024\Release\Obj\drivers\fsl_ewm.o
#        C:\Users\chris.king\Source\GlobalScaleRT1024\Release\Obj\drivers\fsl_flexcan.o
#        C:\Users\chris.king\Source\GlobalScaleRT1024\Release\Obj\drivers\fsl_flexio.o
#        C:\Users\chris.king\Source\GlobalScaleRT1024\Release\Obj\drivers\fsl_flexio_camera.o
#        C:\Users\chris.king\Source\GlobalScaleRT1024\Release\Obj\drivers\fsl_flexio_camera_edma.o
#        C:\Users\chris.king\Source\GlobalScaleRT1024\Release\Obj\drivers\fsl_flexio_i2c_master.o
#        C:\Users\chris.king\Source\GlobalScaleRT1024\Release\Obj\drivers\fsl_flexio_i2s.o
#        C:\Users\chris.king\Source\GlobalScaleRT1024\Release\Obj\drivers\fsl_flexio_i2s_edma.o
#        C:\Users\chris.king\Source\GlobalScaleRT1024\Release\Obj\drivers\fsl_flexio_mculcd.o
#        C:\Users\chris.king\Source\GlobalScaleRT1024\Release\Obj\drivers\fsl_flexio_mculcd_edma.o
#        C:\Users\chris.king\Source\GlobalScaleRT1024\Release\Obj\drivers\fsl_flexio_spi.o
#        C:\Users\chris.king\Source\GlobalScaleRT1024\Release\Obj\drivers\fsl_flexio_spi_edma.o
#        C:\Users\chris.king\Source\GlobalScaleRT1024\Release\Obj\drivers\fsl_flexio_uart.o
#        C:\Users\chris.king\Source\GlobalScaleRT1024\Release\Obj\drivers\fsl_flexio_uart_edma.o
#        C:\Users\chris.king\Source\GlobalScaleRT1024\Release\Obj\drivers\fsl_flexram.o
#        C:\Users\chris.king\Source\GlobalScaleRT1024\Release\Obj\drivers\fsl_flexram_allocate.o
#        C:\Users\chris.king\Source\GlobalScaleRT1024\Release\Obj\drivers\fsl_flexspi.o
#        C:\Users\chris.king\Source\GlobalScaleRT1024\Release\Obj\drivers\fsl_flexspi_edma.o
#        C:\Users\chris.king\Source\GlobalScaleRT1024\Release\Obj\xip\fsl_flexspi_nor_boot.o
#        C:\Users\chris.king\Source\GlobalScaleRT1024\Release\Obj\drivers\fsl_gpc.o
#        C:\Users\chris.king\Source\GlobalScaleRT1024\Release\Obj\drivers\fsl_gpio.o
#        C:\Users\chris.king\Source\GlobalScaleRT1024\Release\Obj\drivers\fsl_gpt.o
#        C:\Users\chris.king\Source\GlobalScaleRT1024\Release\Obj\drivers\fsl_kpp.o
#        C:\Users\chris.king\Source\GlobalScaleRT1024\Release\Obj\drivers\fsl_lpi2c.o
#        C:\Users\chris.king\Source\GlobalScaleRT1024\Release\Obj\drivers\fsl_lpi2c_edma.o
#        C:\Users\chris.king\Source\GlobalScaleRT1024\Release\Obj\drivers\fsl_lpi2c_freertos.o
#        C:\Users\chris.king\Source\GlobalScaleRT1024\Release\Obj\drivers\fsl_lpspi.o
#        C:\Users\chris.king\Source\GlobalScaleRT1024\Release\Obj\drivers\fsl_lpspi_edma.o
#        C:\Users\chris.king\Source\GlobalScaleRT1024\Release\Obj\drivers\fsl_lpspi_freertos.o
#        C:\Users\chris.king\Source\GlobalScaleRT1024\Release\Obj\drivers\fsl_lpuart.o
#        C:\Users\chris.king\Source\GlobalScaleRT1024\Release\Obj\drivers\fsl_lpuart_edma.o
#        C:\Users\chris.king\Source\GlobalScaleRT1024\Release\Obj\drivers\fsl_lpuart_freertos.o
#        C:\Users\chris.king\Source\GlobalScaleRT1024\Release\Obj\drivers\fsl_ocotp.o
#        C:\Users\chris.king\Source\GlobalScaleRT1024\Release\Obj\components\osa\fsl_os_abstraction_free_rtos.o
#        C:\Users\chris.king\Source\GlobalScaleRT1024\Release\Obj\drivers\fsl_pit.o
#        C:\Users\chris.king\Source\GlobalScaleRT1024\Release\Obj\drivers\fsl_pmu.o
#        C:\Users\chris.king\Source\GlobalScaleRT1024\Release\Obj\drivers\fsl_pwm.o
#        C:\Users\chris.king\Source\GlobalScaleRT1024\Release\Obj\drivers\fsl_qtmr.o
#        C:\Users\chris.king\Source\GlobalScaleRT1024\Release\Obj\drivers\fsl_romapi.o
#        C:\Users\chris.king\Source\GlobalScaleRT1024\Release\Obj\drivers\fsl_rtwdog.o
#        C:\Users\chris.king\Source\GlobalScaleRT1024\Release\Obj\drivers\fsl_sai.o
#        C:\Users\chris.king\Source\GlobalScaleRT1024\Release\Obj\drivers\fsl_sai_edma.o
#        C:\Users\chris.king\Source\GlobalScaleRT1024\Release\Obj\drivers\fsl_semc.o
#        C:\Users\chris.king\Source\GlobalScaleRT1024\Release\Obj\drivers\fsl_snvs_hp.o
#        C:\Users\chris.king\Source\GlobalScaleRT1024\Release\Obj\drivers\fsl_snvs_lp.o
#        C:\Users\chris.king\Source\GlobalScaleRT1024\Release\Obj\drivers\fsl_spdif.o
#        C:\Users\chris.king\Source\GlobalScaleRT1024\Release\Obj\drivers\fsl_spdif_edma.o
#        C:\Users\chris.king\Source\GlobalScaleRT1024\Release\Obj\drivers\fsl_src.o
#        C:\Users\chris.king\Source\GlobalScaleRT1024\Release\Obj\utilities\fsl_str.o
#        C:\Users\chris.king\Source\GlobalScaleRT1024\Release\Obj\drivers\fsl_tempmon.o
#        C:\Users\chris.king\Source\GlobalScaleRT1024\Release\Obj\drivers\fsl_trng.o
#        C:\Users\chris.king\Source\GlobalScaleRT1024\Release\Obj\drivers\fsl_usdhc.o
#        C:\Users\chris.king\Source\GlobalScaleRT1024\Release\Obj\drivers\fsl_wdog.o
#        C:\Users\chris.king\Source\GlobalScaleRT1024\Release\Obj\drivers\fsl_xbara.o
#        C:\Users\chris.king\Source\GlobalScaleRT1024\Release\Obj\drivers\fsl_xbarb.o
#        C:\Users\chris.king\Source\GlobalScaleRT1024\Release\Obj\source\printer\globalPrinterTask.o
#        C:\Users\chris.king\Source\GlobalScaleRT1024\Release\Obj\source\globalScale.o
#        C:\Users\chris.king\Source\GlobalScaleRT1024\Release\Obj\freertos\freertos_kernel\portable\MemMang\heap_4.o
#        C:\Users\chris.king\Source\GlobalScaleRT1024\Release\Obj\source\system\idleTask.o
#        C:\Users\chris.king\Source\GlobalScaleRT1024\Release\Obj\freertos\freertos_kernel\list.o
#        C:\Users\chris.king\Source\GlobalScaleRT1024\Release\Obj\source\system\lp5521.o
#        C:\Users\chris.king\Source\GlobalScaleRT1024\Release\Obj\board\pin_mux.o
#        C:\Users\chris.king\Source\GlobalScaleRT1024\Release\Obj\freertos\freertos_kernel\portable\IAR\ARM_CM4F\port.o
#        C:\Users\chris.king\Source\GlobalScaleRT1024\Release\Obj\freertos\freertos_kernel\portable\IAR\ARM_CM4F\portasm.o
#        C:\Users\chris.king\Source\GlobalScaleRT1024\Release\Obj\source\printer\printEngine.o
#        C:\Users\chris.king\Source\GlobalScaleRT1024\Release\Obj\source\printer\printHead.o
#        C:\Users\chris.king\Source\GlobalScaleRT1024\Release\Obj\freertos\freertos_kernel\queue.o
#        C:\Users\chris.king\Source\GlobalScaleRT1024\Release\Obj\source\system\queueManager.o
#        C:\Users\chris.king\Source\GlobalScaleRT1024\Release\Obj\source\valueMax\sca3300Accel.o
#        C:\Users\chris.king\Source\GlobalScaleRT1024\Release\Obj\source\system\sensors.o
#        C:\Users\chris.king\Source\GlobalScaleRT1024\Release\Obj\source\system\serialFlash.o
#        C:\Users\chris.king\Source\GlobalScaleRT1024\Release\Obj\startup\startup_MIMXRT1024.o
#        C:\Users\chris.king\Source\GlobalScaleRT1024\Release\Obj\freertos\freertos_kernel\stream_buffer.o
#        C:\Users\chris.king\Source\GlobalScaleRT1024\Release\Obj\MIMXRT1024\device\system_MIMXRT1024.o
#        C:\Users\chris.king\Source\GlobalScaleRT1024\Release\Obj\source\system\systemTimer.o
#        C:\Users\chris.king\Source\GlobalScaleRT1024\Release\Obj\source\printer\takeupMotor.o
#        C:\Users\chris.king\Source\GlobalScaleRT1024\Release\Obj\freertos\freertos_kernel\tasks.o
#        C:\Users\chris.king\Source\GlobalScaleRT1024\Release\Obj\source\system\threadManager.o
#        C:\Users\chris.king\Source\GlobalScaleRT1024\Release\Obj\freertos\freertos_kernel\timers.o
#        C:\Users\chris.king\Source\GlobalScaleRT1024\Release\Obj\source\printer\TPHMotor.o
#        C:\Users\chris.king\Source\GlobalScaleRT1024\Release\Obj\source\system\translator.o
#        C:\Users\chris.king\Source\GlobalScaleRT1024\Release\Obj\source\system\unitTests.o
#        C:\Users\chris.king\Source\GlobalScaleRT1024\Release\Obj\source\usb\device\source\usb_device_ch9.o
#        C:\Users\chris.king\Source\GlobalScaleRT1024\Release\Obj\source\usb\device\class\usb_device_class.o
#        C:\Users\chris.king\Source\GlobalScaleRT1024\Release\Obj\source\usb\device\source\dci\usb_device_dci.o
#        C:\Users\chris.king\Source\GlobalScaleRT1024\Release\Obj\source\usb\source\usb_device_descriptor.o
#        C:\Users\chris.king\Source\GlobalScaleRT1024\Release\Obj\source\usb\device\source\ehci\usb_device_ehci.o
#        C:\Users\chris.king\Source\GlobalScaleRT1024\Release\Obj\source\usb\phy\usb_phy.o
#        C:\Users\chris.king\Source\GlobalScaleRT1024\Release\Obj\source\usb\device\class\usbPrinter.o
#        C:\Users\chris.king\Source\GlobalScaleRT1024\Release\Obj\source\usb\source\usbTask.o
#        C:\Users\chris.king\Source\GlobalScaleRT1024\Release\Obj\source\usb\device\class\usbWeigher.o
#        C:\Users\chris.king\Source\GlobalScaleRT1024\Release\Obj\source\valueMax\valueMax.o
#        C:\Users\chris.king\Source\GlobalScaleRT1024\Release\Obj\source\weigher\varGainFilter.o
#        C:\Users\chris.king\Source\GlobalScaleRT1024\Release\Obj\source\system\vendor.o
#        C:\Users\chris.king\Source\GlobalScaleRT1024\Release\Obj\source\printer\virtualScope.o
#        C:\Users\chris.king\Source\GlobalScaleRT1024\Release\Obj\source\system\w25x10cl.o
#        --no_out_extension -o
#        C:\Users\chris.king\Source\GlobalScaleRT1024\Release\Exe\globalScaleRT1024.out_nochecksum
#        --redirect _Printf=_PrintfSmallNoMb --redirect _Scanf=_ScanfSmallNoMb
#        --keep __checksum --map
#        C:\Users\chris.king\Source\GlobalScaleRT1024\Release\List\globalScaleRT1024.map
#        --config
#        C:\Users\chris.king\Source\GlobalScaleRT1024\MIMXRT1024\linker\MIMXRT1024xxxxx_flexspi_nor-Release.icf
#        --semihosting --entry Reset_Handler --place_holder
#        __checksum,4,.checksum,1 --define_symbol __checksum_begin=0x60040000
#        --define_symbol __checksum_end=0x603ffffb --no_vfe --text_out locale
#        --cpu=Cortex-M7 --fpu=VFPv5_d16)
#
###############################################################################

*******************************************************************************
*** RUNTIME MODEL ATTRIBUTES
***

CppFlavor       = *
__CPP_Runtime   = 1
__Heap_Handler  = Basic
__SystemLibrary = DLib
__dlib_version  = 6


*******************************************************************************
*** HEAP SELECTION
***

The basic heap was selected because --advanced_heap
was not specified and the application did not appear to
be primarily optimized for speed.


*******************************************************************************
*** PLACEMENT SUMMARY
***

"A0":  place at address 0x6004'0000 { ro section .intvec };
"P1":  place in [from 0x6004'0000 to 0x6004'03ff] |
                [from 0x6004'0400 to 0x603c'ffff] { ro };
"P2":  place in [from 0x603d'0000 to 0x603f'ffef] { ro object serialFlash.o };
"P3":  place in [from 0x603d'0000 to 0x603f'ffef] { ro object averyWeigher.o };
"P4":  place in [from 0x603d'0000 to 0x603f'ffef] { ro object boxcarFilter.o };
"P5":  place in [from 0x603d'0000 to 0x603f'ffef] { ro object boxcarFilterF.o };
"P6":  place in [from 0x603d'0000 to 0x603f'ffef] { ro object cat3Audit.o };
"P7":  place in [from 0x603d'0000 to 0x603f'ffef] { ro object cs5530.o };
"P8":  place in [from 0x603d'0000 to 0x603f'ffef] { ro object edgeDetection.o };
"P9":  place in [from 0x603d'0000 to 0x603f'ffef] { ro object filter.o };
"P10": place in [from 0x603d'0000 to 0x603f'ffef] { ro object firFilter.o };
"P11": place in [from 0x603d'0000 to 0x603f'ffef] { ro object varGainFilter.o };
"P12": place in [from 0x603d'0000 to 0x603f'ffef] { ro object eep93C56.o };
"P13": place in [from 0x603d'0000 to 0x603f'ffef] { ro object sca3300.o };
define block RW { rw };
"P14": place in [from 0x2020'0000 to 0x2022'7ffe] { block RW };
define block ZI { zi };
"P15": place in [from 0x2020'0000 to 0x2022'7ffe] { block ZI };
"P17": place in [from 0x2000'0000 to 0x2000'fbff] { section DEFAULT_RAM0 };
define block NCACHE_VAR { section NonCacheable, section NonCacheable.init };
"P18": place in [from 0x2000'0000 to 0x2000'fbff] { block NCACHE_VAR };
define block CSTACK with size = 1K, alignment = 8 { };
"P19": place in [from 0x2000'fc00 to 0x2000'ffff] { block CSTACK };
"P20": place in [from 0x0 to 0x7fff] { section .textrw };
define block QACCESS_CODE { section CodeQuickAccess };
"P21": place in [from 0x0 to 0x7fff] { block QACCESS_CODE };
"A2":  place at address 0x603f'fff0 {
          section VENDOR_PAD, section VENDOR_VID, section VENDOR_PSW_MAJOR,
          section VENDOR_PSW_MINOR, section VENDOR_PSW_ENG,
          section VENDOR_WSW_MAJOR, section VENDOR_WSW_MINOR,
          section VENDOR_WSW_ENG, section VENDOR_PAD1, section VENDOR_HW_MAJOR,
          section VENDOR_HW_MINOR };
"P22": place in [from 0x603f'fffc to 0x603f'ffff] { ro section .checksum };
initialize by copy { rw, section .textrw, section CodeQuickAccess };

No sections matched the following patterns:

  ro object edgeDetection.o  in "P2-P13"
  ro object filter.o         in "P2-P13"
  ro object firFilter.o      in "P2-P13"
  ro object sca3300.o        in "P2-P13"
  ro section .checksum1      in "A1"
  section .textrw            in "P20-P21"
  section DEFAULT_RAM0       in "P17-P18"
  section VENDOR_PAD         in "A2"
  section VENDOR_VID         in "A2"


  Section                Kind         Address      Size  Object
  -------                ----         -------      ----  ------
"P20-P21":                                       0x7594
  QACCESS_CODE                            0x0    0x7594  <Block>
    QACCESS_CODE-1                        0x0    0x7594  <Init block>
      Veneer             inited           0x0       0x8  - Linker created -
      CodeQuickAccess    inited           0x8     0x110  commandTable.o [10]
      Veneer             inited         0x118       0x8  - Linker created -
      Veneer             inited         0x120       0x8  - Linker created -
      Veneer             inited         0x128       0x8  - Linker created -
      Veneer             inited         0x130       0x8  - Linker created -
      Veneer             inited         0x138       0x8  - Linker created -
      Veneer             inited         0x140       0x8  - Linker created -
      Veneer             inited         0x148       0x8  - Linker created -
      CodeQuickAccess    inited         0x150     0x248  dvr8818.o [12]
      Veneer             inited         0x398       0x8  - Linker created -
      Veneer             inited         0x3a0       0x8  - Linker created -
      Veneer             inited         0x3a8       0x8  - Linker created -
      Veneer             inited         0x3b0       0x8  - Linker created -
      Veneer             inited         0x3b8       0x8  - Linker created -
      Veneer             inited         0x3c0       0x8  - Linker created -
      Veneer             inited         0x3c8       0x8  - Linker created -
      Veneer             inited         0x3d0       0x8  - Linker created -
      Veneer             inited         0x3d8       0x8  - Linker created -
      Veneer             inited         0x3e0       0x8  - Linker created -
      Veneer             inited         0x3e8       0x8  - Linker created -
      Veneer             inited         0x3f0       0x8  - Linker created -
      Veneer             inited         0x3f8       0x8  - Linker created -
      Veneer             inited         0x400       0x8  - Linker created -
      Veneer             inited         0x408       0x8  - Linker created -
      Veneer             inited         0x410       0x8  - Linker created -
      Veneer             inited         0x418       0x8  - Linker created -
      Veneer             inited         0x420       0x8  - Linker created -
      Veneer             inited         0x428       0x8  - Linker created -
      Veneer             inited         0x430       0x8  - Linker created -
      Veneer             inited         0x438       0x8  - Linker created -
      Veneer             inited         0x440       0x8  - Linker created -
      Veneer             inited         0x448       0x8  - Linker created -
      Veneer             inited         0x450       0x8  - Linker created -
      Veneer             inited         0x458       0x8  - Linker created -
      Veneer             inited         0x460       0x8  - Linker created -
      Veneer             inited         0x468       0x8  - Linker created -
      Veneer             inited         0x470       0x8  - Linker created -
      Veneer             inited         0x478       0x8  - Linker created -
      Veneer             inited         0x480       0x8  - Linker created -
      Veneer             inited         0x488       0x8  - Linker created -
      Veneer             inited         0x490       0x8  - Linker created -
      Veneer             inited         0x498       0x8  - Linker created -
      Veneer             inited         0x4a0       0x8  - Linker created -
      Veneer             inited         0x4a8       0x8  - Linker created -
      Veneer             inited         0x4b0       0x8  - Linker created -
      Veneer             inited         0x4b8       0x8  - Linker created -
      Veneer             inited         0x4c0       0x8  - Linker created -
      Veneer             inited         0x4c8       0x8  - Linker created -
      Veneer             inited         0x4d0       0x8  - Linker created -
      Veneer             inited         0x4d8       0x8  - Linker created -
      Veneer             inited         0x4e0       0x8  - Linker created -
      Veneer             inited         0x4e8       0x8  - Linker created -
      Veneer             inited         0x4f0       0x8  - Linker created -
      Veneer             inited         0x4f8       0x8  - Linker created -
      Veneer             inited         0x500       0x8  - Linker created -
      Veneer             inited         0x508       0x8  - Linker created -
      Veneer             inited         0x510       0x8  - Linker created -
      Veneer             inited         0x518       0x8  - Linker created -
      Veneer             inited         0x520       0x8  - Linker created -
      Veneer             inited         0x528       0x8  - Linker created -
      Veneer             inited         0x530       0x8  - Linker created -
      Veneer             inited         0x538       0x8  - Linker created -
      Veneer             inited         0x540       0x8  - Linker created -
      Veneer             inited         0x548       0x8  - Linker created -
      Veneer             inited         0x550       0x8  - Linker created -
      Veneer             inited         0x558       0x8  - Linker created -
      Veneer             inited         0x560       0x8  - Linker created -
      Veneer             inited         0x568       0x8  - Linker created -
      Veneer             inited         0x570       0x8  - Linker created -
      Veneer             inited         0x578       0x8  - Linker created -
      Veneer             inited         0x580       0x8  - Linker created -
      Veneer             inited         0x588       0x8  - Linker created -
      Veneer             inited         0x590       0x8  - Linker created -
      Veneer             inited         0x598       0x8  - Linker created -
      Veneer             inited         0x5a0       0x8  - Linker created -
      Veneer             inited         0x5a8       0x8  - Linker created -
      Veneer             inited         0x5b0       0x8  - Linker created -
      Veneer             inited         0x5b8       0x8  - Linker created -
      Veneer             inited         0x5c0       0x8  - Linker created -
      Veneer             inited         0x5c8       0x8  - Linker created -
      Veneer             inited         0x5d0       0x8  - Linker created -
      Veneer             inited         0x5d8       0x8  - Linker created -
      Veneer             inited         0x5e0       0x8  - Linker created -
      Veneer             inited         0x5e8       0x8  - Linker created -
      Veneer             inited         0x5f0       0x8  - Linker created -
      Veneer             inited         0x5f8       0x8  - Linker created -
      Veneer             inited         0x600       0x8  - Linker created -
      Veneer             inited         0x608       0x8  - Linker created -
      Veneer             inited         0x610       0x8  - Linker created -
      Veneer             inited         0x618       0x8  - Linker created -
      Veneer             inited         0x620       0x8  - Linker created -
      Veneer             inited         0x628       0x8  - Linker created -
      Veneer             inited         0x630       0x8  - Linker created -
      Veneer             inited         0x638       0x8  - Linker created -
      Veneer             inited         0x640       0x8  - Linker created -
      Veneer             inited         0x648       0x8  - Linker created -
      Veneer             inited         0x650       0x8  - Linker created -
      Veneer             inited         0x658       0x8  - Linker created -
      Veneer             inited         0x660       0x8  - Linker created -
      Veneer             inited         0x668       0x8  - Linker created -
      Veneer             inited         0x670       0x8  - Linker created -
      CodeQuickAccess    inited         0x678    0x311c  printEngine.o [12]
      Veneer             inited        0x3794       0x8  - Linker created -
      Veneer             inited        0x379c       0x8  - Linker created -
      CodeQuickAccess    inited        0x37a4     0x548  printHead.o [12]
      Veneer             inited        0x3cec       0x8  - Linker created -
      Veneer             inited        0x3cf4       0x8  - Linker created -
      Veneer             inited        0x3cfc       0x8  - Linker created -
      Veneer             inited        0x3d04       0x8  - Linker created -
      Veneer             inited        0x3d0c       0x8  - Linker created -
      Veneer             inited        0x3d14       0x8  - Linker created -
      Veneer             inited        0x3d1c       0x8  - Linker created -
      Veneer             inited        0x3d24       0x8  - Linker created -
      CodeQuickAccess    inited        0x3d2c     0x604  sensors.o [13]
      Veneer             inited        0x4330       0x8  - Linker created -
      Veneer             inited        0x4338       0x8  - Linker created -
      Veneer             inited        0x4340       0x8  - Linker created -
      Veneer             inited        0x4348       0x8  - Linker created -
      Veneer             inited        0x4350       0x8  - Linker created -
      Veneer             inited        0x4358       0x8  - Linker created -
      Veneer             inited        0x4360       0x8  - Linker created -
      Veneer             inited        0x4368       0x8  - Linker created -
      Veneer             inited        0x4370       0x8  - Linker created -
      Veneer             inited        0x4378       0x8  - Linker created -
      Veneer             inited        0x4380       0x8  - Linker created -
      Veneer             inited        0x4388       0x8  - Linker created -
      Veneer             inited        0x4390       0x8  - Linker created -
      Veneer             inited        0x4398       0x8  - Linker created -
      Veneer             inited        0x43a0       0x8  - Linker created -
      Veneer             inited        0x43a8       0x8  - Linker created -
      Veneer             inited        0x43b0       0x8  - Linker created -
      Veneer             inited        0x43b8       0x8  - Linker created -
      Veneer             inited        0x43c0       0x8  - Linker created -
      Veneer             inited        0x43c8       0x8  - Linker created -
      Veneer             inited        0x43d0       0x8  - Linker created -
      CodeQuickAccess    inited        0x43d8    0x2a00  takeupMotor.o [12]
      Veneer             inited        0x6dd8       0x8  - Linker created -
      Veneer             inited        0x6de0       0x8  - Linker created -
      Veneer             inited        0x6de8       0x8  - Linker created -
      Veneer             inited        0x6df0       0x8  - Linker created -
      Veneer             inited        0x6df8       0x8  - Linker created -
      Veneer             inited        0x6e00       0x8  - Linker created -
      Veneer             inited        0x6e08       0x8  - Linker created -
      Veneer             inited        0x6e10       0x8  - Linker created -
      Veneer             inited        0x6e18       0x8  - Linker created -
      Veneer             inited        0x6e20       0x8  - Linker created -
      Veneer             inited        0x6e28       0x8  - Linker created -
      Veneer             inited        0x6e30       0x8  - Linker created -
      CodeQuickAccess    inited        0x6e38     0x75c  TPHMotor.o [12]
                                     - 0x7594    0x7594

"P17-P18":                                       0xf384
  NCACHE_VAR                      0x2000'0000    0xf384  <Block>
    NCACHE_VAR-1                  0x2000'0000     0x215  <Init block>
      NonCacheable       inited   0x2000'0000       0x4  queueManager.o [13]
      NonCacheable       inited   0x2000'0004       0x4  queueManager.o [13]
      NonCacheable       inited   0x2000'0008       0x4  queueManager.o [13]
      NonCacheable       inited   0x2000'000c       0x4  queueManager.o [13]
      NonCacheable.init  inited   0x2000'0010       0x4  printEngine.o [12]
      NonCacheable.init  inited   0x2000'0014       0x4  printEngine.o [12]
      NonCacheable.init  inited   0x2000'0018       0x4  printEngine.o [12]
      NonCacheable.init  inited   0x2000'001c       0x4  printEngine.o [12]
      NonCacheable.init  inited   0x2000'0020       0x4  printEngine.o [12]
      NonCacheable.init  inited   0x2000'0024       0x4  printEngine.o [12]
      NonCacheable.init  inited   0x2000'0028      0x28  takeupMotor.o [12]
      NonCacheable.init  inited   0x2000'0050       0x4  takeupMotor.o [12]
      NonCacheable.init  inited   0x2000'0054       0x4  takeupMotor.o [12]
      NonCacheable.init  inited   0x2000'0058       0x4  takeupMotor.o [12]
      NonCacheable.init  inited   0x2000'005c       0x4  takeupMotor.o [12]
      NonCacheable.init  inited   0x2000'0060       0x4  takeupMotor.o [12]
      NonCacheable.init  inited   0x2000'0064       0x4  takeupMotor.o [12]
      NonCacheable.init  inited   0x2000'0068       0x4  takeupMotor.o [12]
      NonCacheable.init  inited   0x2000'006c       0x4  takeupMotor.o [12]
      NonCacheable.init  inited   0x2000'0070       0x4  takeupMotor.o [12]
      NonCacheable.init  inited   0x2000'0074       0x4  takeupMotor.o [12]
      NonCacheable.init  inited   0x2000'0078       0x4  takeupMotor.o [12]
      NonCacheable.init  inited   0x2000'007c      0x4c  translator.o [13]
      NonCacheable.init  inited   0x2000'00c8      0x4c  translator.o [13]
      NonCacheable.init  inited   0x2000'0114      0x14  usb_device_descriptor.o [19]
      NonCacheable.init  inited   0x2000'0128      0x3c  usb_device_descriptor.o [19]
      NonCacheable.init  inited   0x2000'0164       0x4  usb_device_descriptor.o [19]
      NonCacheable.init  inited   0x2000'0168      0x34  usb_device_descriptor.o [19]
      NonCacheable.init  inited   0x2000'019c      0x28  usb_device_descriptor.o [19]
      NonCacheable.init  inited   0x2000'01c4       0x2  printEngine.o [12]
      NonCacheable.init  inited   0x2000'01c6       0x2  printEngine.o [12]
      NonCacheable.init  inited   0x2000'01c8       0x2  printEngine.o [12]
      NonCacheable.init  inited   0x2000'01ca       0x2  printEngine.o [12]
      NonCacheable.init  inited   0x2000'01cc       0x2  printEngine.o [12]
      NonCacheable.init  inited   0x2000'01ce       0x2  printEngine.o [12]
      NonCacheable.init  inited   0x2000'01d0       0x2  printEngine.o [12]
      NonCacheable.init  inited   0x2000'01d2       0x2  printEngine.o [12]
      NonCacheable.init  inited   0x2000'01d4       0x2  printEngine.o [12]
      NonCacheable.init  inited   0x2000'01d6       0x2  printEngine.o [12]
      NonCacheable.init  inited   0x2000'01d8       0x2  printEngine.o [12]
      NonCacheable.init  inited   0x2000'01da       0x2  sensors.o [13]
      NonCacheable.init  inited   0x2000'01dc       0x2  takeupMotor.o [12]
      NonCacheable.init  inited   0x2000'01de       0x2  takeupMotor.o [12]
      NonCacheable.init  inited   0x2000'01e0       0x2  takeupMotor.o [12]
      NonCacheable.init  inited   0x2000'01e2       0x2  takeupMotor.o [12]
      NonCacheable.init  inited   0x2000'01e4       0x2  takeupMotor.o [12]
      NonCacheable.init  inited   0x2000'01e6       0x2  takeupMotor.o [12]
      NonCacheable.init  inited   0x2000'01e8       0x2  takeupMotor.o [12]
      NonCacheable.init  inited   0x2000'01ea       0x2  takeupMotor.o [12]
      NonCacheable.init  inited   0x2000'01ec       0x2  takeupMotor.o [12]
      NonCacheable.init  inited   0x2000'01ee       0x2  takeupMotor.o [12]
      NonCacheable.init  inited   0x2000'01f0       0x2  takeupMotor.o [12]
      NonCacheable.init  inited   0x2000'01f2       0x2  TPHMotor.o [12]
      NonCacheable.init  inited   0x2000'01f4       0x2  TPHMotor.o [12]
      NonCacheable.init  inited   0x2000'01f6       0x2  TPHMotor.o [12]
      NonCacheable.init  inited   0x2000'01f8       0x2  TPHMotor.o [12]
      NonCacheable.init  inited   0x2000'01fa       0x2  TPHMotor.o [12]
      NonCacheable.init  inited   0x2000'01fc       0x2  TPHMotor.o [12]
      NonCacheable.init  inited   0x2000'01fe       0x2  TPHMotor.o [12]
      NonCacheable.init  inited   0x2000'0200       0x1  printEngine.o [12]
      NonCacheable.init  inited   0x2000'0201       0x1  printEngine.o [12]
      NonCacheable.init  inited   0x2000'0202       0x1  printEngine.o [12]
      NonCacheable.init  inited   0x2000'0203       0x1  printEngine.o [12]
      NonCacheable.init  inited   0x2000'0204       0x1  printEngine.o [12]
      NonCacheable.init  inited   0x2000'0205       0x1  printEngine.o [12]
      NonCacheable.init  inited   0x2000'0206       0x1  printEngine.o [12]
      NonCacheable.init  inited   0x2000'0207       0x1  printEngine.o [12]
      NonCacheable.init  inited   0x2000'0208       0x1  printEngine.o [12]
      NonCacheable.init  inited   0x2000'0209       0x1  printEngine.o [12]
      NonCacheable.init  inited   0x2000'020a       0x1  printEngine.o [12]
      NonCacheable.init  inited   0x2000'020b       0x1  takeupMotor.o [12]
      NonCacheable.init  inited   0x2000'020c       0x1  takeupMotor.o [12]
      NonCacheable.init  inited   0x2000'020d       0x1  takeupMotor.o [12]
      NonCacheable.init  inited   0x2000'020e       0x1  takeupMotor.o [12]
      NonCacheable.init  inited   0x2000'020f       0x1  takeupMotor.o [12]
      NonCacheable.init  inited   0x2000'0210       0x1  takeupMotor.o [12]
      NonCacheable.init  inited   0x2000'0211       0x1  takeupMotor.o [12]
      NonCacheable.init  inited   0x2000'0212       0x1  takeupMotor.o [12]
      NonCacheable.init  inited   0x2000'0213       0x1  TPHMotor.o [12]
      NonCacheable.init  inited   0x2000'0214       0x1  TPHMotor.o [12]
    NonCacheable         zero     0x2000'0800     0x700  usb_device_ehci.o [17]
    NonCacheable         zero     0x2000'0f00     0x200  usb_device_ehci.o [17]
    NonCacheable         zero     0x2000'1100      0xc0  usb_device_dci.o [16]
    NonCacheable         zero     0x2000'11c0      0x30  averyCutter.o [12]
    NonCacheable         zero     0x2000'11f0     0x100  averyCutter.o [12]
    NonCacheable         zero     0x2000'12f0     0x100  averyCutter.o [12]
    NonCacheable         zero     0x2000'13f0      0x58  averyCutter.o [12]
    NonCacheable         zero     0x2000'1448      0x28  cat3Audit.o [21]
    NonCacheable         zero     0x2000'1470    0x1004  cat3Audit.o [21]
    NonCacheable         zero     0x2000'2474      0x20  fsl_debug_console.o [23]
    NonCacheable         zero     0x2000'2494      0x24  printHead.o [12]
    NonCacheable         zero     0x2000'24b8    0xc800  printHead.o [12]
    NonCacheable         zero     0x2000'ecb8      0x14  printHead.o [12]
    NonCacheable         zero     0x2000'eccc      0x10  printHead.o [12]
    NonCacheable         zero     0x2000'ecdc      0x10  printHead.o [12]
    NonCacheable         zero     0x2000'ecec      0x10  printHead.o [12]
    NonCacheable         zero     0x2000'ecfc      0x10  printHead.o [12]
    NonCacheable         zero     0x2000'ed0c      0x10  printHead.o [12]
    NonCacheable         zero     0x2000'ed1c      0x10  printHead.o [12]
    NonCacheable         zero     0x2000'ed2c      0x10  printHead.o [12]
    NonCacheable         zero     0x2000'ed3c      0x10  printHead.o [12]
    NonCacheable         zero     0x2000'ed4c       0x8  printHead.o [12]
    NonCacheable         zero     0x2000'ed54      0x50  printHead.o [12]
    NonCacheable         zero     0x2000'eda4      0x10  usb_device_class.o [14]
    NonCacheable         zero     0x2000'edb4       0x8  usb_device_class.o [14]
    NonCacheable         zero     0x2000'edbc      0x40  usbPrinter.o [14]
    NonCacheable         zero     0x2000'edfc      0x40  usbTask.o [19]
    NonCacheable         zero     0x2000'ee3c      0x40  usbTask.o [19]
    NonCacheable         zero     0x2000'ee7c     0x200  usbTask.o [19]
    NonCacheable         zero     0x2000'f07c      0x40  usbTask.o [19]
    NonCacheable         zero     0x2000'f0bc      0x40  usbTask.o [19]
    NonCacheable         zero     0x2000'f0fc      0x2c  usbWeigher.o [14]
    NonCacheable         zero     0x2000'f128     0x224  w25x10cl.o [13]
    NonCacheable         zero     0x2000'f34c      0x38  w25x10cl.o [13]
                                - 0x2000'f384    0xf384

"P19":                                            0x400
  CSTACK                          0x2000'fc00     0x400  <Block>
    CSTACK               uninit   0x2000'fc00     0x400  <Block tail>
                                - 0x2001'0000     0x400

"P14-P15", part 1 of 2:                           0x393
  RW                              0x2020'0000     0x393  <Block>
    RW-1                          0x2020'0000     0x371  <Init block>
      .data              inited   0x2020'0000      0x3c  commandTable.o [10]
      .data              inited   0x2020'003c      0x24  commandTable.o [10]
      .data              inited   0x2020'0060      0x20  commandTable.o [10]
      .data              inited   0x2020'0080       0xc  commandTable.o [10]
      .data              inited   0x2020'008c       0xc  commandTable.o [10]
      .data              inited   0x2020'0098       0xc  commandTable.o [10]
      .data              inited   0x2020'00a4       0xc  commandTable.o [10]
      .data              inited   0x2020'00b0       0xc  commandTable.o [10]
      .data              inited   0x2020'00bc       0x8  commandTable.o [10]
      .data              inited   0x2020'00c4      0x10  commandTable.o [10]
      .data              inited   0x2020'00d4      0x14  commandTable.o [10]
      .data              inited   0x2020'00e8       0xc  commandTable.o [10]
      .data              inited   0x2020'00f4       0xc  commandTable.o [10]
      .data              inited   0x2020'0100       0xc  commandTable.o [10]
      .data              inited   0x2020'010c      0x14  commandTable.o [10]
      .data              inited   0x2020'0120       0xc  commandTable.o [10]
      .data              inited   0x2020'012c      0x24  commandTable.o [10]
      .data              inited   0x2020'0150      0x24  commandTable.o [10]
      .data              inited   0x2020'0174       0xc  commandTable.o [10]
      .data              inited   0x2020'0180       0x4  port.o [8]
      .data              inited   0x2020'0184       0x4  printEngine.o [12]
      .data              inited   0x2020'0188       0x4  printEngine.o [12]
      .data              inited   0x2020'018c       0x4  system_MIMXRT1024.o [1]
      .data              inited   0x2020'0190       0x4  takeupMotor.o [12]
      .data              inited   0x2020'0194       0x4  tasks.o [7]
      .data              inited   0x2020'0198      0x24  usb_device_descriptor.o [19]
      .data              inited   0x2020'01bc       0xc  usb_device_descriptor.o [19]
      .data              inited   0x2020'01c8      0x10  usb_device_descriptor.o [19]
      .data              inited   0x2020'01d8      0x10  usb_device_descriptor.o [19]
      .data              inited   0x2020'01e8       0xc  usb_device_descriptor.o [19]
      .data              inited   0x2020'01f4      0x18  usb_device_descriptor.o [19]
      .data              inited   0x2020'020c       0x8  usb_device_descriptor.o [19]
      .data              inited   0x2020'0214       0x8  usb_device_descriptor.o [19]
      .data              inited   0x2020'021c       0x8  usb_device_descriptor.o [19]
      .data              inited   0x2020'0224       0x8  usb_device_descriptor.o [19]
      .data              inited   0x2020'022c       0xc  usb_device_descriptor.o [19]
      .data              inited   0x2020'0238       0xc  usb_device_descriptor.o [19]
      .data              inited   0x2020'0244       0xc  usb_device_descriptor.o [19]
      .data              inited   0x2020'0250      0x10  usb_device_descriptor.o [19]
      .data              inited   0x2020'0260      0x24  usbTask.o [19]
      .data              inited   0x2020'0284       0xc  usbTask.o [19]
      .data              inited   0x2020'0290      0x10  valueMax.o [20]
      .data              inited   0x2020'02a0       0x4  w25x10cl.o [13]
      .data              inited   0x2020'02a4       0x4  w25x10cl.o [13]
      .data              inited   0x2020'02a8       0x4  w25x10cl.o [13]
      DataQuickAccess    inited   0x2020'02ac      0xa0  printEngine.o [12]
      DataQuickAccess    inited   0x2020'034c       0x4  printEngine.o [12]
      .data              inited   0x2020'0350       0x2  developmentTools.o [13]
      .data              inited   0x2020'0352       0x2  developmentTools.o [13]
      .data              inited   0x2020'0354       0x2  sca3300Accel.o [20]
      .data              inited   0x2020'0356       0x2  sca3300Accel.o [20]
      .data              inited   0x2020'0358       0x2  sca3300Accel.o [20]
      .data              inited   0x2020'035a       0x2  sca3300Accel.o [20]
      .data              inited   0x2020'035c       0x2  sca3300Accel.o [20]
      .data              inited   0x2020'035e       0x2  sca3300Accel.o [20]
      .data              inited   0x2020'0360       0x2  takeupMotor.o [12]
      .data              inited   0x2020'0362       0x2  valueMax.o [20]
      .data              inited   0x2020'0364       0x2  valueMax.o [20]
      .data              inited   0x2020'0366       0x1  averyCutter.o [12]
      .data              inited   0x2020'0367       0x1  developmentTools.o [13]
      .data              inited   0x2020'0368       0x1  developmentTools.o [13]
      .data              inited   0x2020'0369       0x1  globalPrinterTask.o [12]
      .data              inited   0x2020'036a       0x1  sca3300Accel.o [20]
      .data              inited   0x2020'036b       0x1  takeupMotor.o [12]
      .data              inited   0x2020'036c       0x1  takeupMotor.o [12]
      .data              inited   0x2020'036d       0x1  takeupMotor.o [12]
      .data              inited   0x2020'036e       0x1  takeupMotor.o [12]
      .data              inited   0x2020'036f       0x1  usbTask.o [19]
      .data              inited   0x2020'0370       0x1  usbTask.o [19]
    RW-2                          0x2020'0374      0x1f  <Init block>
      .data              inited   0x2020'0374       0x4  averyWeigher.o [21]
      .data              inited   0x2020'0378       0x4  averyWeigher.o [21]
      .data              inited   0x2020'037c       0x4  averyWeigher.o [21]
      .data              inited   0x2020'0380       0x2  averyWeigher.o [21]
      .data              inited   0x2020'0382       0x2  averyWeigher.o [21]
      .data              inited   0x2020'0384       0x2  averyWeigher.o [21]
      .data              inited   0x2020'0386       0x2  averyWeigher.o [21]
      .data              inited   0x2020'0388       0x2  cs5530.o [21]
      .data              inited   0x2020'038a       0x2  eep93C56.o [20]
      .data              inited   0x2020'038c       0x2  eep93C56.o [20]
      .data              inited   0x2020'038e       0x2  eep93C56.o [20]
      .data              inited   0x2020'0390       0x1  averyWeigher.o [21]
      .data              inited   0x2020'0391       0x1  averyWeigher.o [21]
      .data              inited   0x2020'0392       0x1  eep93C56.o [20]
                                - 0x2020'0393     0x393

"P14-P15", part 2 of 2:                        0x1'c988
  ZI                              0x2020'0398  0x1'c988  <Block>
    .bss                 zero     0x2020'0398      0xc0  averyWeigher.o [21]
    .bss                 zero     0x2020'0458       0x8  averyWeigher.o [21]
    .bss                 zero     0x2020'0460       0x8  globalPrinterTask.o [12]
    .bss                 zero     0x2020'0468       0x4  averyCutter.o [12]
    .bss                 zero     0x2020'046c       0x4  averyCutter.o [12]
    .bss                 zero     0x2020'0470       0x4  averyCutter.o [12]
    .bss                 zero     0x2020'0474       0x4  averyCutter.o [12]
    .bss                 zero     0x2020'0478       0x4  averyCutter.o [12]
    .bss                 zero     0x2020'047c       0x4  averyWeigher.o [21]
    .bss                 zero     0x2020'0480       0x4  averyWeigher.o [21]
    .bss                 zero     0x2020'0484       0x4  averyWeigher.o [21]
    .bss                 zero     0x2020'0488       0x4  averyWeigher.o [21]
    .bss                 zero     0x2020'048c       0x4  averyWeigher.o [21]
    .bss                 zero     0x2020'0490      0x18  averyWeigher.o [21]
    .bss                 zero     0x2020'04a8      0x18  averyWeigher.o [21]
    .bss                 zero     0x2020'04c0      0x10  averyWeigher.o [21]
    .bss                 zero     0x2020'04d0      0x38  averyWeigher.o [21]
    .bss                 zero     0x2020'0508       0xc  averyWeigher.o [21]
    .bss                 zero     0x2020'0514       0x4  averyWeigher.o [21]
    .bss                 zero     0x2020'0518       0x4  averyWeigher.o [21]
    .bss                 zero     0x2020'051c       0x4  averyWeigher.o [21]
    .bss                 zero     0x2020'0520       0x4  averyWeigher.o [21]
    .bss                 zero     0x2020'0524       0x4  averyWeigher.o [21]
    .bss                 zero     0x2020'0528      0x98  averyWeigher.o [21]
    .bss                 zero     0x2020'05c0      0xa0  averyWeigher.o [21]
    .bss                 zero     0x2020'0660      0xa0  averyWeigher.o [21]
    .bss                 zero     0x2020'0700      0xa0  averyWeigher.o [21]
    .bss                 zero     0x2020'07a0      0xa0  averyWeigher.o [21]
    .bss                 zero     0x2020'0840      0xa0  averyWeigher.o [21]
    .bss                 zero     0x2020'08e0      0x20  averyWeigher.o [21]
    .bss                 zero     0x2020'0900       0x4  averyWeigher.o [21]
    .bss                 zero     0x2020'0904      0x2c  cat3Audit.o [21]
    .bss                 zero     0x2020'0930      0x20  cat3Audit.o [21]
    .bss                 zero     0x2020'0950      0x24  commandTable.o [10]
    .bss                 zero     0x2020'0974    0x13b0  commandTable.o [10]
    .bss                 zero     0x2020'1d24       0x4  commandTable.o [10]
    .bss                 zero     0x2020'1d28       0x4  cs5530.o [21]
    .bss                 zero     0x2020'1d2c       0x4  cs5530.o [21]
    .bss                 zero     0x2020'1d30      0x40  cs5530.o [21]
    .bss                 zero     0x2020'1d70      0x38  cs5530.o [21]
    .bss                 zero     0x2020'1da8       0x4  developmentTools.o [13]
    .bss                 zero     0x2020'1dac      0x28  developmentTools.o [13]
    .bss                 zero     0x2020'1dd4       0x4  dotWearTask.o [12]
    .bss                 zero     0x2020'1dd8      0x1c  eep93C56.o [20]
    .bss                 zero     0x2020'1df4       0x4  fsl_clock.o [6]
    .bss                 zero     0x2020'1df8       0x4  fsl_clock.o [6]
    .bss                 zero     0x2020'1dfc       0x4  fsl_component_exception_handling.o [3]
    .bss                 zero     0x2020'1e00       0x4  fsl_debug_console.o [23]
    .bss                 zero     0x2020'1e04      0x80  fsl_edma.o [6]
    .bss                 zero     0x2020'1e84       0x4  fsl_enet.o [6]
    .bss                 zero     0x2020'1e88       0x4  fsl_enet.o [6]
    .bss                 zero     0x2020'1e8c       0x4  fsl_enet.o [6]
    .bss                 zero     0x2020'1e90       0x4  fsl_enet.o [6]
    .bss                 zero     0x2020'1e94       0x4  fsl_enet.o [6]
    .bss                 zero     0x2020'1e98       0x4  fsl_enet.o [6]
    .bss                 zero     0x2020'1e9c       0xc  fsl_flexcan.o [6]
    .bss                 zero     0x2020'1ea8       0x4  fsl_flexcan.o [6]
    .bss                 zero     0x2020'1eac       0x8  fsl_flexio.o [6]
    .bss                 zero     0x2020'1eb4       0x8  fsl_flexio.o [6]
    .bss                 zero     0x2020'1ebc       0x8  fsl_flexio.o [6]
    .bss                 zero     0x2020'1ec4       0x4  fsl_flexspi.o [6]
    .bss                 zero     0x2020'1ec8       0x4  fsl_flexspi.o [6]
    .bss                 zero     0x2020'1ecc       0x4  fsl_lpi2c.o [6]
    .bss                 zero     0x2020'1ed0      0x14  fsl_lpi2c.o [6]
    .bss                 zero     0x2020'1ee4       0x4  fsl_lpi2c.o [6]
    .bss                 zero     0x2020'1ee8      0x14  fsl_lpi2c.o [6]
    .bss                 zero     0x2020'1efc      0x14  fsl_lpspi.o [6]
    .bss                 zero     0x2020'1f10       0x4  fsl_lpspi.o [6]
    .bss                 zero     0x2020'1f14       0x4  fsl_lpspi.o [6]
    .bss                 zero     0x2020'1f18       0x8  fsl_lpspi.o [6]
    .bss                 zero     0x2020'1f20      0x28  fsl_lpspi_edma.o [6]
    .bss                 zero     0x2020'1f48      0x24  fsl_lpuart.o [6]
    .bss                 zero     0x2020'1f6c       0x4  fsl_lpuart.o [6]
    .bss                 zero     0x2020'1f70      0x20  fsl_sai.o [6]
    .bss                 zero     0x2020'1f90       0x4  fsl_sai.o [6]
    .bss                 zero     0x2020'1f94       0x4  fsl_sai.o [6]
    .bss                 zero     0x2020'1f98       0x8  fsl_spdif.o [6]
    .bss                 zero     0x2020'1fa0       0x4  fsl_spdif.o [6]
    .bss                 zero     0x2020'1fa4       0x4  fsl_spdif.o [6]
    .bss                 zero     0x2020'1fa8       0xc  fsl_usdhc.o [6]
    .bss                 zero     0x2020'1fb4       0x4  fsl_usdhc.o [6]
    .bss                 zero     0x2020'1fb8       0x4  globalPrinterTask.o [12]
    .bss                 zero     0x2020'1fbc       0x4  globalPrinterTask.o [12]
    .bss                 zero     0x2020'1fc0       0x4  globalPrinterTask.o [12]
    .bss                 zero     0x2020'1fc4       0x4  globalPrinterTask.o [12]
    .bss                 zero     0x2020'1fc8       0x4  globalPrinterTask.o [12]
    .bss                 zero     0x2020'1fcc       0x4  globalPrinterTask.o [12]
    .bss                 zero     0x2020'1fd0       0x4  globalPrinterTask.o [12]
    .bss                 zero     0x2020'1fd4       0x4  globalPrinterTask.o [12]
    .bss                 zero     0x2020'1fd8       0x4  globalPrinterTask.o [12]
    .bss                 zero     0x2020'1fdc      0x10  globalPrinterTask.o [12]
    .bss                 zero     0x2020'1fec      0x20  globalPrinterTask.o [12]
    .bss                 zero     0x2020'200c       0x4  globalPrinterTask.o [12]
    .bss                 zero     0x2020'2010       0x4  globalPrinterTask.o [12]
    .bss                 zero     0x2020'2014  0x1'4000  heap_4.o [9]
    .bss                 zero     0x2021'6014       0x8  heap_4.o [9]
    .bss                 zero     0x2021'601c       0x4  heap_4.o [9]
    .bss                 zero     0x2021'6020       0x4  heap_4.o [9]
    .bss                 zero     0x2021'6024       0x4  heap_4.o [9]
    .bss                 zero     0x2021'6028       0x4  heap_4.o [9]
    .bss                 zero     0x2021'602c       0x4  heap_4.o [9]
    .bss                 zero     0x2021'6030       0x4  heap_4.o [9]
    .bss                 zero     0x2021'6034       0x4  idleTask.o [13]
    .bss                 zero     0x2021'6038       0xc  lp5521.o [13]
    .bss                 zero     0x2021'6044     0x200  lp5521.o [13]
    .bss                 zero     0x2021'6244     0x200  lp5521.o [13]
    .bss                 zero     0x2021'6444     0x200  lp5521.o [13]
    .bss                 zero     0x2021'6644       0x4  lp5521.o [13]
    .bss                 zero     0x2021'6648       0x4  lp5521.o [13]
    .bss                 zero     0x2021'664c       0x4  lp5521.o [13]
    .bss                 zero     0x2021'6650       0x4  lp5521.o [13]
    .bss                 zero     0x2021'6654       0x4  lp5521.o [13]
    .bss                 zero     0x2021'6658       0x4  lp5521.o [13]
    .bss                 zero     0x2021'665c       0xc  lp5521.o [13]
    .bss                 zero     0x2021'6668       0x4  port.o [8]
    .bss                 zero     0x2021'666c       0x4  printEngine.o [12]
    .bss                 zero     0x2021'6670      0xa4  printEngine.o [12]
    .bss                 zero     0x2021'6714       0x4  printEngine.o [12]
    .bss                 zero     0x2021'6718       0x4  printEngine.o [12]
    .bss                 zero     0x2021'671c       0x4  printEngine.o [12]
    .bss                 zero     0x2021'6720       0x4  printEngine.o [12]
    .bss                 zero     0x2021'6724       0x4  printHead.o [12]
    .bss                 zero     0x2021'6728       0x4  printHead.o [12]
    .bss                 zero     0x2021'672c      0x40  queue.o [7]
    .bss                 zero     0x2021'676c       0x4  queueManager.o [13]
    .bss                 zero     0x2021'6770       0x4  queueManager.o [13]
    .bss                 zero     0x2021'6774       0x4  queueManager.o [13]
    .bss                 zero     0x2021'6778       0x4  queueManager.o [13]
    .bss                 zero     0x2021'677c       0x4  queueManager.o [13]
    .bss                 zero     0x2021'6780       0x4  queueManager.o [13]
    .bss                 zero     0x2021'6784       0x4  queueManager.o [13]
    .bss                 zero     0x2021'6788       0x4  queueManager.o [13]
    .bss                 zero     0x2021'678c       0x4  queueManager.o [13]
    .bss                 zero     0x2021'6790       0x4  queueManager.o [13]
    .bss                 zero     0x2021'6794      0x18  sensors.o [13]
    .bss                 zero     0x2021'67ac       0x4  sensors.o [13]
    .bss                 zero     0x2021'67b0       0x4  sensors.o [13]
    .bss                 zero     0x2021'67b4      0x10  sensors.o [13]
    .bss                 zero     0x2021'67c4      0x38  sensors.o [13]
    .bss                 zero     0x2021'67fc       0x4  sensors.o [13]
    .bss                 zero     0x2021'6800       0x8  sensors.o [13]
    .bss                 zero     0x2021'6808       0x4  serialFlash.o [13]
    .bss                 zero     0x2021'680c       0x4  systemTimer.o [13]
    .bss                 zero     0x2021'6810       0x4  systemTimer.o [13]
    .bss                 zero     0x2021'6814       0x4  systemTimer.o [13]
    .bss                 zero     0x2021'6818      0x28  takeupMotor.o [12]
    .bss                 zero     0x2021'6840      0x10  takeupMotor.o [12]
    .bss                 zero     0x2021'6850       0x4  takeupMotor.o [12]
    .bss                 zero     0x2021'6854       0x4  takeupMotor.o [12]
    .bss                 zero     0x2021'6858       0x4  takeupMotor.o [12]
    .bss                 zero     0x2021'685c    0x4e20  takeupMotor.o [12]
    .bss                 zero     0x2021'b67c       0x4  takeupMotor.o [12]
    .bss                 zero     0x2021'b680       0x4  takeupMotor.o [12]
    .bss                 zero     0x2021'b684      0x10  takeupMotor.o [12]
    .bss                 zero     0x2021'b694       0x4  tasks.o [7]
    .bss                 zero     0x2021'b698      0x64  tasks.o [7]
    .bss                 zero     0x2021'b6fc      0x14  tasks.o [7]
    .bss                 zero     0x2021'b710      0x14  tasks.o [7]
    .bss                 zero     0x2021'b724       0x4  tasks.o [7]
    .bss                 zero     0x2021'b728       0x4  tasks.o [7]
    .bss                 zero     0x2021'b72c      0x14  tasks.o [7]
    .bss                 zero     0x2021'b740      0x14  tasks.o [7]
    .bss                 zero     0x2021'b754       0x4  tasks.o [7]
    .bss                 zero     0x2021'b758      0x14  tasks.o [7]
    .bss                 zero     0x2021'b76c       0x4  tasks.o [7]
    .bss                 zero     0x2021'b770       0x4  tasks.o [7]
    .bss                 zero     0x2021'b774       0x4  tasks.o [7]
    .bss                 zero     0x2021'b778       0x4  tasks.o [7]
    .bss                 zero     0x2021'b77c       0x4  tasks.o [7]
    .bss                 zero     0x2021'b780       0x4  tasks.o [7]
    .bss                 zero     0x2021'b784       0x4  tasks.o [7]
    .bss                 zero     0x2021'b788       0x4  tasks.o [7]
    .bss                 zero     0x2021'b78c       0x4  tasks.o [7]
    .bss                 zero     0x2021'b790       0x4  tasks.o [7]
    .bss                 zero     0x2021'b794       0x4  tasks.o [7]
    .bss                 zero     0x2021'b798      0x1c  threadManager.o [13]
    .bss                 zero     0x2021'b7b4      0x14  timers.o [7]
    .bss                 zero     0x2021'b7c8      0x14  timers.o [7]
    .bss                 zero     0x2021'b7dc       0x4  timers.o [7]
    .bss                 zero     0x2021'b7e0       0x4  timers.o [7]
    .bss                 zero     0x2021'b7e4       0x4  timers.o [7]
    .bss                 zero     0x2021'b7e8       0x4  timers.o [7]
    .bss                 zero     0x2021'b7ec       0x4  timers.o [7]
    .bss                 zero     0x2021'b7f0       0x4  TPHMotor.o [12]
    .bss                 zero     0x2021'b7f4      0x20  TPHMotor.o [12]
    .bss                 zero     0x2021'b814       0x4  translator.o [13]
    .bss                 zero     0x2021'b818       0x4  translator.o [13]
    .bss                 zero     0x2021'b81c       0x4  translator.o [13]
    .bss                 zero     0x2021'b820       0x4  translator.o [13]
    .bss                 zero     0x2021'b824       0x4  translator.o [13]
    .bss                 zero     0x2021'b828       0x4  translator.o [13]
    .bss                 zero     0x2021'b82c       0x4  translator.o [13]
    .bss                 zero     0x2021'b830       0x4  translator.o [13]
    .bss                 zero     0x2021'b834       0x4  translator.o [13]
    .bss                 zero     0x2021'b838       0x8  translator.o [13]
    .bss                 zero     0x2021'b840       0x4  translator.o [13]
    .bss                 zero     0x2021'b844       0xc  translator.o [13]
    .bss                 zero     0x2021'b850       0x4  translator.o [13]
    .bss                 zero     0x2021'b854       0xc  translator.o [13]
    .bss                 zero     0x2021'b860      0x3c  translator.o [13]
    .bss                 zero     0x2021'b89c      0x8c  usb_device_ehci.o [17]
    .bss                 zero     0x2021'b928       0x4  usbTask.o [19]
    .bss                 zero     0x2021'b92c       0x4  usbTask.o [19]
    .bss                 zero     0x2021'b930       0x4  usbTask.o [19]
    .bss                 zero     0x2021'b934       0x4  usbTask.o [19]
    .bss                 zero     0x2021'b938       0x4  usbTask.o [19]
    .bss                 zero     0x2021'b93c       0x4  usbTask.o [19]
    .bss                 zero     0x2021'b940      0x10  usbTask.o [19]
    .bss                 zero     0x2021'b950      0x80  usbTask.o [19]
    .bss                 zero     0x2021'b9d0       0x4  usbTask.o [19]
    .bss                 zero     0x2021'b9d4       0x4  usbTask.o [19]
    .bss                 zero     0x2021'b9d8       0x4  usbTask.o [19]
    .bss                 zero     0x2021'b9dc       0x4  usbTask.o [19]
    .bss                 zero     0x2021'b9e0       0x4  valueMax.o [20]
    .bss                 zero     0x2021'b9e4      0x14  valueMax.o [20]
    .bss                 zero     0x2021'b9f8     0x580  valueMax.o [20]
    .bss                 zero     0x2021'bf78      0x38  valueMax.o [20]
    .bss                 zero     0x2021'bfb0       0x4  valueMax.o [20]
    .bss                 zero     0x2021'bfb4       0x4  valueMax.o [20]
    .bss                 zero     0x2021'bfb8       0x4  w25x10cl.o [13]
    .bss                 zero     0x2021'bfbc       0x4  w25x10cl.o [13]
    .tbss                zero     0x2021'bfc0       0x4  errno.o [27]
    DataQuickAccess      zero     0x2021'bfc4      0x70  printEngine.o [12]
    DataQuickAccess      zero     0x2021'c034       0x4  printEngine.o [12]
    DataQuickAccess      zero     0x2021'c038       0x8  printEngine.o [12]
    DataQuickAccess      zero     0x2021'c040       0x8  printEngine.o [12]
    DataQuickAccess      zero     0x2021'c048       0x8  printEngine.o [12]
    DataQuickAccess      zero     0x2021'c050       0x4  printEngine.o [12]
    DataQuickAccess      zero     0x2021'c054      0x18  printEngine.o [12]
    DataQuickAccess      zero     0x2021'c06c      0x18  printEngine.o [12]
    DataQuickAccess      zero     0x2021'c084      0x10  printEngine.o [12]
    DataQuickAccess      zero     0x2021'c094      0x10  printEngine.o [12]
    DataQuickAccess      zero     0x2021'c0a4     0xb60  printEngine.o [12]
    DataQuickAccess      zero     0x2021'cc04      0x44  printEngine.o [12]
    .bss                 zero     0x2021'cc48       0x2  averyWeigher.o [21]
    .bss                 zero     0x2021'cc4a       0x2  developmentTools.o [13]
    .bss                 zero     0x2021'cc4c       0x2  developmentTools.o [13]
    .bss                 zero     0x2021'cc4e       0x2  developmentTools.o [13]
    .bss                 zero     0x2021'cc50       0x2  developmentTools.o [13]
    .bss                 zero     0x2021'cc52       0x2  developmentTools.o [13]
    .bss                 zero     0x2021'cc54       0x2  developmentTools.o [13]
    .bss                 zero     0x2021'cc56       0x2  developmentTools.o [13]
    .bss                 zero     0x2021'cc58       0x2  developmentTools.o [13]
    .bss                 zero     0x2021'cc5a       0x2  developmentTools.o [13]
    .bss                 zero     0x2021'cc5c       0x2  globalPrinterTask.o [12]
    .bss                 zero     0x2021'cc5e       0x2  globalPrinterTask.o [12]
    .bss                 zero     0x2021'cc60       0x2  idleTask.o [13]
    .bss                 zero     0x2021'cc62       0x2  lp5521.o [13]
    .bss                 zero     0x2021'cc64       0x2  printHead.o [12]
    .bss                 zero     0x2021'cc66       0x2  sensors.o [13]
    .bss                 zero     0x2021'cc68       0x2  takeupMotor.o [12]
    .bss                 zero     0x2021'cc6a       0x2  takeupMotor.o [12]
    .bss                 zero     0x2021'cc6c       0x2  takeupMotor.o [12]
    .bss                 zero     0x2021'cc6e       0x2  takeupMotor.o [12]
    .bss                 zero     0x2021'cc70       0x2  takeupMotor.o [12]
    .bss                 zero     0x2021'cc72       0x2  takeupMotor.o [12]
    .bss                 zero     0x2021'cc74       0x2  takeupMotor.o [12]
    .bss                 zero     0x2021'cc76       0x2  takeupMotor.o [12]
    .bss                 zero     0x2021'cc78       0x2  takeupMotor.o [12]
    .bss                 zero     0x2021'cc7a       0x2  takeupMotor.o [12]
    .bss                 zero     0x2021'cc7c       0x2  takeupMotor.o [12]
    .bss                 zero     0x2021'cc7e       0x2  takeupMotor.o [12]
    .bss                 zero     0x2021'cc80       0x2  takeupMotor.o [12]
    .bss                 zero     0x2021'cc82       0x2  takeupMotor.o [12]
    .bss                 zero     0x2021'cc84       0x2  takeupMotor.o [12]
    .bss                 zero     0x2021'cc86       0x2  takeupMotor.o [12]
    .bss                 zero     0x2021'cc88       0x2  takeupMotor.o [12]
    .bss                 zero     0x2021'cc8a       0x2  takeupMotor.o [12]
    .bss                 zero     0x2021'cc8c       0x2  takeupMotor.o [12]
    .bss                 zero     0x2021'cc8e       0x2  takeupMotor.o [12]
    .bss                 zero     0x2021'cc90       0x2  takeupMotor.o [12]
    .bss                 zero     0x2021'cc92       0x2  takeupMotor.o [12]
    .bss                 zero     0x2021'cc94       0x2  takeupMotor.o [12]
    .bss                 zero     0x2021'cc96       0x2  takeupMotor.o [12]
    .bss                 zero     0x2021'cc98       0x2  takeupMotor.o [12]
    .bss                 zero     0x2021'cc9a       0x2  takeupMotor.o [12]
    .bss                 zero     0x2021'cc9c       0x2  takeupMotor.o [12]
    .bss                 zero     0x2021'cc9e       0x2  takeupMotor.o [12]
    .bss                 zero     0x2021'cca0       0x2  takeupMotor.o [12]
    .bss                 zero     0x2021'cca2       0x2  takeupMotor.o [12]
    .bss                 zero     0x2021'cca4       0x2  takeupMotor.o [12]
    .bss                 zero     0x2021'cca6       0x2  takeupMotor.o [12]
    .bss                 zero     0x2021'cca8       0x2  takeupMotor.o [12]
    .bss                 zero     0x2021'ccaa       0x2  TPHMotor.o [12]
    .bss                 zero     0x2021'ccac       0x2  TPHMotor.o [12]
    DataQuickAccess      zero     0x2021'ccae       0x2  printEngine.o [12]
    DataQuickAccess      zero     0x2021'ccb0       0x2  printEngine.o [12]
    DataQuickAccess      zero     0x2021'ccb2       0x2  printEngine.o [12]
    DataQuickAccess      zero     0x2021'ccb4       0x2  printEngine.o [12]
    .bss                 zero     0x2021'ccb6       0x1  averyCutter.o [12]
    .bss                 zero     0x2021'ccb7       0x1  averyCutter.o [12]
    .bss                 zero     0x2021'ccb8       0x1  averyCutter.o [12]
    .bss                 zero     0x2021'ccb9       0x1  averyWeigher.o [21]
    .bss                 zero     0x2021'ccba       0x1  averyWeigher.o [21]
    .bss                 zero     0x2021'ccbb       0x1  averyWeigher.o [21]
    .bss                 zero     0x2021'ccbc       0x1  averyWeigher.o [21]
    .bss                 zero     0x2021'ccbd       0x1  averyWeigher.o [21]
    .bss                 zero     0x2021'ccbe       0x1  averyWeigher.o [21]
    .bss                 zero     0x2021'ccbf       0x1  averyWeigher.o [21]
    .bss                 zero     0x2021'ccc0       0x1  averyWeigher.o [21]
    .bss                 zero     0x2021'ccc1       0x1  averyWeigher.o [21]
    .bss                 zero     0x2021'ccc2       0x1  averyWeigher.o [21]
    .bss                 zero     0x2021'ccc3       0x1  averyWeigher.o [21]
    .bss                 zero     0x2021'ccc4       0x1  averyWeigher.o [21]
    .bss                 zero     0x2021'ccc5       0x1  averyWeigher.o [21]
    .bss                 zero     0x2021'ccc6       0x1  averyWeigher.o [21]
    .bss                 zero     0x2021'ccc7       0x1  averyWeigher.o [21]
    .bss                 zero     0x2021'ccc8       0x1  averyWeigher.o [21]
    .bss                 zero     0x2021'ccc9       0x1  averyWeigher.o [21]
    .bss                 zero     0x2021'ccca       0x1  averyWeigher.o [21]
    .bss                 zero     0x2021'cccb       0x1  cat3Audit.o [21]
    .bss                 zero     0x2021'cccc       0x1  cat3Audit.o [21]
    .bss                 zero     0x2021'cccd       0x1  developmentTools.o [13]
    .bss                 zero     0x2021'ccce       0x1  developmentTools.o [13]
    .bss                 zero     0x2021'cccf       0x1  developmentTools.o [13]
    .bss                 zero     0x2021'ccd0       0x1  dotWearTask.o [12]
    .bss                 zero     0x2021'ccd1       0x1  dvr8818.o [12]
    .bss                 zero     0x2021'ccd2       0x1  eep93C56.o [20]
    .bss                 zero     0x2021'ccd3       0x1  fsl_debug_console.o [23]
    .bss                 zero     0x2021'ccd4       0x1  fsl_edma.o [6]
    .bss                 zero     0x2021'ccd5       0x1  globalPrinterTask.o [12]
    .bss                 zero     0x2021'ccd6       0x1  globalPrinterTask.o [12]
    .bss                 zero     0x2021'ccd7       0x1  globalPrinterTask.o [12]
    .bss                 zero     0x2021'ccd8       0x1  globalPrinterTask.o [12]
    .bss                 zero     0x2021'ccd9       0x1  globalPrinterTask.o [12]
    .bss                 zero     0x2021'ccda       0x1  globalPrinterTask.o [12]
    .bss                 zero     0x2021'ccdb       0x1  globalPrinterTask.o [12]
    .bss                 zero     0x2021'ccdc       0x1  globalPrinterTask.o [12]
    .bss                 zero     0x2021'ccdd       0x1  globalPrinterTask.o [12]
    .bss                 zero     0x2021'ccde       0x1  globalPrinterTask.o [12]
    .bss                 zero     0x2021'ccdf       0x1  globalPrinterTask.o [12]
    .bss                 zero     0x2021'cce0       0x1  globalPrinterTask.o [12]
    .bss                 zero     0x2021'cce1       0x1  globalPrinterTask.o [12]
    .bss                 zero     0x2021'cce2       0x1  globalPrinterTask.o [12]
    .bss                 zero     0x2021'cce3       0x1  idleTask.o [13]
    .bss                 zero     0x2021'cce4       0x1  lp5521.o [13]
    .bss                 zero     0x2021'cce5       0x1  lp5521.o [13]
    .bss                 zero     0x2021'cce6       0x1  lp5521.o [13]
    .bss                 zero     0x2021'cce7       0x1  port.o [8]
    .bss                 zero     0x2021'cce8       0x1  printEngine.o [12]
    .bss                 zero     0x2021'cce9       0x1  printEngine.o [12]
    .bss                 zero     0x2021'ccea       0x1  printEngine.o [12]
    .bss                 zero     0x2021'cceb       0x1  printEngine.o [12]
    .bss                 zero     0x2021'ccec       0x1  printEngine.o [12]
    .bss                 zero     0x2021'cced       0x1  printEngine.o [12]
    .bss                 zero     0x2021'ccee       0x1  printEngine.o [12]
    .bss                 zero     0x2021'ccef       0x1  printEngine.o [12]
    .bss                 zero     0x2021'ccf0       0x1  printEngine.o [12]
    .bss                 zero     0x2021'ccf1       0x1  printEngine.o [12]
    .bss                 zero     0x2021'ccf2       0x1  printEngine.o [12]
    .bss                 zero     0x2021'ccf3       0x1  printEngine.o [12]
    .bss                 zero     0x2021'ccf4       0x1  printEngine.o [12]
    .bss                 zero     0x2021'ccf5       0x1  printHead.o [12]
    .bss                 zero     0x2021'ccf6       0x1  sensors.o [13]
    .bss                 zero     0x2021'ccf7       0x1  sensors.o [13]
    .bss                 zero     0x2021'ccf8       0x1  sensors.o [13]
    .bss                 zero     0x2021'ccf9       0x1  sensors.o [13]
    .bss                 zero     0x2021'ccfa       0x1  sensors.o [13]
    .bss                 zero     0x2021'ccfb       0x1  sensors.o [13]
    .bss                 zero     0x2021'ccfc       0x1  sensors.o [13]
    .bss                 zero     0x2021'ccfd       0x1  sensors.o [13]
    .bss                 zero     0x2021'ccfe       0x1  sensors.o [13]
    .bss                 zero     0x2021'ccff       0x1  sensors.o [13]
    .bss                 zero     0x2021'cd00       0x1  sensors.o [13]
    .bss                 zero     0x2021'cd01       0x1  sensors.o [13]
    .bss                 zero     0x2021'cd02       0x1  sensors.o [13]
    .bss                 zero     0x2021'cd03       0x1  takeupMotor.o [12]
    .bss                 zero     0x2021'cd04       0x1  takeupMotor.o [12]
    .bss                 zero     0x2021'cd05       0x1  takeupMotor.o [12]
    .bss                 zero     0x2021'cd06       0x1  takeupMotor.o [12]
    .bss                 zero     0x2021'cd07       0x1  takeupMotor.o [12]
    .bss                 zero     0x2021'cd08       0x1  takeupMotor.o [12]
    .bss                 zero     0x2021'cd09       0x1  takeupMotor.o [12]
    .bss                 zero     0x2021'cd0a       0x1  takeupMotor.o [12]
    .bss                 zero     0x2021'cd0b       0x1  takeupMotor.o [12]
    .bss                 zero     0x2021'cd0c       0x1  takeupMotor.o [12]
    .bss                 zero     0x2021'cd0d       0x1  threadManager.o [13]
    .bss                 zero     0x2021'cd0e       0x1  TPHMotor.o [12]
    .bss                 zero     0x2021'cd0f       0x1  TPHMotor.o [12]
    .bss                 zero     0x2021'cd10       0x1  TPHMotor.o [12]
    .bss                 zero     0x2021'cd11       0x1  TPHMotor.o [12]
    .bss                 zero     0x2021'cd12       0x1  TPHMotor.o [12]
    .bss                 zero     0x2021'cd13       0x1  TPHMotor.o [12]
    .bss                 zero     0x2021'cd14       0x1  translator.o [13]
    .bss                 zero     0x2021'cd15       0x1  translator.o [13]
    .bss                 zero     0x2021'cd16       0x1  translator.o [13]
    .bss                 zero     0x2021'cd17       0x1  usb_device_ehci.o [17]
    .bss                 zero     0x2021'cd18       0x1  usbTask.o [19]
    .bss                 zero     0x2021'cd19       0x1  usbTask.o [19]
    .bss                 zero     0x2021'cd1a       0x1  valueMax.o [20]
    .bss                 zero     0x2021'cd1b       0x1  valueMax.o [20]
                                - 0x2021'cd1c  0x1'c988

"A0":                                             0x400
  .intvec                ro code  0x6004'0000     0x400  startup_MIMXRT1024.o [22]
                                - 0x6004'0400     0x400

"P1":                                          0x3'2ed6
  Veneer                 ro code  0x6004'0400       0x8  - Linker created -
  Veneer                 ro code  0x6004'0408       0x8  - Linker created -
  Veneer                 ro code  0x6004'0410       0x8  - Linker created -
  Veneer                 ro code  0x6004'0418       0x8  - Linker created -
  Veneer                 ro code  0x6004'0420       0x8  - Linker created -
  .text                  ro code  0x6004'0428    0x47d4  translator.o [13]
  .text                  ro code  0x6004'4bfc     0x19c  fsl_debug_console.o [23]
  .text                  ro code  0x6004'4d98     0x22c  queueManager.o [13]
  .text                  ro code  0x6004'4fc4     0xea4  queue.o [7]
  .text                  ro code  0x6004'5e68     0xd28  tasks.o [7]
  .text                  ro code  0x6004'6b90     0x4e8  developmentTools.o [13]
  .text                  ro code  0x6004'7078     0x102  fsl_component_serial_manager.o [24]
  .rodata                const    0x6004'717a       0x2  commandTable.o [10]
  .text                  ro code  0x6004'717c      0xa6  ABImemcpy.o [29]
  .rodata                const    0x6004'7222       0x2  fsl_clock.o [6]
  .text                  ro code  0x6004'7224      0x66  ABImemset.o [29]
  .rodata                const    0x6004'728a       0x2  fsl_dmamux.o [6]
  .text                  ro code  0x6004'728c     0x998  fsl_str.o [23]
  .text                  ro code  0x6004'7c24     0x24c  port.o [8]
  .text                  ro code  0x6004'7e70      0x98  list.o [7]
  .text                  ro code  0x6004'7f08     0x2ac  heap_4.o [9]
  .text                  ro code  0x6004'81b4     0x530  timers.o [7]
  .text                  ro code  0x6004'86e4      0x30  fsl_component_serial_port_uart.o [24]
  .text                  ro code  0x6004'8714     0x274  I64DivMod.o [29]
  .text                  ro code  0x6004'8988      0x9e  modf.o [28]
  .rodata                const    0x6004'8a26       0x2  fsl_edma.o [6]
  .text                  ro code  0x6004'8a28     0x4e8  pow64.o [28]
  .text                  ro code  0x6004'8f10      0x66  DblToS64.o [28]
  .rodata                const    0x6004'8f76       0x2  fsl_pit.o [6]
  .text                  ro code  0x6004'8f78      0x54  S64ToDbl.o [28]
  .text                  ro code  0x6004'8fcc      0x36  strlen.o [29]
  .rodata                const    0x6004'9002       0x2  fsl_xbara.o [6]
  .text                  ro code  0x6004'9004      0x34  port.o [8]
  CODE                   ro code  0x6004'9038      0xb0  portasm.o [8]
  .text                  ro code  0x6004'90e8     0x18c  fsl_adapter_lpuart.o [25]
  .text                  ro code  0x6004'9274       0x2  I64DivZer.o [29]
  .text                  ro code  0x6004'9276       0x2  startup_MIMXRT1024.o [22]
  .text                  ro code  0x6004'9278      0x24  errno.o [27]
  .text                  ro code  0x6004'929c      0x7c  frexp.o [28]
  .text                  ro code  0x6004'9318     0x278  iar_Exp64.o [28]
  .text                  ro code  0x6004'9590     0xb7c  fsl_lpuart.o [6]
  .text                  ro code  0x6004'a10c      0x18  fsl_assert.o [23]
  .text                  ro code  0x6004'a124       0x4  tp_nothreads.o [27]
  .text                  ro code  0x6004'a128      0xf0  ldexp.o [28]
  Veneer                 ro code  0x6004'a218       0x8  - Linker created -
  Veneer                 ro code  0x6004'a220       0x8  - Linker created -
  Veneer                 ro code  0x6004'a228       0x8  - Linker created -
  Veneer                 ro code  0x6004'a230       0x8  - Linker created -
  Veneer                 ro code  0x6004'a238       0x8  - Linker created -
  Veneer                 ro code  0x6004'a240       0x8  - Linker created -
  Veneer                 ro code  0x6004'a248       0x8  - Linker created -
  Veneer                 ro code  0x6004'a250       0x8  - Linker created -
  Veneer                 ro code  0x6004'a258       0x8  - Linker created -
  Veneer                 ro code  0x6004'a260       0x8  - Linker created -
  Veneer                 ro code  0x6004'a268       0x8  - Linker created -
  Veneer                 ro code  0x6004'a270       0x8  - Linker created -
  Veneer                 ro code  0x6004'a278       0x8  - Linker created -
  Veneer                 ro code  0x6004'a280       0x8  - Linker created -
  Veneer                 ro code  0x6004'a288       0x8  - Linker created -
  Veneer                 ro code  0x6004'a290       0x8  - Linker created -
  Veneer                 ro code  0x6004'a298       0x8  - Linker created -
  Veneer                 ro code  0x6004'a2a0       0x8  - Linker created -
  Veneer                 ro code  0x6004'a2a8       0x8  - Linker created -
  Veneer                 ro code  0x6004'a2b0       0x8  - Linker created -
[...]
testEdge                0x2020'0100       0xc  Data  Lc  commandTable.o [10]
testForContinuous       0x6004'b39d      0xe8  Code  Gb  printEngine.o [12]
testForLabelOp          0x6004'b21d     0x15e  Code  Gb  printEngine.o [12]
testForLabelOp::labelFound_
                        0x2021'ccf4       0x1  Data  Lc  printEngine.o [12]
testForSyncOp           0x6004'b1d7       0xc  Code  Gb  printEngine.o [12]
testGap                 0x2020'00f4       0xc  Data  Lc  commandTable.o [10]
testOp                  0x6004'b4b1      0xbc  Code  Gb  printEngine.o [12]
testPrint_              0x2021'ccd0       0x1  Data  Lc  dotWearTask.o [12]
thermalOverloadDebounceCounter
                        0x2000'01da       0x2  Data  Lc  sensors.o [13]
tightenStock                 0x6879     0x178  Code  Gb  takeupMotor.o [12]
tightenStockIntr             0x5919     0x18a  Code  Lc  takeupMotor.o [12]
tightenStockIntr::maxDecelTUSpeed
                        0x2021'cca2       0x2  Data  Lc  takeupMotor.o [12]
tightenStockIntr::rampStep
                        0x2021'cca0       0x2  Data  Lc  takeupMotor.o [12]
tightenStockIntr::targetSpeed
                        0x2021'cc9e       0x2  Data  Lc  takeupMotor.o [12]
tightenStockIntr::tightenStockIntrStart
                        0x2020'036d       0x1  Data  Lc  takeupMotor.o [12]
tightenStockMaxTUCalIsr
                             0x5b89     0x14e  Code  Lc  takeupMotor.o [12]
tightenStockTUCalIsr         0x5aa9      0xc8  Code  Lc  takeupMotor.o [12]
tightenStockTUCalIsr::overThresholdCounter
                        0x2021'cca4       0x2  Data  Lc  takeupMotor.o [12]
tmr2Intr                0x2021'6858       0x4  Data  Gb  takeupMotor.o [12]
toggleDebugPin10uS           0x4e47      0x22  Code  Gb  takeupMotor.o [12]
torqueSensorSaturated   0x2021'cd03       0x1  Data  Lc  takeupMotor.o [12]
totalLabelsPrinted      0x2020'1da8       0x4  Data  Lc  developmentTools.o [13]
totalStepsTaken         0x2000'01ec       0x2  Data  Lc  takeupMotor.o [12]
translateFrameHdr       0x6004'077f      0x54  Code  Lc  translator.o [13]
translatePrinterMessage
                        0x6004'0631      0xa0  Code  Lc  translator.o [13]
translatePrinterMessage::msgSize
                        0x2021'b840       0x4  Data  Lc  translator.o [13]
translatePrinterMessage::prHdr
                        0x2021'b844       0xc  Data  Lc  translator.o [13]
translateWeigherMessage
                        0x6004'06d1      0xae  Code  Lc  translator.o [13]
translateWeigherMessage::msgSize
                        0x2021'b850       0x4  Data  Lc  translator.o [13]
translateWeigherMessage::wrHdr
                        0x2021'b854       0xc  Data  Lc  translator.o [13]
translatorTask          0x6004'04e5      0xe2  Code  Lc  translator.o [13]
tuControlState          0x2020'036c       0x1  Data  Lc  takeupMotor.o [12]
tuRunningAvgArray       0x2021'6840      0x10  Data  Lc  takeupMotor.o [12]
tuRunningAvgArrayIndex  0x2021'cd04       0x1  Data  Lc  takeupMotor.o [12]
tuRunningAvgNumValidReadings
                        0x2021'cc70       0x2  Data  Lc  takeupMotor.o [12]
tuRunningAvgSum         0x2021'6850       0x4  Data  Lc  takeupMotor.o [12]
tuTimeRunningAverage    0x2021'cc72       0x2  Data  Lc  takeupMotor.o [12]
tuTorqueSum             0x2021'b680       0x4  Data  Gb  takeupMotor.o [12]
uQueueSet_              0x2021'b93c       0x4  Data  Gb  usbTask.o [19]
uart1Callback           0x6005'527d      0xce  Code  Gb  averyCutter.o [12]
uartRxBfr               0x2000'12f0     0x100  Data  Gb  averyCutter.o [12]
uartTxBfr               0x2000'11f0     0x100  Data  Gb  averyCutter.o [12]
ucHeap                  0x2020'2014  0x1'4000  Data  Lc  heap_4.o [9]
ucMaxSysCallPriority    0x2021'cce7       0x1  Data  Lc  port.o [8]
ulMaxPRIGROUPValue      0x2021'6668       0x4  Data  Lc  port.o [8]
uncertainty             0x2020'0458       0x8  Data  Lc  averyWeigher.o [21]
unfilteredShootCount    0x2000'01f0       0x2  Data  Gb  takeupMotor.o [12]
updateAuditMGR          0x603d'34cf      0x5e  Code  Lc  cat3Audit.o [21]
updateDateTimeEvents    0x603d'3a8f       0xe  Code  Gb  cat3Audit.o [21]
updateHistory           0x603d'2593      0x70  Code  Lc  averyWeigher.o [21]
updateLowLabelStatus         0x2ed9     0x590  Code  Gb  printEngine.o [12]
updateNumberOfLabelsOnRoll
                             0x3539      0x5a  Code  Gb  printEngine.o [12]
updateParameters        0x603d'19c7      0x30  Code  Lc  averyWeigher.o [21]
updatePrintTimings           0x39e1      0x76  Code  Gb  printHead.o [12]
updateRollCompletionPercentage
                             0x35ad     0x102  Code  Gb  printEngine.o [12]
updateTaskHandle        0x6005'28e9      0x1a  Code  Gb  threadManager.o [13]
usbMgr                  0x2021'b950      0x80  Data  Gb  usbTask.o [19]
usbMgrConfigList        0x2020'0284       0xc  Data  Gb  usbTask.o [19]
usbTask                 0x6005'573d     0x480  Code  Gb  usbTask.o [19]
usbTask::prHdr          0x2020'036f       0x1  Data  Lc  usbTask.o [19]
usbTask::prMsgCnt       0x2021'b9d8       0x4  Data  Lc  usbTask.o [19]
usbTask::prMsgSize      0x2021'b9d0       0x4  Data  Lc  usbTask.o [19]
usbTask::wgFlag_        0x2021'cd19       0x1  Data  Lc  usbTask.o [19]
usbTask::wrHdr          0x2020'0370       0x1  Data  Lc  usbTask.o [19]
usbTask::wrMsgCnt       0x2021'b9dc       0x4  Data  Lc  usbTask.o [19]
usbTask::wrMsgSize      0x2021'b9d4       0x4  Data  Lc  usbTask.o [19]
uxCriticalNesting       0x2020'0180       0x4  Data  Lc  port.o [8]
uxCurrentNumberOfTasks  0x2021'b76c       0x4  Data  Lc  tasks.o [7]
uxDeletedTasksWaitingCleanUp
                        0x2021'b754       0x4  Data  Lc  tasks.o [7]
uxListRemove            0x6004'7ee3      0x26  Code  Gb  list.o [7]
uxQueueMessagesWaiting  0x6004'5b1b      0x2a  Code  Gb  queue.o [7]
uxQueueMessagesWaitingFromISR
                        0x6004'5b45      0x1e  Code  Gb  queue.o [7]
uxSchedulerSuspended    0x2021'b794       0x4  Data  Lc  tasks.o [7]
uxTaskNumber            0x2021'b788       0x4  Data  Lc  tasks.o [7]
uxTopReadyPriority      0x2021'b774       0x4  Data  Lc  tasks.o [7]
uxTopUsedPriority       0x2020'0194       0x4  Data  Gb  tasks.o [7]
vListInitialise         0x6004'7e71      0x1e  Code  Gb  list.o [7]
vListInitialiseItem     0x6004'7e8f       0x6  Code  Gb  list.o [7]
vListInsert             0x6004'7ead      0x36  Code  Gb  list.o [7]
vListInsertEnd          0x6004'7e95      0x18  Code  Gb  list.o [7]
vPortEnableVFP          0x6004'90cd            Code  Gb  portasm.o [8]
vPortEnterCritical      0x6004'7d57      0x3a  Code  Gb  port.o [8]
vPortExitCritical       0x6004'7d91      0x32  Code  Gb  port.o [8]
vPortFree               0x6004'804d      0x82  Code  Gb  heap_4.o [9]
vPortSetupTimerInterrupt
                        0x6004'9005      0x34  Code  Wk  port.o [8]
vPortStartFirstTask     0x6004'90ad            Code  Gb  portasm.o [8]
vPortValidateInterruptPriority
                        0x6004'7ded      0x54  Code  Gb  port.o [8]
vQueueAddToRegistry     0x6004'5d0f      0x24  Code  Gb  queue.o [7]
vQueueWaitForMessageRestricted
                        0x6004'5d39      0x4a  Code  Gb  queue.o [7]
vScopeRecordMtrEnblTime
                        0x6004'f46b       0x2  Code  Gb  virtualScope.o [12]
vScopeRecordPHStep      0x6004'f46d       0x2  Code  Gb  virtualScope.o [12]
vScopeRecordTakeUp      0x6004'f469       0x2  Code  Gb  virtualScope.o [12]
vTaskDelay              0x6004'605b      0x50  Code  Gb  tasks.o [7]
vTaskInternalSetTimeOutState
                        0x6004'656d      0x12  Code  Gb  tasks.o [7]
vTaskMissedYield        0x6004'6613       0xa  Code  Gb  tasks.o [7]
vTaskPlaceOnEventList   0x6004'6457      0x32  Code  Gb  tasks.o [7]
vTaskPlaceOnEventListRestricted
                        0x6004'64a5      0x3c  Code  Gb  tasks.o [7]
vTaskPriorityDisinheritAfterTimeout
                        0x6004'6891      0xb2  Code  Gb  tasks.o [7]
vTaskStartScheduler     0x6004'6197      0x78  Code  Gb  tasks.o [7]
vTaskSuspend            0x6004'60ab      0xec  Code  Gb  tasks.o [7]
vTaskSuspendAll         0x6004'620f       0xc  Code  Gb  tasks.o [7]
vTaskSwitchContext      0x6004'63e7      0x70  Code  Gb  tasks.o [7]
vTimerSetTimerID        0x6004'8693      0x2a  Code  Gb  timers.o [7]
validZero               0x603d'18b1      0xb2  Code  Lc  averyWeigher.o [21]
valueMaxHandleAcclMeasurement
                        0x603d'110d     0x328  Code  Gb  averyWeigher.o [21]
valueMaxHandleAcclMeasurement::buffer_filled
                        0x2021'ccc8       0x1  Data  Lc  averyWeigher.o [21]
valueMaxHandleAcclMeasurement{4}{5}::printfThrottle
                        0x2021'cc48       0x2  Data  Lc  averyWeigher.o [21]
valueMaxHandleAcclMeasurement{6}{7}{8}{9}::printfThrottle
                        0x2020'0380       0x2  Data  Lc  averyWeigher.o [21]
valueMaxQHandle         0x2021'bfb0       0x4  Data  Lc  valueMax.o [20]
valueMaxSPI3Mutex_      0x2021'bfb4       0x4  Data  Lc  valueMax.o [20]
valueMaxTask            0x6005'd7e1     0x166  Code  Lc  valueMax.o [20]
valueMaxTask{1}{2}{9}{10}{11}{12}{13}::printfThrottle
                        0x2020'0362       0x2  Data  Lc  valueMax.o [20]
valueMaxTask{1}{2}{9}{16}::printfThrottle
                        0x2020'0364       0x2  Data  Lc  valueMax.o [20]
valueMax_               0x2021'b9f8     0x580  Data  Lc  valueMax.o [20]
varGainFilterAppend     0x603d'41bf      0x1e  Code  Gb  varGainFilter.o [21]
varGainFilterInit       0x603d'4191      0x2e  Code  Gb  varGainFilter.o [21]
varGainFilterSetGain    0x603d'41dd      0x2c  Code  Gb  varGainFilter.o [21]
varGainFilterSetGainMinMax
                        0x603d'4209      0x52  Code  Gb  varGainFilter.o [21]
verifyConfiguration     0x603d'033d     0x1e4  Code  Lc  averyWeigher.o [21]
verifyPrConfiguration   0x6005'0fe5     0x2a6  Code  Lc  globalPrinterTask.o [12]
vmEEPPageBuffer         0x2020'0290      0x10  Data  Lc  valueMax.o [20]
vmSPIConfigState        0x2021'cd1b       0x1  Data  Lc  valueMax.o [20]
vmSpiHandle_            0x2021'bf78      0x38  Data  Lc  valueMax.o [20]
vmTaskHandle            0x2021'b9e0       0x4  Data  Lc  valueMax.o [20]
wQueueSet_              0x2020'0488       0x4  Data  Lc  averyWeigher.o [21]
waitClean_              0x6006'dc40       0x4  Data  Lc  commandTable.o [10]
waitCut_                0x6006'dc3c       0x4  Data  Lc  commandTable.o [10]
waitForCompletion       0x6005'7be9      0x34  Code  Lc  w25x10cl.o [13]
waitForLabelTaken       0x2020'0369       0x1  Data  Lc  globalPrinterTask.o [12]
waitOp                       0x1eb1      0xa6  Code  Gb  printEngine.o [12]
waitOp::waitCount_      0x2021'6720       0x4  Data  Lc  printEngine.o [12]
waitUntilOp                  0x1f57      0x2c  Code  Gb  printEngine.o [12]
waitUntilSizingOp       0x6004'b48d      0x12  Code  Gb  printEngine.o [12]
wakeupMotor             0x6005'35c7      0x20  Code  Gb  dvr8818.o [12]
weigherCountsStartStop  0x603d'0fb9      0x14  Code  Gb  averyWeigher.o [21]
weigherMode_            0x2020'0390       0x1  Data  Lc  averyWeigher.o [21]
weigherPowerUp          0x2020'0391       0x1  Data  Gb  averyWeigher.o [21]
weigherSwM              0x603f'fff3       0x1  Data  Gb  vendor.o [13]
weigherSwe              0x603f'fff5       0x1  Data  Gb  vendor.o [13]
weigherSwm              0x603f'fff4       0x1  Data  Gb  vendor.o [13]
weight_                 0x2020'0514       0x4  Data  Lc  averyWeigher.o [21]
wfbMutex_               0x2021'bfbc       0x4  Data  Lc  w25x10cl.o [13]
wgVersion_              0x2020'04c0      0x10  Data  Lc  averyWeigher.o [21]
wrRcvUsbBfr             0x2000'00c8      0x4c  Data  Gb  translator.o [13]
write93C56MultiWord     0x603d'4631      0x64  Code  Gb  eep93C56.o [20]
write93C56Word          0x603d'4695     0x148  Code  Lc  eep93C56.o [20]
writeAuditMGR           0x603d'352d      0x32  Code  Lc  cat3Audit.o [21]
writeCS5530             0x603d'2e05      0x3c  Code  Lc  cs5530.o [21]
writeFitCalibrationAll  0x6005'de19      0x1c  Code  Lc  valueMax.o [20]
writeFlashByte          0x6005'7c1d      0x74  Code  Lc  w25x10cl.o [13]
writePrintheadFrame     0x6004'c0a1      0x44  Code  Gb  printEngine.o [12]
writeRegister           0x6005'3fe1      0x98  Code  Lc  lp5521.o [13]
writeSCA3300            0x6005'e60f      0x9a  Code  Lc  sca3300Accel.o [20]
writeSCA3300{5}{6}::printfThrottle
                        0x2020'035c       0x2  Data  Lc  sca3300Accel.o [20]
writeSerialAuditRcd     0x603d'3cfb      0x34  Code  Lc  cat3Audit.o [21]
writeSerialFlash        0x6005'7173     0x15a  Code  Gb  w25x10cl.o [13]
writeSerialFlashNE      0x6005'72cd      0xde  Code  Gb  w25x10cl.o [13]
writeVmAssemblyNumber   0x6005'dd51      0x32  Code  Lc  valueMax.o [20]
writeVmDate             0x6005'dde7      0x32  Code  Lc  valueMax.o [20]
writeVmSerialNumber     0x6005'ddb5      0x32  Code  Lc  valueMax.o [20]
writeVmVersion          0x6005'dd83      0x32  Code  Lc  valueMax.o [20]
x                       0x2021'6044     0x200  Data  Lc  lp5521.o [13]
xActiveTimerList1       0x2021'b7b4      0x14  Data  Lc  timers.o [7]
xActiveTimerList2       0x2021'b7c8      0x14  Data  Lc  timers.o [7]
xBlockAllocatedBit      0x2021'6030       0x4  Data  Lc  heap_4.o [9]
xDelayedTaskList1       0x2021'b6fc      0x14  Data  Lc  tasks.o [7]
xDelayedTaskList2       0x2021'b710      0x14  Data  Lc  tasks.o [7]
xFreeBytesRemaining     0x2021'6020       0x4  Data  Lc  heap_4.o [9]
xHeapStructSize         0x6006'dc88       0x4  Data  Lc  heap_4.o [9]
xIdleTaskHandle         0x2021'b790       0x4  Data  Lc  tasks.o [7]
xMinimumEverFreeBytesRemaining
                        0x2021'6024       0x4  Data  Lc  heap_4.o [9]
xMutex_                 0x2021'6810       0x4  Data  Lc  systemTimer.o [13]
xNextTaskUnblockTime    0x2021'b78c       0x4  Data  Lc  tasks.o [7]
xNumOfOverflows         0x2021'b784       0x4  Data  Lc  tasks.o [7]
xNumberOfSuccessfulAllocations
                        0x2021'6028       0x4  Data  Lc  heap_4.o [9]
xNumberOfSuccessfulFrees
                        0x2021'602c       0x4  Data  Lc  heap_4.o [9]
xPendedTicks            0x2021'b77c       0x4  Data  Lc  tasks.o [7]
xPendingReadyList       0x2021'b72c      0x14  Data  Lc  tasks.o [7]
xPortGetFreeHeapSize    0x6004'80cf       0x6  Code  Gb  heap_4.o [9]
xPortStartScheduler     0x6004'7c7d      0xda  Code  Gb  port.o [8]
xQueueAddToSet          0x6004'5d8f      0x2a  Code  Gb  queue.o [7]
xQueueCreateMutex       0x6004'512f      0x1a  Code  Gb  queue.o [7]
xQueueCreateSet         0x6004'5d83       0xc  Code  Gb  queue.o [7]
xQueueGenericCreate     0x6004'505b      0x90  Code  Gb  queue.o [7]
xQueueGenericReset      0x6004'4fc5      0x96  Code  Gb  queue.o [7]
xQueueGenericSend       0x6004'51d5     0x1d4  Code  Gb  queue.o [7]
xQueueGenericSendFromISR
                        0x6004'53a9     0x12c  Code  Gb  queue.o [7]
xQueueGiveFromISR       0x6004'54d5      0xf8  Code  Gb  queue.o [7]
xQueueGiveMutexRecursive
                        0x6004'5149      0x46  Code  Gb  queue.o [7]
xQueueIsQueueFullFromISR
                        0x6004'5ce5      0x2a  Code  Gb  queue.o [7]
xQueuePeek              0x6004'58dd     0x168  Code  Gb  queue.o [7]
xQueueReceive           0x6004'55cd     0x168  Code  Gb  queue.o [7]
xQueueReceiveFromISR    0x6004'5a49      0xd2  Code  Gb  queue.o [7]
xQueueRegistry          0x2021'672c      0x40  Data  Gb  queue.o [7]
xQueueSelectFromSet     0x6004'5db9      0x12  Code  Gb  queue.o [7]
xQueueSemaphoreTake     0x6004'5735     0x1a8  Code  Gb  queue.o [7]
xQueueTakeMutexRecursive
                        0x6004'518f      0x46  Code  Gb  queue.o [7]
xSchedulerRunning       0x2021'b778       0x4  Data  Lc  tasks.o [7]
xStart                  0x2021'6014       0x8  Data  Lc  heap_4.o [9]
xSuspendedTaskList      0x2021'b758      0x14  Data  Lc  tasks.o [7]
xTaskCheckForTimeOut    0x6004'6585      0x8e  Code  Gb  tasks.o [7]
xTaskCreate             0x6004'5e69      0x6c  Code  Gb  tasks.o [7]
xTaskGenericNotifyFromISR
                        0x6004'6965     0x16c  Code  Gb  tasks.o [7]
xTaskGetCurrentTaskHandle
                        0x6004'6711       0x8  Code  Gb  tasks.o [7]
xTaskGetSchedulerState  0x6004'6721      0x20  Code  Gb  tasks.o [7]
xTaskGetTickCount       0x6004'62ff       0x8  Code  Gb  tasks.o [7]
xTaskIncrementTick      0x6004'6307      0xe0  Code  Gb  tasks.o [7]
xTaskPriorityDisinherit
                        0x6004'67d7      0xa6  Code  Gb  tasks.o [7]
xTaskPriorityInherit    0x6004'6741      0x96  Code  Gb  tasks.o [7]
xTaskRemoveFromEventList
                        0x6004'64e1      0x84  Code  Gb  tasks.o [7]
xTaskResumeAll          0x6004'621b      0xe4  Code  Gb  tasks.o [7]
xTasksWaitingTermination
                        0x2021'b740      0x14  Data  Lc  tasks.o [7]
xTickCount              0x2021'b770       0x4  Data  Lc  tasks.o [7]
xTimerCreate            0x6004'8201      0x36  Code  Gb  timers.o [7]
xTimerCreateTimerTask   0x6004'81b5      0x4c  Code  Gb  timers.o [7]
xTimerGenericCommand    0x6004'828f      0x68  Code  Gb  timers.o [7]
xTimerQueue             0x2021'b7e4       0x4  Data  Lc  timers.o [7]
xTimerTaskHandle        0x2021'b7e8       0x4  Data  Lc  timers.o [7]
xYieldPending           0x2021'b780       0x4  Data  Lc  tasks.o [7]
y                       0x2021'6244     0x200  Data  Lc  lp5521.o [13]
z                       0x2021'6444     0x200  Data  Lc  lp5521.o [13]
zeroCenter              0x2020'0524       0x4  Data  Gb  averyWeigher.o [21]


[1] = C:\Users\chris.king\Source\GlobalScaleRT1024\Release\Obj\MIMXRT1024\device
[2] = C:\Users\chris.king\Source\GlobalScaleRT1024\Release\Obj\board
[3] = C:\Users\chris.king\Source\GlobalScaleRT1024\Release\Obj\components\exceptions
[4] = C:\Users\chris.king\Source\GlobalScaleRT1024\Release\Obj\components\list
[5] = C:\Users\chris.king\Source\GlobalScaleRT1024\Release\Obj\components\osa
[6] = C:\Users\chris.king\Source\GlobalScaleRT1024\Release\Obj\drivers
[7] = C:\Users\chris.king\Source\GlobalScaleRT1024\Release\Obj\freertos\freertos_kernel
[8] = C:\Users\chris.king\Source\GlobalScaleRT1024\Release\Obj\freertos\freertos_kernel\portable\IAR\ARM_CM4F
[9] = C:\Users\chris.king\Source\GlobalScaleRT1024\Release\Obj\freertos\freertos_kernel\portable\MemMang
[10] = C:\Users\chris.king\Source\GlobalScaleRT1024\Release\Obj\include
[11] = C:\Users\chris.king\Source\GlobalScaleRT1024\Release\Obj\source
[12] = C:\Users\chris.king\Source\GlobalScaleRT1024\Release\Obj\source\printer
[13] = C:\Users\chris.king\Source\GlobalScaleRT1024\Release\Obj\source\system
[14] = C:\Users\chris.king\Source\GlobalScaleRT1024\Release\Obj\source\usb\device\class
[15] = C:\Users\chris.king\Source\GlobalScaleRT1024\Release\Obj\source\usb\device\source
[16] = C:\Users\chris.king\Source\GlobalScaleRT1024\Release\Obj\source\usb\device\source\dci
[17] = C:\Users\chris.king\Source\GlobalScaleRT1024\Release\Obj\source\usb\device\source\ehci
[18] = C:\Users\chris.king\Source\GlobalScaleRT1024\Release\Obj\source\usb\phy
[19] = C:\Users\chris.king\Source\GlobalScaleRT1024\Release\Obj\source\usb\source
[20] = C:\Users\chris.king\Source\GlobalScaleRT1024\Release\Obj\source\valueMax
[21] = C:\Users\chris.king\Source\GlobalScaleRT1024\Release\Obj\source\weigher
[22] = C:\Users\chris.king\Source\GlobalScaleRT1024\Release\Obj\startup
[23] = C:\Users\chris.king\Source\GlobalScaleRT1024\Release\Obj\utilities
[24] = C:\Users\chris.king\Source\GlobalScaleRT1024\Release\Obj\utilities\common
[25] = C:\Users\chris.king\Source\GlobalScaleRT1024\Release\Obj\utilities\common\uart
[26] = C:\Users\chris.king\Source\GlobalScaleRT1024\Release\Obj\xip
[27] = dl7M_tln.a
[28] = m7M_tlv.a
[29] = rt7M_tl.a
[30] = shb_l.a

  151'778 bytes of readonly  code memory
   30'100 bytes of readwrite code memory
   84'034 bytes of readonly  data memory
  181'400 bytes of readwrite data memory

Errors: none
Warnings: none
