###############################################################################
#
# IAR ELF Linker V9.30.1.335/W64 for ARM                  12/Jan/2023  08:40:42
# Copyright 2007-2022 IAR Systems AB.
#
#    Output file  =
#        D:\peripherals\service-scale\GlobalScaleRT1024-RockBoardBringup-IAR-9.30\Debug\Exe\globalScaleRT1024.out
#    Map file     =
#        D:\peripherals\service-scale\GlobalScaleRT1024-RockBoardBringup-IAR-9.30\Debug\List\globalScaleRT1024.map
#    Command line =
#        -f
#        D:\peripherals\service-scale\GlobalScaleRT1024-RockBoardBringup-IAR-9.30\Debug\Exe\globalScaleRT1024.out.rsp
#        (D:\peripherals\service-scale\GlobalScaleRT1024-RockBoardBringup-IAR-9.30\Debug\Obj\source\printer\averyCutter.o
#        D:\peripherals\service-scale\GlobalScaleRT1024-RockBoardBringup-IAR-9.30\Debug\Obj\source\weigher\averyWeigher.o
#        D:\peripherals\service-scale\GlobalScaleRT1024-RockBoardBringup-IAR-9.30\Debug\Obj\board\board.o
#        D:\peripherals\service-scale\GlobalScaleRT1024-RockBoardBringup-IAR-9.30\Debug\Obj\source\weigher\boxcarFilter.o
#        D:\peripherals\service-scale\GlobalScaleRT1024-RockBoardBringup-IAR-9.30\Debug\Obj\source\weigher\boxcarFilterF.o
#        D:\peripherals\service-scale\GlobalScaleRT1024-RockBoardBringup-IAR-9.30\Debug\Obj\source\weigher\cat3Audit.o
#        D:\peripherals\service-scale\GlobalScaleRT1024-RockBoardBringup-IAR-9.30\Debug\Obj\board\clock_config.o
#        D:\peripherals\service-scale\GlobalScaleRT1024-RockBoardBringup-IAR-9.30\Debug\Obj\source\printer\commandTable.o
#        D:\peripherals\service-scale\GlobalScaleRT1024-RockBoardBringup-IAR-9.30\Debug\Obj\freertos\freertos_kernel\croutine.o
#        D:\peripherals\service-scale\GlobalScaleRT1024-RockBoardBringup-IAR-9.30\Debug\Obj\source\system\cs5530.o
#        D:\peripherals\service-scale\GlobalScaleRT1024-RockBoardBringup-IAR-9.30\Debug\Obj\board\dcd.o
#        D:\peripherals\service-scale\GlobalScaleRT1024-RockBoardBringup-IAR-9.30\Debug\Obj\source\printer\dotWearTask.o
#        D:\peripherals\service-scale\GlobalScaleRT1024-RockBoardBringup-IAR-9.30\Debug\Obj\source\printer\drawingPrimitives.o
#        D:\peripherals\service-scale\GlobalScaleRT1024-RockBoardBringup-IAR-9.30\Debug\Obj\source\printer\dvr8818.o
#        D:\peripherals\service-scale\GlobalScaleRT1024-RockBoardBringup-IAR-9.30\Debug\Obj\source\weigher\edgeDetection.o
#        D:\peripherals\service-scale\GlobalScaleRT1024-RockBoardBringup-IAR-9.30\Debug\Obj\freertos\freertos_kernel\event_groups.o
#        D:\peripherals\service-scale\GlobalScaleRT1024-RockBoardBringup-IAR-9.30\Debug\Obj\xip\evkmimxrt1024_flexspi_nor_config.o
#        D:\peripherals\service-scale\GlobalScaleRT1024-RockBoardBringup-IAR-9.30\Debug\Obj\source\weigher\filter.o
#        D:\peripherals\service-scale\GlobalScaleRT1024-RockBoardBringup-IAR-9.30\Debug\Obj\source\weigher\firFilter.o
#        D:\peripherals\service-scale\GlobalScaleRT1024-RockBoardBringup-IAR-9.30\Debug\Obj\utilities\common\uart\fsl_adapter_lpuart.o
#        D:\peripherals\service-scale\GlobalScaleRT1024-RockBoardBringup-IAR-9.30\Debug\Obj\drivers\fsl_adc.o
#        D:\peripherals\service-scale\GlobalScaleRT1024-RockBoardBringup-IAR-9.30\Debug\Obj\drivers\fsl_adc_etc.o
#        D:\peripherals\service-scale\GlobalScaleRT1024-RockBoardBringup-IAR-9.30\Debug\Obj\drivers\fsl_aipstz.o
#        D:\peripherals\service-scale\GlobalScaleRT1024-RockBoardBringup-IAR-9.30\Debug\Obj\drivers\fsl_aoi.o
#        D:\peripherals\service-scale\GlobalScaleRT1024-RockBoardBringup-IAR-9.30\Debug\Obj\utilities\fsl_assert.o
#        D:\peripherals\service-scale\GlobalScaleRT1024-RockBoardBringup-IAR-9.30\Debug\Obj\drivers\fsl_bee.o
#        D:\peripherals\service-scale\GlobalScaleRT1024-RockBoardBringup-IAR-9.30\Debug\Obj\drivers\fsl_cache.o
#        D:\peripherals\service-scale\GlobalScaleRT1024-RockBoardBringup-IAR-9.30\Debug\Obj\drivers\fsl_clock.o
#        D:\peripherals\service-scale\GlobalScaleRT1024-RockBoardBringup-IAR-9.30\Debug\Obj\drivers\fsl_cmp.o
#        D:\peripherals\service-scale\GlobalScaleRT1024-RockBoardBringup-IAR-9.30\Debug\Obj\drivers\fsl_common.o
#        D:\peripherals\service-scale\GlobalScaleRT1024-RockBoardBringup-IAR-9.30\Debug\Obj\drivers\fsl_common_arm.o
#        D:\peripherals\service-scale\GlobalScaleRT1024-RockBoardBringup-IAR-9.30\Debug\Obj\components\exceptions\fsl_component_exception_handling.o
#        D:\peripherals\service-scale\GlobalScaleRT1024-RockBoardBringup-IAR-9.30\Debug\Obj\components\list\fsl_component_generic_list.o
#        D:\peripherals\service-scale\GlobalScaleRT1024-RockBoardBringup-IAR-9.30\Debug\Obj\utilities\common\fsl_component_serial_manager.o
#        D:\peripherals\service-scale\GlobalScaleRT1024-RockBoardBringup-IAR-9.30\Debug\Obj\utilities\common\fsl_component_serial_port_uart.o
#        D:\peripherals\service-scale\GlobalScaleRT1024-RockBoardBringup-IAR-9.30\Debug\Obj\drivers\fsl_dcdc.o
#        D:\peripherals\service-scale\GlobalScaleRT1024-RockBoardBringup-IAR-9.30\Debug\Obj\drivers\fsl_dcp.o
#        D:\peripherals\service-scale\GlobalScaleRT1024-RockBoardBringup-IAR-9.30\Debug\Obj\utilities\fsl_debug_console.o
#        D:\peripherals\service-scale\GlobalScaleRT1024-RockBoardBringup-IAR-9.30\Debug\Obj\drivers\fsl_dmamux.o
#        D:\peripherals\service-scale\GlobalScaleRT1024-RockBoardBringup-IAR-9.30\Debug\Obj\drivers\fsl_edma.o
#        D:\peripherals\service-scale\GlobalScaleRT1024-RockBoardBringup-IAR-9.30\Debug\Obj\drivers\fsl_enc.o
#        D:\peripherals\service-scale\GlobalScaleRT1024-RockBoardBringup-IAR-9.30\Debug\Obj\drivers\fsl_enet.o
#        D:\peripherals\service-scale\GlobalScaleRT1024-RockBoardBringup-IAR-9.30\Debug\Obj\drivers\fsl_ewm.o
#        D:\peripherals\service-scale\GlobalScaleRT1024-RockBoardBringup-IAR-9.30\Debug\Obj\drivers\fsl_flexcan.o
#        D:\peripherals\service-scale\GlobalScaleRT1024-RockBoardBringup-IAR-9.30\Debug\Obj\drivers\fsl_flexio.o
#        D:\peripherals\service-scale\GlobalScaleRT1024-RockBoardBringup-IAR-9.30\Debug\Obj\drivers\fsl_flexio_camera.o
#        D:\peripherals\service-scale\GlobalScaleRT1024-RockBoardBringup-IAR-9.30\Debug\Obj\drivers\fsl_flexio_camera_edma.o
#        D:\peripherals\service-scale\GlobalScaleRT1024-RockBoardBringup-IAR-9.30\Debug\Obj\drivers\fsl_flexio_i2c_master.o
#        D:\peripherals\service-scale\GlobalScaleRT1024-RockBoardBringup-IAR-9.30\Debug\Obj\drivers\fsl_flexio_i2s.o
#        D:\peripherals\service-scale\GlobalScaleRT1024-RockBoardBringup-IAR-9.30\Debug\Obj\drivers\fsl_flexio_i2s_edma.o
#        D:\peripherals\service-scale\GlobalScaleRT1024-RockBoardBringup-IAR-9.30\Debug\Obj\drivers\fsl_flexio_mculcd.o
#        D:\peripherals\service-scale\GlobalScaleRT1024-RockBoardBringup-IAR-9.30\Debug\Obj\drivers\fsl_flexio_mculcd_edma.o
#        D:\peripherals\service-scale\GlobalScaleRT1024-RockBoardBringup-IAR-9.30\Debug\Obj\drivers\fsl_flexio_spi.o
#        D:\peripherals\service-scale\GlobalScaleRT1024-RockBoardBringup-IAR-9.30\Debug\Obj\drivers\fsl_flexio_spi_edma.o
#        D:\peripherals\service-scale\GlobalScaleRT1024-RockBoardBringup-IAR-9.30\Debug\Obj\drivers\fsl_flexio_uart.o
#        D:\peripherals\service-scale\GlobalScaleRT1024-RockBoardBringup-IAR-9.30\Debug\Obj\drivers\fsl_flexio_uart_edma.o
#        D:\peripherals\service-scale\GlobalScaleRT1024-RockBoardBringup-IAR-9.30\Debug\Obj\drivers\fsl_flexram.o
#        D:\peripherals\service-scale\GlobalScaleRT1024-RockBoardBringup-IAR-9.30\Debug\Obj\drivers\fsl_flexram_allocate.o
#        D:\peripherals\service-scale\GlobalScaleRT1024-RockBoardBringup-IAR-9.30\Debug\Obj\drivers\fsl_flexspi.o
#        D:\peripherals\service-scale\GlobalScaleRT1024-RockBoardBringup-IAR-9.30\Debug\Obj\drivers\fsl_flexspi_edma.o
#        D:\peripherals\service-scale\GlobalScaleRT1024-RockBoardBringup-IAR-9.30\Debug\Obj\xip\fsl_flexspi_nor_boot.o
#        D:\peripherals\service-scale\GlobalScaleRT1024-RockBoardBringup-IAR-9.30\Debug\Obj\drivers\fsl_gpc.o
#        D:\peripherals\service-scale\GlobalScaleRT1024-RockBoardBringup-IAR-9.30\Debug\Obj\drivers\fsl_gpio.o
#        D:\peripherals\service-scale\GlobalScaleRT1024-RockBoardBringup-IAR-9.30\Debug\Obj\drivers\fsl_gpt.o
#        D:\peripherals\service-scale\GlobalScaleRT1024-RockBoardBringup-IAR-9.30\Debug\Obj\drivers\fsl_kpp.o
#        D:\peripherals\service-scale\GlobalScaleRT1024-RockBoardBringup-IAR-9.30\Debug\Obj\drivers\fsl_lpi2c.o
#        D:\peripherals\service-scale\GlobalScaleRT1024-RockBoardBringup-IAR-9.30\Debug\Obj\drivers\fsl_lpi2c_edma.o
#        D:\peripherals\service-scale\GlobalScaleRT1024-RockBoardBringup-IAR-9.30\Debug\Obj\drivers\fsl_lpi2c_freertos.o
#        D:\peripherals\service-scale\GlobalScaleRT1024-RockBoardBringup-IAR-9.30\Debug\Obj\drivers\fsl_lpspi.o
#        D:\peripherals\service-scale\GlobalScaleRT1024-RockBoardBringup-IAR-9.30\Debug\Obj\drivers\fsl_lpspi_edma.o
#        D:\peripherals\service-scale\GlobalScaleRT1024-RockBoardBringup-IAR-9.30\Debug\Obj\drivers\fsl_lpspi_freertos.o
#        D:\peripherals\service-scale\GlobalScaleRT1024-RockBoardBringup-IAR-9.30\Debug\Obj\drivers\fsl_lpuart.o
#        D:\peripherals\service-scale\GlobalScaleRT1024-RockBoardBringup-IAR-9.30\Debug\Obj\drivers\fsl_lpuart_edma.o
#        D:\peripherals\service-scale\GlobalScaleRT1024-RockBoardBringup-IAR-9.30\Debug\Obj\drivers\fsl_lpuart_freertos.o
#        D:\peripherals\service-scale\GlobalScaleRT1024-RockBoardBringup-IAR-9.30\Debug\Obj\drivers\fsl_ocotp.o
#        D:\peripherals\service-scale\GlobalScaleRT1024-RockBoardBringup-IAR-9.30\Debug\Obj\components\osa\fsl_os_abstraction_free_rtos.o
#        D:\peripherals\service-scale\GlobalScaleRT1024-RockBoardBringup-IAR-9.30\Debug\Obj\drivers\fsl_pit.o
#        D:\peripherals\service-scale\GlobalScaleRT1024-RockBoardBringup-IAR-9.30\Debug\Obj\drivers\fsl_pmu.o
#        D:\peripherals\service-scale\GlobalScaleRT1024-RockBoardBringup-IAR-9.30\Debug\Obj\drivers\fsl_pwm.o
#        D:\peripherals\service-scale\GlobalScaleRT1024-RockBoardBringup-IAR-9.30\Debug\Obj\drivers\fsl_qtmr.o
#        D:\peripherals\service-scale\GlobalScaleRT1024-RockBoardBringup-IAR-9.30\Debug\Obj\drivers\fsl_romapi.o
#        D:\peripherals\service-scale\GlobalScaleRT1024-RockBoardBringup-IAR-9.30\Debug\Obj\drivers\fsl_rtwdog.o
#        D:\peripherals\service-scale\GlobalScaleRT1024-RockBoardBringup-IAR-9.30\Debug\Obj\drivers\fsl_sai.o
#        D:\peripherals\service-scale\GlobalScaleRT1024-RockBoardBringup-IAR-9.30\Debug\Obj\drivers\fsl_sai_edma.o
#        D:\peripherals\service-scale\GlobalScaleRT1024-RockBoardBringup-IAR-9.30\Debug\Obj\drivers\fsl_semc.o
#        D:\peripherals\service-scale\GlobalScaleRT1024-RockBoardBringup-IAR-9.30\Debug\Obj\drivers\fsl_snvs_hp.o
#        D:\peripherals\service-scale\GlobalScaleRT1024-RockBoardBringup-IAR-9.30\Debug\Obj\drivers\fsl_snvs_lp.o
#        D:\peripherals\service-scale\GlobalScaleRT1024-RockBoardBringup-IAR-9.30\Debug\Obj\drivers\fsl_spdif.o
#        D:\peripherals\service-scale\GlobalScaleRT1024-RockBoardBringup-IAR-9.30\Debug\Obj\drivers\fsl_spdif_edma.o
#        D:\peripherals\service-scale\GlobalScaleRT1024-RockBoardBringup-IAR-9.30\Debug\Obj\drivers\fsl_src.o
#        D:\peripherals\service-scale\GlobalScaleRT1024-RockBoardBringup-IAR-9.30\Debug\Obj\utilities\fsl_str.o
#        D:\peripherals\service-scale\GlobalScaleRT1024-RockBoardBringup-IAR-9.30\Debug\Obj\drivers\fsl_tempmon.o
#        D:\peripherals\service-scale\GlobalScaleRT1024-RockBoardBringup-IAR-9.30\Debug\Obj\drivers\fsl_trng.o
#        D:\peripherals\service-scale\GlobalScaleRT1024-RockBoardBringup-IAR-9.30\Debug\Obj\drivers\fsl_usdhc.o
#        D:\peripherals\service-scale\GlobalScaleRT1024-RockBoardBringup-IAR-9.30\Debug\Obj\drivers\fsl_wdog.o
#        D:\peripherals\service-scale\GlobalScaleRT1024-RockBoardBringup-IAR-9.30\Debug\Obj\drivers\fsl_xbara.o
#        D:\peripherals\service-scale\GlobalScaleRT1024-RockBoardBringup-IAR-9.30\Debug\Obj\drivers\fsl_xbarb.o
#        D:\peripherals\service-scale\GlobalScaleRT1024-RockBoardBringup-IAR-9.30\Debug\Obj\source\printer\globalPrinterTask.o
#        D:\peripherals\service-scale\GlobalScaleRT1024-RockBoardBringup-IAR-9.30\Debug\Obj\source\globalScale.o
#        D:\peripherals\service-scale\GlobalScaleRT1024-RockBoardBringup-IAR-9.30\Debug\Obj\freertos\freertos_kernel\portable\MemMang\heap_4.o
#        D:\peripherals\service-scale\GlobalScaleRT1024-RockBoardBringup-IAR-9.30\Debug\Obj\source\system\idleTask.o
#        D:\peripherals\service-scale\GlobalScaleRT1024-RockBoardBringup-IAR-9.30\Debug\Obj\freertos\freertos_kernel\list.o
#        D:\peripherals\service-scale\GlobalScaleRT1024-RockBoardBringup-IAR-9.30\Debug\Obj\source\system\lp5521.o
#        D:\peripherals\service-scale\GlobalScaleRT1024-RockBoardBringup-IAR-9.30\Debug\Obj\board\pin_mux.o
#        D:\peripherals\service-scale\GlobalScaleRT1024-RockBoardBringup-IAR-9.30\Debug\Obj\freertos\freertos_kernel\portable\IAR\ARM_CM4F\port.o
#        D:\peripherals\service-scale\GlobalScaleRT1024-RockBoardBringup-IAR-9.30\Debug\Obj\freertos\freertos_kernel\portable\IAR\ARM_CM4F\portasm.o
#        D:\peripherals\service-scale\GlobalScaleRT1024-RockBoardBringup-IAR-9.30\Debug\Obj\source\printer\printEngine.o
#        D:\peripherals\service-scale\GlobalScaleRT1024-RockBoardBringup-IAR-9.30\Debug\Obj\source\printer\printHead.o
#        D:\peripherals\service-scale\GlobalScaleRT1024-RockBoardBringup-IAR-9.30\Debug\Obj\freertos\freertos_kernel\queue.o
#        D:\peripherals\service-scale\GlobalScaleRT1024-RockBoardBringup-IAR-9.30\Debug\Obj\source\system\queueManager.o
#        D:\peripherals\service-scale\GlobalScaleRT1024-RockBoardBringup-IAR-9.30\Debug\Obj\source\system\sca3300.o
#        D:\peripherals\service-scale\GlobalScaleRT1024-RockBoardBringup-IAR-9.30\Debug\Obj\source\system\sensors.o
#        D:\peripherals\service-scale\GlobalScaleRT1024-RockBoardBringup-IAR-9.30\Debug\Obj\source\system\serialFlash.o
#        D:\peripherals\service-scale\GlobalScaleRT1024-RockBoardBringup-IAR-9.30\Debug\Obj\startup\startup_MIMXRT1024.o
#        D:\peripherals\service-scale\GlobalScaleRT1024-RockBoardBringup-IAR-9.30\Debug\Obj\freertos\freertos_kernel\stream_buffer.o
#        D:\peripherals\service-scale\GlobalScaleRT1024-RockBoardBringup-IAR-9.30\Debug\Obj\MIMXRT1024\device\system_MIMXRT1024.o
#        D:\peripherals\service-scale\GlobalScaleRT1024-RockBoardBringup-IAR-9.30\Debug\Obj\source\system\systemTimer.o
#        D:\peripherals\service-scale\GlobalScaleRT1024-RockBoardBringup-IAR-9.30\Debug\Obj\freertos\freertos_kernel\tasks.o
#        D:\peripherals\service-scale\GlobalScaleRT1024-RockBoardBringup-IAR-9.30\Debug\Obj\testLabel.o
#        D:\peripherals\service-scale\GlobalScaleRT1024-RockBoardBringup-IAR-9.30\Debug\Obj\source\system\threadManager.o
#        D:\peripherals\service-scale\GlobalScaleRT1024-RockBoardBringup-IAR-9.30\Debug\Obj\freertos\freertos_kernel\timers.o
#        D:\peripherals\service-scale\GlobalScaleRT1024-RockBoardBringup-IAR-9.30\Debug\Obj\source\system\translator.o
#        D:\peripherals\service-scale\GlobalScaleRT1024-RockBoardBringup-IAR-9.30\Debug\Obj\source\system\unitTests.o
#        D:\peripherals\service-scale\GlobalScaleRT1024-RockBoardBringup-IAR-9.30\Debug\Obj\source\usb\device\source\usb_device_ch9.o
#        D:\peripherals\service-scale\GlobalScaleRT1024-RockBoardBringup-IAR-9.30\Debug\Obj\source\usb\device\class\usb_device_class.o
#        D:\peripherals\service-scale\GlobalScaleRT1024-RockBoardBringup-IAR-9.30\Debug\Obj\source\usb\device\source\dci\usb_device_dci.o
#        D:\peripherals\service-scale\GlobalScaleRT1024-RockBoardBringup-IAR-9.30\Debug\Obj\source\usb\source\usb_device_descriptor.o
#        D:\peripherals\service-scale\GlobalScaleRT1024-RockBoardBringup-IAR-9.30\Debug\Obj\source\usb\device\source\ehci\usb_device_ehci.o
#        D:\peripherals\service-scale\GlobalScaleRT1024-RockBoardBringup-IAR-9.30\Debug\Obj\source\usb\source\usb_device_printer.o
#        D:\peripherals\service-scale\GlobalScaleRT1024-RockBoardBringup-IAR-9.30\Debug\Obj\source\usb\phy\usb_phy.o
#        D:\peripherals\service-scale\GlobalScaleRT1024-RockBoardBringup-IAR-9.30\Debug\Obj\source\usb\usbTask.o
#        D:\peripherals\service-scale\GlobalScaleRT1024-RockBoardBringup-IAR-9.30\Debug\Obj\source\weigher\varGainFilter.o
#        D:\peripherals\service-scale\GlobalScaleRT1024-RockBoardBringup-IAR-9.30\Debug\Obj\source\system\vendor.o
#        D:\peripherals\service-scale\GlobalScaleRT1024-RockBoardBringup-IAR-9.30\Debug\Obj\source\system\w25x10cl.o
#        --no_out_extension -o
#        D:\peripherals\service-scale\GlobalScaleRT1024-RockBoardBringup-IAR-9.30\Debug\Exe\globalScaleRT1024.out
#        --redirect _Printf=_PrintfSmallNoMb --redirect _Scanf=_ScanfSmallNoMb
#        --map
#        D:\peripherals\service-scale\GlobalScaleRT1024-RockBoardBringup-IAR-9.30\Debug\List\globalScaleRT1024.map
#        --config
#        D:\peripherals\service-scale\GlobalScaleRT1024-FrameWork-USB\MIMXRT1024\linker\MIMXRT1024xxxxx_flexspi_nor.icf
#        --semihosting --entry __iar_program_start --vfe --text_out locale
#        --cpu=Cortex-M7 --fpu=VFPv5_d16)
#
###############################################################################

*******************************************************************************
*** MESSAGES
***

Error[Lp011]: section placement failed
            unable to allocate space for sections/blocks with a total estimated
                      minimum size of 0x2'aa3c bytes (max align 0x4) in
                      <[0x2000'0000-0x2000'fbff]> (total uncommitted space
                      0xfc00).


*******************************************************************************
*** RUNTIME MODEL ATTRIBUTES
***

CppFlavor       = *
__CPP_Runtime   = 1
__Heap_Handler  = Basic
__SystemLibrary = DLib
__dlib_version  = 6


*******************************************************************************
*** HEAP SELECTION
***

The basic heap was selected because --advanced_heap
was not specified and the application did not appear to
be primarily optimized for speed.


*******************************************************************************
*** PLACEMENT SUMMARY
***

"A0":  place at address 0x6000'2000 { ro section .intvec };
"P1":  place in [from 0x6000'2000 to 0x6000'23ff] |
                [from 0x6000'2400 to 0x603f'ffff] { ro };
define block RW { rw };
"P2":  place in [from 0x2000'0000 to 0x2000'fbff] { block RW };
define block ZI { zi };
"P3":  place in [from 0x2000'0000 to 0x2000'fbff] { block ZI };
define block NCACHE_VAR { section NonCacheable, section NonCacheable.init };
"P5":  place in [from 0x2000'0000 to 0x2000'fbff] { block NCACHE_VAR };
define block CSTACK with size = 1K, alignment = 8 { };
"P6":  place in [from 0x2000'fc00 to 0x2000'ffff] { block CSTACK };
initialize by copy { rw, section .textrw, section CodeQuickAccess };

No sections matched the following patterns:

  ro section .boot_hdr.boot_data  in "A3"
  ro section .boot_hdr.dcd_data   in "A4"
  section .boot_hdr.conf          in "A1"
  section .boot_hdr.ivt           in "A2"
  section .textrw                 in "P7-P8"
  section CodeQuickAccess         in block QACCESS_CODE
  section NonCacheable            in block NCACHE_VAR
  section NonCacheable.init       in block NCACHE_VAR


  Section            Kind         Address      Size  Object
  -------            ----         -------      ----  ------
"P6":                                         0x400
  CSTACK                      0x2000'fc00     0x400  <Block>
    CSTACK           uninit   0x2000'fc00     0x400  <Block tail>
                            - 0x2001'0000     0x400

"A0":                                         0x400
  .intvec            ro code  0x6000'2000     0x400  startup_MIMXRT1024.o [22]
                            - 0x6000'2400     0x400

"P1":                                      0x1'3f88
  .text              ro code  0x6000'2400    0x257c  printEngine.o [12]
  .text              ro code  0x6000'497c      0x18  fsl_assert.o [23]
  .text              ro code  0x6000'4994     0x1e0  fsl_gpio.o [7]
  .text              ro code  0x6000'4b74     0x7b0  fsl_clock.o [7]
  .text              ro code  0x6000'5324     0xed8  fsl_lpspi.o [7]
  .text              ro code  0x6000'61fc     0x19c  fsl_debug_console.o [23]
  .text              ro code  0x6000'6398     0x228  fsl_gpt.o [7]
  .text              ro code  0x6000'65c0     0x844  fsl_pwm.o [7]
  .text              ro code  0x6000'6e04      0x14  dotWearTask.o [12]
  .text              ro code  0x6000'6e18     0xb2c  tasks.o [8]
  .text              ro code  0x6000'7944      0xb4  dvr8818.o [12]
  .text              ro code  0x6000'79f8     0x63c  translator.o [13]
  .text              ro code  0x6000'8034      0xa6  ABImemcpy.o [29]
  .text              ro code  0x6000'80da      0x2a  copy_init3.o [29]
  .text              ro code  0x6000'8104     0x278  sensors.o [13]
  .text              ro code  0x6000'837c     0x17e  threadManager.o [13]
  .rodata            const    0x6000'84fa       0x2  clock_config.o [3]
  .text              ro code  0x6000'84fc     0x4a4  printHead.o [12]
  .text              ro code  0x6000'89a0     0xa22  queue.o [8]
  .text              ro code  0x6000'93c2       0x2  startup_MIMXRT1024.o [22]
  .text              ro code  0x6000'93c4     0x2fa  commandTable.o [12]
  .text              ro code  0x6000'96be       0x8  abs.o [27]
  VENDOR_HW_MAJOR    const    0x6000'96c6       0x1  vendor.o [13]
  VENDOR_HW_MINOR    const    0x6000'96c7       0x1  vendor.o [13]
  .text              ro code  0x6000'96c8      0x66  ABImemset.o [29]
  VENDOR_WSW_ENG     const    0x6000'972e       0x1  vendor.o [13]
  VENDOR_WSW_MAJOR   const    0x6000'972f       0x1  vendor.o [13]
  .text              ro code  0x6000'9730      0x1c  averyCutter.o [12]
  .text              ro code  0x6000'974c     0x274  I64DivMod.o [29]
  .text              ro code  0x6000'99c0     0x102  fsl_component_serial_manager.o [24]
  VENDOR_WSW_MINOR   const    0x6000'9ac2       0x1  vendor.o [13]
  .text              ro code  0x6000'9ac4     0x998  fsl_str.o [23]
  .text              ro code  0x6000'a45c     0x298  heap_4.o [10]
  .text              ro code  0x6000'a6f4      0x98  list.o [8]
  .text              ro code  0x6000'a78c     0x224  port.o [9]
  .text              ro code  0x6000'a9b0     0x50c  timers.o [8]
  .text              ro code  0x6000'aebc     0x158  fsl_adc_etc.o [7]
  .text              ro code  0x6000'b014     0x1c0  queueManager.o [13]
  .text              ro code  0x6000'b1d4      0xf4  systemTimer.o [13]
  .text              ro code  0x6000'b2c8     0xc34  w25x10cl.o [13]
  .text              ro code  0x6000'befc     0x602  averyWeigher.o [21]
  .text              ro code  0x6000'c500       0x2  I64DivZer.o [29]
  .text              ro code  0x6000'c502      0x30  fsl_component_serial_port_uart.o [24]
  .text              ro code  0x6000'c534      0x9e  modf.o [28]
  .text              ro code  0x6000'c5d4     0x4e8  pow64.o [28]
  .text              ro code  0x6000'cabc      0x66  DblToS64.o [28]
  .text              ro code  0x6000'cb24      0x54  S64ToDbl.o [28]
  .text              ro code  0x6000'cb78      0x36  strlen.o [29]
  .text              ro code  0x6000'cbb0      0x34  port.o [9]
  CODE               ro code  0x6000'cbe4      0xb0  portasm.o [9]
  .text              ro code  0x6000'cc94     0x680  cs5530.o [13]
  .text              ro code  0x6000'd314     0x594  cat3Audit.o [21]
  .text              ro code  0x6000'd8a8     0x122  serialFlash.o [13]
  .text              ro code  0x6000'd9cc      0x6c  vendor.o [13]
  .text              ro code  0x6000'da38      0x4c  boxcarFilter.o [21]
  .text              ro code  0x6000'da84     0x18c  fsl_adapter_lpuart.o [25]
  .text              ro code  0x6000'dc10      0x24  errno.o [27]
  .text              ro code  0x6000'dc34      0x7c  frexp.o [28]
  .text              ro code  0x6000'dcb0     0x278  iar_Exp64.o [28]
  .text              ro code  0x6000'df28      0x9c  sca3300.o [13]
  .text              ro code  0x6000'dfc4     0x48c  fsl_lpuart.o [7]
  .text              ro code  0x6000'e450       0x4  tp_nothreads.o [27]
  .text              ro code  0x6000'e454      0xf0  ldexp.o [28]
  .text              ro code  0x6000'e544    0x128c  pin_mux.o [3]
  .text              ro code  0x6000'f7d0     0x728  clock_config.o [3]
  .text              ro code  0x6000'fef8     0x596  usb_device_ehci.o [18]
  .text              ro code  0x6001'0490     0x14c  usb_device_dci.o [17]
  .text              ro code  0x6001'05dc     0x48c  fsl_component_exception_handling.o [4]
  .text              ro code  0x6001'0a68     0x474  fsl_edma.o [7]
  .rodata            const    0x6001'0edc      0x7c  fsl_component_exception_handling.o [4]
  .rodata            const    0x6001'0f58     0x420  pow64.o [28]
  .text              ro code  0x6001'1378     0x360  board.o [3]
  .rodata            const    0x6001'16d8     0x1a0  fsl_component_exception_handling.o [4]
  .text              ro code  0x6001'1878     0x158  system_MIMXRT1024.o [2]
  .text              ro code  0x6001'19d0       0x2  system_MIMXRT1024.o [2]
  .text              ro code  0x6001'19d4     0x148  fsl_sai.o [7]
  .text              ro code  0x6001'1b1c     0x130  fsl_enet.o [7]
  .text              ro code  0x6001'1c4c      0x94  fsl_lpi2c.o [7]
  .rodata            const    0x6001'1ce0      0x80  fsl_component_exception_handling.o [4]
  .rodata            const    0x6001'1d60      0x80  fsl_component_exception_handling.o [4]
  .rodata            const    0x6001'1de0      0x74  fsl_adapter_lpuart.o [25]
  .text              ro code  0x6001'1e54      0x70  fsl_flexcan.o [7]
  .rodata            const    0x6001'1ec4      0x64  fsl_component_exception_handling.o [4]
  .rodata            const    0x6001'1f28      0x60  clock_config.o [3]
  .rodata            const    0x6001'1f88      0x60  fsl_adc_etc.o [7]
  .rodata            const    0x6001'1fe8      0x60  fsl_clock.o [7]
  .rodata            const    0x6001'2048      0x60  fsl_component_exception_handling.o [4]
  .rodata            const    0x6001'20a8      0x60  fsl_component_exception_handling.o [4]
  .rodata            const    0x6001'2108      0x60  fsl_flexcan.o [7]
  .rodata            const    0x6001'2168      0x60  fsl_gpio.o [7]
  .rodata            const    0x6001'21c8      0x60  fsl_gpt.o [7]
  .rodata            const    0x6001'2228      0x60  fsl_lpspi.o [7]
  .rodata            const    0x6001'2288      0x60  fsl_lpspi.o [7]
  .rodata            const    0x6001'22e8      0x60  fsl_lpuart.o [7]
  .rodata            const    0x6001'2348      0x60  fsl_lpuart.o [7]
  .rodata            const    0x6001'23a8      0x60  fsl_pwm.o [7]
  .rodata            const    0x6001'2408      0x60  pin_mux.o [3]
  .rodata            const    0x6001'2468      0x60  w25x10cl.o [13]
  .rodata            const    0x6001'24c8      0x5c  cat3Audit.o [21]
  .rodata            const    0x6001'2524      0x5c  cat3Audit.o [21]
  .rodata            const    0x6001'2580      0x5c  cs5530.o [13]
  .rodata            const    0x6001'25dc      0x5c  fsl_edma.o [7]
  .rodata            const    0x6001'2638      0x5c  fsl_enet.o [7]
  .rodata            const    0x6001'2694      0x5c  fsl_gpio.o [7]
  .rodata            const    0x6001'26f0      0x5c  fsl_gpt.o [7]
  .rodata            const    0x6001'274c      0x5c  fsl_gpt.o [7]
  .rodata            const    0x6001'27a8      0x5c  fsl_pwm.o [7]
  .rodata            const    0x6001'2804      0x5c  fsl_sai.o [7]
  .rodata            const    0x6001'2860      0x5c  printEngine.o [12]
  .rodata            const    0x6001'28bc      0x5c  printEngine.o [12]
  .rodata            const    0x6001'2918      0x5c  sensors.o [13]
  .rodata            const    0x6001'2974      0x58  board.o [3]
  .text              ro code  0x6001'29cc      0x58  fsl_flexio.o [7]
  .rodata            const    0x6001'2a24      0x54  cat3Audit.o [21]
  .rodata            const    0x6001'2a78      0x54  cat3Audit.o [21]
  .rodata            const    0x6001'2acc      0x54  cat3Audit.o [21]
  .rodata            const    0x6001'2b20      0x54  printEngine.o [12]
  .rodata            const    0x6001'2b74      0x54  printEngine.o [12]
  .rodata            const    0x6001'2bc8      0x50  fsl_component_exception_handling.o [4]
  .rodata            const    0x6001'2c18      0x50  fsl_component_exception_handling.o [4]
  .rodata            const    0x6001'2c68      0x50  fsl_component_exception_handling.o [4]
  .rodata            const    0x6001'2cb8      0x50  fsl_component_exception_handling.o [4]
  .rodata            const    0x6001'2d08      0x50  queueManager.o [13]
  .rodata            const    0x6001'2d58      0x4c  fsl_adapter_lpuart.o [25]
  .rodata            const    0x6001'2da4      0x4c  fsl_component_exception_handling.o [4]
  .rodata            const    0x6001'2df0      0x4c  fsl_component_exception_handling.o [4]
  .rodata            const    0x6001'2e3c      0x4c  fsl_component_exception_handling.o [4]
  .rodata            const    0x6001'2e88      0x4c  queueManager.o [13]
  .rodata            const    0x6001'2ed4      0x4c  queueManager.o [13]
  .rodata            const    0x6001'2f20      0x48  averyWeigher.o [21]
  .rodata            const    0x6001'2f68      0x48  cs5530.o [13]
  .rodata            const    0x6001'2fb0      0x48  fsl_component_exception_handling.o [4]
  .rodata            const    0x6001'2ff8      0x48  fsl_component_exception_handling.o [4]
  .rodata            const    0x6001'3040      0x48  fsl_component_exception_handling.o [4]
  .rodata            const    0x6001'3088      0x48  fsl_component_exception_handling.o [4]
  .rodata            const    0x6001'30d0      0x48  queueManager.o [13]
  .text              ro code  0x6001'3118      0x48  fsl_spdif.o [7]
  .rodata            const    0x6001'3160      0x44  averyWeigher.o [21]
  .rodata            const    0x6001'31a4      0x44  averyWeigher.o [21]
  .rodata            const    0x6001'31e8      0x44  averyWeigher.o [21]
  .rodata            const    0x6001'322c      0x44  averyWeigher.o [21]
  .rodata            const    0x6001'3270      0x44  averyWeigher.o [21]
  .rodata            const    0x6001'32b4      0x44  printEngine.o [12]
  .rodata            const    0x6001'32f8      0x44  printEngine.o [12]
  .rodata            const    0x6001'333c      0x44  printEngine.o [12]
  .rodata            const    0x6001'3380      0x44  queueManager.o [13]
  .rodata            const    0x6001'33c4      0x44  queueManager.o [13]
  .rodata            const    0x6001'3408      0x44  queueManager.o [13]
  .rodata            const    0x6001'344c      0x44  queueManager.o [13]
  .rodata            const    0x6001'3490      0x44  queueManager.o [13]
  .rodata            const    0x6001'34d4      0x40  averyWeigher.o [21]
  .rodata            const    0x6001'3514      0x40  averyWeigher.o [21]
  .rodata            const    0x6001'3554      0x40  averyWeigher.o [21]
  .rodata            const    0x6001'3594      0x40  averyWeigher.o [21]
  .rodata            const    0x6001'35d4      0x40  cs5530.o [13]
  .rodata            const    0x6001'3614      0x40  fsl_component_exception_handling.o [4]
  .rodata            const    0x6001'3654      0x40  fsl_lpspi.o [7]
  .rodata            const    0x6001'3694      0x40  fsl_lpuart.o [7]
  .rodata            const    0x6001'36d4      0x40  printEngine.o [12]
  .rodata            const    0x6001'3714      0x40  queueManager.o [13]
  .rodata            const    0x6001'3754      0x40  queueManager.o [13]
  .rodata            const    0x6001'3794      0x40  threadManager.o [13]
  .rodata            const    0x6001'37d4      0x3c  averyWeigher.o [21]
  .rodata            const    0x6001'3810      0x3c  averyWeigher.o [21]
  .rodata            const    0x6001'384c      0x3c  averyWeigher.o [21]
  .rodata            const    0x6001'3888      0x3c  averyWeigher.o [21]
  .rodata            const    0x6001'38c4      0x3c  cat3Audit.o [21]
  .rodata            const    0x6001'3900      0x3c  cs5530.o [13]
  .rodata            const    0x6001'393c      0x3c  cs5530.o [13]
  .rodata            const    0x6001'3978      0x3c  cs5530.o [13]
  .rodata            const    0x6001'39b4      0x3c  fsl_component_exception_handling.o [4]
  .rodata            const    0x6001'39f0      0x3c  fsl_component_exception_handling.o [4]
  .rodata            const    0x6001'3a2c      0x3c  fsl_component_exception_handling.o [4]
  .rodata            const    0x6001'3a68      0x3c  fsl_enet.o [7]
  .rodata            const    0x6001'3aa4      0x3c  fsl_gpio.o [7]
  .rodata            const    0x6001'3ae0      0x3c  fsl_gpt.o [7]
  .rodata            const    0x6001'3b1c      0x3c  fsl_pwm.o [7]
  .rodata            const    0x6001'3b58      0x3c  printEngine.o [12]
  .rodata            const    0x6001'3b94      0x3c  printHead.o [12]
  .rodata            const    0x6001'3bd0      0x3c  sca3300.o [13]
  .rodata            const    0x6001'3c0c      0x3c  threadManager.o [13]
  .text              ro code  0x6001'3c48      0x3c  fsl_usdhc.o [7]
  .rodata            const    0x6001'3c84      0x38  averyWeigher.o [21]
  .rodata            const    0x6001'3cbc      0x38  averyWeigher.o [21]
  .rodata            const    0x6001'3cf4      0x38  averyWeigher.o [21]
  .rodata            const    0x6001'3d2c      0x38  averyWeigher.o [21]
  .rodata            const    0x6001'3d64      0x38  averyWeigher.o [21]
  .rodata            const    0x6001'3d9c      0x38  averyWeigher.o [21]
  .rodata            const    0x6001'3dd4      0x38  cs5530.o [13]
  .rodata            const    0x6001'3e0c      0x38  fsl_component_exception_handling.o [4]
  .rodata            const    0x6001'3e44      0x38  fsl_component_exception_handling.o [4]
  .rodata            const    0x6001'3e7c      0x38  fsl_component_exception_handling.o [4]
  .rodata            const    0x6001'3eb4      0x38  fsl_component_exception_handling.o [4]
  .rodata            const    0x6001'3eec      0x38  printEngine.o [12]
  .rodata            const    0x6001'3f24      0x38  printEngine.o [12]
  .rodata            const    0x6001'3f5c      0x38  printEngine.o [12]
  .rodata            const    0x6001'3f94      0x38  printEngine.o [12]
  .rodata            const    0x6001'3fcc      0x38  printEngine.o [12]
  .rodata            const    0x6001'4004      0x38  printEngine.o [12]
  .rodata            const    0x6001'403c      0x38  printEngine.o [12]
  .rodata            const    0x6001'4074      0x38  printEngine.o [12]
  .rodata            const    0x6001'40ac      0x38  printEngine.o [12]
  .rodata            const    0x6001'40e4      0x38  printEngine.o [12]
  .rodata            const    0x6001'411c      0x38  printEngine.o [12]
  .rodata            const    0x6001'4154      0x38  printEngine.o [12]
  .rodata            const    0x6001'418c      0x38  threadManager.o [13]
  .rodata            const    0x6001'41c4      0x38  threadManager.o [13]
  .text              ro code  0x6001'41fc      0x38  zero_init3.o [29]
  .rodata            const    0x6001'4234      0x34  averyWeigher.o [21]
  .rodata            const    0x6001'4268      0x34  averyWeigher.o [21]
  .rodata            const    0x6001'429c      0x34  averyWeigher.o [21]
  .rodata            const    0x6001'42d0      0x34  averyWeigher.o [21]
  .rodata            const    0x6001'4304      0x34  cs5530.o [13]
  .rodata            const    0x6001'4338      0x34  fsl_component_exception_handling.o [4]
  .rodata            const    0x6001'436c      0x34  fsl_component_exception_handling.o [4]
  .rodata            const    0x6001'43a0      0x34  fsl_component_exception_handling.o [4]
  .rodata            const    0x6001'43d4      0x34  fsl_component_exception_handling.o [4]
  .rodata            const    0x6001'4408      0x34  fsl_component_exception_handling.o [4]
  .rodata            const    0x6001'443c      0x34  fsl_component_exception_handling.o [4]
  .rodata            const    0x6001'4470      0x34  fsl_component_exception_handling.o [4]
  .rodata            const    0x6001'44a4      0x34  printEngine.o [12]
  .rodata            const    0x6001'44d8      0x34  printEngine.o [12]
  .rodata            const    0x6001'450c      0x34  printEngine.o [12]
  .rodata            const    0x6001'4540      0x34  printEngine.o [12]
  .rodata            const    0x6001'4574      0x34  printHead.o [12]
  .rodata            const    0x6001'45a8      0x34  printHead.o [12]
  .rodata            const    0x6001'45dc      0x34  sca3300.o [13]
  .rodata            const    0x6001'4610      0x34  threadManager.o [13]
  .rodata            const    0x6001'4644      0x34  threadManager.o [13]
  .rodata            const    0x6001'4678      0x34  translator.o [13]
  .rodata            const    0x6001'46ac      0x34  translator.o [13]
  .rodata            const    0x6001'46e0      0x30  averyWeigher.o [21]
  .rodata            const    0x6001'4710      0x30  fsl_component_exception_handling.o [4]
  .rodata            const    0x6001'4740      0x30  fsl_component_exception_handling.o [4]
  .rodata            const    0x6001'4770      0x30  fsl_component_exception_handling.o [4]
  .rodata            const    0x6001'47a0      0x30  fsl_component_exception_handling.o [4]
  .rodata            const    0x6001'47d0      0x30  fsl_component_exception_handling.o [4]
  .rodata            const    0x6001'4800      0x30  fsl_component_exception_handling.o [4]
  .rodata            const    0x6001'4830      0x30  fsl_component_exception_handling.o [4]
  .rodata            const    0x6001'4860      0x30  fsl_component_exception_handling.o [4]
  .rodata            const    0x6001'4890      0x30  fsl_component_exception_handling.o [4]
  .rodata            const    0x6001'48c0      0x30  fsl_component_exception_handling.o [4]
  .rodata            const    0x6001'48f0      0x30  fsl_component_exception_handling.o [4]
  .rodata            const    0x6001'4920      0x30  fsl_component_exception_handling.o [4]
  .rodata            const    0x6001'4950      0x30  fsl_component_exception_handling.o [4]
  .rodata            const    0x6001'4980      0x30  fsl_component_exception_handling.o [4]
  .rodata            const    0x6001'49b0      0x30  fsl_component_exception_handling.o [4]
  .rodata            const    0x6001'49e0      0x30  fsl_component_exception_handling.o [4]
  .rodata            const    0x6001'4a10      0x30  printEngine.o [12]
  .rodata            const    0x6001'4a40      0x30  printEngine.o [12]
  .rodata            const    0x6001'4a70      0x30  printEngine.o [12]
  .rodata            const    0x6001'4aa0      0x30  printEngine.o [12]
  .rodata            const    0x6001'4ad0      0x30  printEngine.o [12]
  .rodata            const    0x6001'4b00      0x30  printEngine.o [12]
  .rodata            const    0x6001'4b30      0x30  printEngine.o [12]
  .rodata            const    0x6001'4b60      0x30  threadManager.o [13]
  .rodata            const    0x6001'4b90      0x30  threadManager.o [13]
  .rodata            const    0x6001'4bc0      0x30  translator.o [13]
  .rodata            const    0x6001'4bf0      0x30  translator.o [13]
  .rodata            const    0x6001'4c20      0x30  translator.o [13]
  .rodata            const    0x6001'4c50      0x30  translator.o [13]
  .rodata            const    0x6001'4c80      0x2c  averyWeigher.o [21]
  .rodata            const    0x6001'4cac      0x2c  cs5530.o [13]
  .rodata            const    0x6001'4cd8      0x2c  fsl_adapter_lpuart.o [25]
  .rodata            const    0x6001'4d04      0x2c  fsl_assert.o [23]
  .rodata            const    0x6001'4d30      0x2c  fsl_component_exception_handling.o [4]
  .rodata            const    0x6001'4d5c      0x2c  fsl_component_exception_handling.o [4]
  .rodata            const    0x6001'4d88      0x2c  fsl_component_exception_handling.o [4]
  .rodata            const    0x6001'4db4      0x2c  fsl_component_exception_handling.o [4]
  .rodata            const    0x6001'4de0      0x2c  fsl_component_exception_handling.o [4]
  .rodata            const    0x6001'4e0c      0x2c  fsl_component_exception_handling.o [4]
  .rodata            const    0x6001'4e38      0x2c  fsl_component_exception_handling.o [4]
  .rodata            const    0x6001'4e64      0x2c  fsl_component_exception_handling.o [4]
  .rodata            const    0x6001'4e90      0x2c  fsl_component_exception_handling.o [4]
  .rodata            const    0x6001'4ebc      0x2c  fsl_component_exception_handling.o [4]
  .rodata            const    0x6001'4ee8      0x2c  printEngine.o [12]
  .rodata            const    0x6001'4f14      0x2c  printEngine.o [12]
  .rodata            const    0x6001'4f40      0x2c  printEngine.o [12]
  .rodata            const    0x6001'4f6c      0x2c  printEngine.o [12]
  .rodata            const    0x6001'4f98      0x2c  printEngine.o [12]
  .rodata            const    0x6001'4fc4      0x2c  printEngine.o [12]
  .rodata            const    0x6001'4ff0      0x2c  printEngine.o [12]
  .rodata            const    0x6001'501c      0x2c  printEngine.o [12]
  .rodata            const    0x6001'5048      0x2c  printEngine.o [12]
  .rodata            const    0x6001'5074      0x2c  systemTimer.o [13]
  .rodata            const    0x6001'50a0      0x2c  w25x10cl.o [13]
  .rodata            const    0x6001'50cc      0x28  averyWeigher.o [21]
  .rodata            const    0x6001'50f4      0x28  averyWeigher.o [21]
  .rodata            const    0x6001'511c      0x28  fsl_component_exception_handling.o [4]
  .rodata            const    0x6001'5144      0x28  fsl_component_exception_handling.o [4]
  .rodata            const    0x6001'516c      0x28  fsl_component_exception_handling.o [4]
  .rodata            const    0x6001'5194      0x28  fsl_component_exception_handling.o [4]
  .rodata            const    0x6001'51bc      0x28  fsl_component_exception_handling.o [4]
  .rodata            const    0x6001'51e4      0x28  fsl_component_exception_handling.o [4]
  .rodata            const    0x6001'520c      0x28  fsl_component_exception_handling.o [4]
  .rodata            const    0x6001'5234      0x28  fsl_component_exception_handling.o [4]
  .rodata            const    0x6001'525c      0x28  fsl_component_exception_handling.o [4]
  .rodata            const    0x6001'5284      0x28  fsl_component_exception_handling.o [4]
  .rodata            const    0x6001'52ac      0x28  fsl_lpuart.o [7]
  .rodata            const    0x6001'52d4      0x28  fsl_lpuart.o [7]
  .rodata            const    0x6001'52fc      0x28  printEngine.o [12]
  .rodata            const    0x6001'5324      0x28  printEngine.o [12]
  .rodata            const    0x6001'534c      0x28  printEngine.o [12]
  .rodata            const    0x6001'5374      0x28  printEngine.o [12]
  .rodata            const    0x6001'539c      0x28  printEngine.o [12]
  .rodata            const    0x6001'53c4      0x28  systemTimer.o [13]
  .rodata            const    0x6001'53ec      0x28  systemTimer.o [13]
  .rodata            const    0x6001'5414      0x28  translator.o [13]
  .rodata            const    0x6001'543c      0x28  translator.o [13]
  .text              ro code  0x6001'5464      0x28  startup_MIMXRT1024.o [22]
  .text              ro code  0x6001'548c      0x28  data_init.o [29]
  .rodata            const    0x6001'54b4      0x24  averyWeigher.o [21]
  .rodata            const    0x6001'54d8      0x24  commandTable.o [12]
  .rodata            const    0x6001'54fc      0x24  fsl_adapter_lpuart.o [25]
  .rodata            const    0x6001'5520      0x24  fsl_component_exception_handling.o [4]
  .rodata            const    0x6001'5544      0x24  fsl_component_exception_handling.o [4]
  .rodata            const    0x6001'5568      0x24  fsl_component_exception_handling.o [4]
  .rodata            const    0x6001'558c      0x24  fsl_component_exception_handling.o [4]
  .rodata            const    0x6001'55b0      0x24  fsl_component_exception_handling.o [4]
  .rodata            const    0x6001'55d4      0x24  fsl_component_exception_handling.o [4]
  .rodata            const    0x6001'55f8      0x24  fsl_lpuart.o [7]
  .rodata            const    0x6001'561c      0x24  printEngine.o [12]
  .rodata            const    0x6001'5640      0x24  printEngine.o [12]
  .rodata            const    0x6001'5664      0x24  printEngine.o [12]
  .rodata            const    0x6001'5688      0x24  printEngine.o [12]
  .rodata            const    0x6001'56ac      0x24  sensors.o [13]
  .text              ro code  0x6001'56d0      0x24  fsl_flexspi.o [7]
  .text              ro code  0x6001'56f4      0x22  fpinit_M.o [28]
  .iar.init_table    const    0x6001'5718      0x24  - Linker created -
  .rodata            const    0x6001'573c      0x20  fsl_component_exception_handling.o [4]
  .rodata            const    0x6001'575c      0x20  fsl_component_exception_handling.o [4]
  .rodata            const    0x6001'577c      0x20  fsl_component_exception_handling.o [4]
  .rodata            const    0x6001'579c      0x20  fsl_component_exception_handling.o [4]
  .rodata            const    0x6001'57bc      0x20  fsl_component_exception_handling.o [4]
  .rodata            const    0x6001'57dc      0x20  printEngine.o [12]
  .rodata            const    0x6001'57fc      0x20  printEngine.o [12]
  .rodata            const    0x6001'581c      0x20  printEngine.o [12]
  .rodata            const    0x6001'583c      0x20  printEngine.o [12]
  .rodata            const    0x6001'585c      0x20  sensors.o [13]
  .rodata            const    0x6001'587c      0x20  sensors.o [13]
  Initializer bytes  const    0x6001'589c      0x20  <for RW-1> (used: 0x0)
  .text              ro code  0x6001'58bc      0x1e  cmain.o [29]
  .text              ro code  0x6001'58da       0x4  low_level_init.o [27]
  .text              ro code  0x6001'58de      0x18  globalScale.o [11]
  .text              ro code  0x6001'58f6       0x4  exit.o [27]
  .text              ro code  0x6001'58fc       0xa  cexit.o [29]
  .text              ro code  0x6001'5908      0x14  exit.o [30]
  .rodata            const    0x6001'591c      0x1c  board.o [3]
  .rodata            const    0x6001'5938      0x1c  commandTable.o [12]
  .rodata            const    0x6001'5954      0x1c  commandTable.o [12]
  .rodata            const    0x6001'5970      0x1c  fsl_component_exception_handling.o [4]
  .rodata            const    0x6001'598c      0x1c  fsl_edma.o [7]
  .rodata            const    0x6001'59a8      0x1c  fsl_gpt.o [7]
  .rodata            const    0x6001'59c4      0x1c  fsl_lpuart.o [7]
  .rodata            const    0x6001'59e0      0x1c  printEngine.o [12]
  .rodata            const    0x6001'59fc      0x1c  printEngine.o [12]
  .rodata            const    0x6001'5a18      0x1c  w25x10cl.o [13]
  .text              ro code  0x6001'5a34      0x1c  cstartup_M.o [29]
  .rodata            const    0x6001'5a50      0x18  board.o [3]
  .rodata            const    0x6001'5a68      0x18  clock_config.o [3]
  .rodata            const    0x6001'5a80      0x18  commandTable.o [12]
  .rodata            const    0x6001'5a98      0x18  fsl_component_exception_handling.o [4]
  .rodata            const    0x6001'5ab0      0x18  fsl_component_exception_handling.o [4]
  .rodata            const    0x6001'5ac8      0x18  fsl_flexcan.o [7]
  .rodata            const    0x6001'5ae0      0x18  fsl_flexcan.o [7]
  .rodata            const    0x6001'5af8      0x18  fsl_gpio.o [7]
  .rodata            const    0x6001'5b10      0x18  fsl_lpspi.o [7]
  .rodata            const    0x6001'5b28      0x18  fsl_lpspi.o [7]
  .rodata            const    0x6001'5b40      0x18  fsl_lpspi.o [7]
  .rodata            const    0x6001'5b58      0x18  fsl_lpspi.o [7]
  .rodata            const    0x6001'5b70      0x18  fsl_lpspi.o [7]
  .rodata            const    0x6001'5b88      0x18  fsl_pwm.o [7]
  .rodata            const    0x6001'5ba0      0x18  fsl_sai.o [7]
  .rodata            const    0x6001'5bb8      0x18  fsl_sai.o [7]
  .rodata            const    0x6001'5bd0      0x18  pin_mux.o [3]
  .rodata            const    0x6001'5be8      0x18  printEngine.o [12]
  .rodata            const    0x6001'5c00      0x18  threadManager.o [13]
  .rodata            const    0x6001'5c18      0x18  threadManager.o [13]
  .rodata            const    0x6001'5c30      0x18  w25x10cl.o [13]
  .rodata            const    0x6001'5c48      0x14  clock_config.o [3]
  .rodata            const    0x6001'5c5c      0x14  fsl_adc_etc.o [7]
  .rodata            const    0x6001'5c70      0x14  fsl_component_exception_handling.o [4]
  .rodata            const    0x6001'5c84      0x14  fsl_component_exception_handling.o [4]
  .rodata            const    0x6001'5c98      0x14  fsl_component_exception_handling.o [4]
  .rodata            const    0x6001'5cac      0x14  fsl_component_exception_handling.o [4]
  .rodata            const    0x6001'5cc0      0x14  fsl_component_exception_handling.o [4]
  .rodata            const    0x6001'5cd4      0x14  fsl_component_exception_handling.o [4]
  .rodata            const    0x6001'5ce8      0x14  fsl_component_exception_handling.o [4]
  .rodata            const    0x6001'5cfc      0x14  fsl_lpspi.o [7]
  .rodata            const    0x6001'5d10      0x14  fsl_lpspi.o [7]
  .rodata            const    0x6001'5d24      0x14  fsl_lpuart.o [7]
  .rodata            const    0x6001'5d38      0x14  printEngine.o [12]
  .rodata            const    0x6001'5d4c      0x14  printEngine.o [12]
  .rodata            const    0x6001'5d60      0x14  printEngine.o [12]
  .rodata            const    0x6001'5d74      0x14  printHead.o [12]
  .rodata            const    0x6001'5d88      0x14  threadManager.o [13]
  .rodata            const    0x6001'5d9c      0x14  threadManager.o [13]
  .rodata            const    0x6001'5db0      0x14  threadManager.o [13]
  .rodata            const    0x6001'5dc4      0x14  threadManager.o [13]
  .rodata            const    0x6001'5dd8      0x14  threadManager.o [13]
  .rodata            const    0x6001'5dec      0x10  clock_config.o [3]
  .rodata            const    0x6001'5dfc      0x10  fsl_clock.o [7]
  .rodata            const    0x6001'5e0c      0x10  fsl_clock.o [7]
  .rodata            const    0x6001'5e1c      0x10  fsl_component_exception_handling.o [4]
  .rodata            const    0x6001'5e2c      0x10  fsl_component_exception_handling.o [4]
  .rodata            const    0x6001'5e3c      0x10  fsl_component_exception_handling.o [4]
  .rodata            const    0x6001'5e4c      0x10  fsl_debug_console.o [23]
  .rodata            const    0x6001'5e5c      0x10  fsl_gpio.o [7]
  .rodata            const    0x6001'5e6c      0x10  fsl_gpt.o [7]
  .rodata            const    0x6001'5e7c      0x10  fsl_gpt.o [7]
  .rodata            const    0x6001'5e8c      0x10  fsl_lpspi.o [7]
  .rodata            const    0x6001'5e9c      0x10  fsl_lpspi.o [7]
  .rodata            const    0x6001'5eac      0x10  fsl_lpuart.o [7]
  .rodata            const    0x6001'5ebc      0x10  fsl_pwm.o [7]
  .rodata            const    0x6001'5ecc      0x10  pin_mux.o [3]
  .rodata            const    0x6001'5edc      0x10  printEngine.o [12]
  .rodata            const    0x6001'5eec      0x10  printHead.o [12]
  .rodata            const    0x6001'5efc      0x10  printHead.o [12]
  .rodata            const    0x6001'5f0c      0x10  printHead.o [12]
  .rodata            const    0x6001'5f1c      0x10  printHead.o [12]
  .rodata            const    0x6001'5f2c      0x10  printHead.o [12]
  .rodata            const    0x6001'5f3c      0x10  printHead.o [12]
  .rodata            const    0x6001'5f4c      0x10  printHead.o [12]
  .rodata            const    0x6001'5f5c      0x10  printHead.o [12]
  .rodata            const    0x6001'5f6c      0x10  printHead.o [12]
  .rodata            const    0x6001'5f7c      0x10  printHead.o [12]
  .rodata            const    0x6001'5f8c      0x10  printHead.o [12]
  .rodata            const    0x6001'5f9c      0x10  printHead.o [12]
  .rodata            const    0x6001'5fac      0x10  sca3300.o [13]
  .text              ro code  0x6001'5fbc      0x10  usbTask.o [14]
  .rodata            const    0x6001'5fcc       0xc  averyWeigher.o [21]
  .rodata            const    0x6001'5fd8       0xc  cs5530.o [13]
  .rodata            const    0x6001'5fe4       0xc  fsl_adapter_lpuart.o [25]
  .rodata            const    0x6001'5ff0       0xc  fsl_adapter_lpuart.o [25]
  .rodata            const    0x6001'5ffc       0xc  fsl_adapter_lpuart.o [25]
  .rodata            const    0x6001'6008       0xc  fsl_adapter_lpuart.o [25]
  .rodata            const    0x6001'6014       0xc  fsl_component_exception_handling.o [4]
  .rodata            const    0x6001'6020       0xc  fsl_component_exception_handling.o [4]
  .rodata            const    0x6001'602c       0xc  fsl_component_exception_handling.o [4]
  .rodata            const    0x6001'6038       0xc  fsl_component_exception_handling.o [4]
  .rodata            const    0x6001'6044       0xc  fsl_component_exception_handling.o [4]
  .rodata            const    0x6001'6050       0xc  fsl_component_exception_handling.o [4]
  .rodata            const    0x6001'605c       0xc  fsl_component_exception_handling.o [4]
  .rodata            const    0x6001'6068       0xc  fsl_component_exception_handling.o [4]
  .rodata            const    0x6001'6074       0xc  fsl_component_exception_handling.o [4]
  .rodata            const    0x6001'6080       0xc  fsl_component_exception_handling.o [4]
  .rodata            const    0x6001'608c       0xc  fsl_component_exception_handling.o [4]
  .rodata            const    0x6001'6098       0xc  fsl_component_exception_handling.o [4]
  .rodata            const    0x6001'60a4       0xc  fsl_edma.o [7]
  .rodata            const    0x6001'60b0       0xc  fsl_gpio.o [7]
  .rodata            const    0x6001'60bc       0xc  fsl_gpio.o [7]
  .rodata            const    0x6001'60c8       0xc  fsl_gpt.o [7]
  .rodata            const    0x6001'60d4       0xc  fsl_gpt.o [7]
  .rodata            const    0x6001'60e0       0xc  fsl_lpspi.o [7]
  .rodata            const    0x6001'60ec       0xc  fsl_lpspi.o [7]
  .rodata            const    0x6001'60f8       0xc  fsl_lpspi.o [7]
  .rodata            const    0x6001'6104       0xc  fsl_lpspi.o [7]
  .rodata            const    0x6001'6110       0xc  fsl_lpspi.o [7]
  .rodata            const    0x6001'611c       0xc  fsl_lpuart.o [7]
  .rodata            const    0x6001'6128       0xc  fsl_lpuart.o [7]
  .rodata            const    0x6001'6134       0xc  fsl_pwm.o [7]
  .rodata            const    0x6001'6140       0xc  fsl_pwm.o [7]
  .rodata            const    0x6001'614c       0xc  fsl_pwm.o [7]
  .rodata            const    0x6001'6158       0xc  fsl_pwm.o [7]
  .rodata            const    0x6001'6164       0xc  fsl_pwm.o [7]
  .rodata            const    0x6001'6170       0xc  fsl_usdhc.o [7]
  .rodata            const    0x6001'617c       0xc  printEngine.o [12]
  .rodata            const    0x6001'6188       0xc  printEngine.o [12]
  .rodata            const    0x6001'6194       0xc  systemTimer.o [13]
  .rodata            const    0x6001'61a0       0x8  board.o [3]
  .rodata            const    0x6001'61a8       0x8  clock_config.o [3]
  .rodata            const    0x6001'61b0       0x8  fsl_component_exception_handling.o [4]
  .rodata            const    0x6001'61b8       0x8  fsl_component_exception_handling.o [4]
  .rodata            const    0x6001'61c0       0x8  fsl_component_exception_handling.o [4]
  .rodata            const    0x6001'61c8       0x8  fsl_component_exception_handling.o [4]
  .rodata            const    0x6001'61d0       0x8  fsl_gpt.o [7]
  .rodata            const    0x6001'61d8       0x8  fsl_lpspi.o [7]
  .rodata            const    0x6001'61e0       0x8  fsl_pwm.o [7]
  .rodata            const    0x6001'61e8       0x8  tasks.o [8]
  .rodata            const    0x6001'61f0       0x8  timers.o [8]
  .rodata            const    0x6001'61f8       0x8  timers.o [8]
  .text              ro code  0x6001'6200       0x8  startup_MIMXRT1024.o [22]
  .text              ro code  0x6001'6208       0x8  startup_MIMXRT1024.o [22]
  .text              ro code  0x6001'6210       0x8  startup_MIMXRT1024.o [22]
  .text              ro code  0x6001'6218       0x8  startup_MIMXRT1024.o [22]
  .text              ro code  0x6001'6220       0x8  startup_MIMXRT1024.o [22]
  .text              ro code  0x6001'6228       0x8  startup_MIMXRT1024.o [22]
  .text              ro code  0x6001'6230       0x8  startup_MIMXRT1024.o [22]
  .text              ro code  0x6001'6238       0x8  startup_MIMXRT1024.o [22]
  .text              ro code  0x6001'6240       0x8  startup_MIMXRT1024.o [22]
  .text              ro code  0x6001'6248       0x8  startup_MIMXRT1024.o [22]
  .text              ro code  0x6001'6250       0x8  startup_MIMXRT1024.o [22]
  .text              ro code  0x6001'6258       0x8  startup_MIMXRT1024.o [22]
  .text              ro code  0x6001'6260       0x8  startup_MIMXRT1024.o [22]
  .text              ro code  0x6001'6268       0x8  startup_MIMXRT1024.o [22]
  .text              ro code  0x6001'6270       0x8  startup_MIMXRT1024.o [22]
  .text              ro code  0x6001'6278       0x8  startup_MIMXRT1024.o [22]
  .text              ro code  0x6001'6280       0x8  startup_MIMXRT1024.o [22]
  .text              ro code  0x6001'6288       0x8  startup_MIMXRT1024.o [22]
  .text              ro code  0x6001'6290       0x8  startup_MIMXRT1024.o [22]
  .text              ro code  0x6001'6298       0x8  startup_MIMXRT1024.o [22]
  .text              ro code  0x6001'62a0       0x8  startup_MIMXRT1024.o [22]
  .text              ro code  0x6001'62a8       0x8  startup_MIMXRT1024.o [22]
  .text              ro code  0x6001'62b0       0x8  startup_MIMXRT1024.o [22]
  .text              ro code  0x6001'62b8       0x8  startup_MIMXRT1024.o [22]
  .text              ro code  0x6001'62c0       0x8  startup_MIMXRT1024.o [22]
  .text              ro code  0x6001'62c8       0x8  startup_MIMXRT1024.o [22]
  .text              ro code  0x6001'62d0       0x8  startup_MIMXRT1024.o [22]
  .text              ro code  0x6001'62d8       0x8  startup_MIMXRT1024.o [22]
  .text              ro code  0x6001'62e0       0x8  startup_MIMXRT1024.o [22]
  .text              ro code  0x6001'62e8       0x8  startup_MIMXRT1024.o [22]
  .text              ro code  0x6001'62f0       0x8  startup_MIMXRT1024.o [22]
  .text              ro code  0x6001'62f8       0x8  startup_MIMXRT1024.o [22]
  .text              ro code  0x6001'6300       0x8  startup_MIMXRT1024.o [22]
  .text              ro code  0x6001'6308       0x8  startup_MIMXRT1024.o [22]
  .text              ro code  0x6001'6310       0x8  startup_MIMXRT1024.o [22]
  .text              ro code  0x6001'6318       0x8  startup_MIMXRT1024.o [22]
  .text              ro code  0x6001'6320       0x8  startup_MIMXRT1024.o [22]
  .text              ro code  0x6001'6328       0x8  startup_MIMXRT1024.o [22]
  .text              ro code  0x6001'6330       0x8  startup_MIMXRT1024.o [22]
  .text              ro code  0x6001'6338       0x8  startup_MIMXRT1024.o [22]
  .text              ro code  0x6001'6340       0x8  startup_MIMXRT1024.o [22]
  .text              ro code  0x6001'6348       0x8  startup_MIMXRT1024.o [22]
  .text              ro code  0x6001'6350       0x8  startup_MIMXRT1024.o [22]
  .text              ro code  0x6001'6358       0x8  startup_MIMXRT1024.o [22]
  .text              ro code  0x6001'6360       0x8  startup_MIMXRT1024.o [22]
  .text              ro code  0x6001'6368       0x8  startup_MIMXRT1024.o [22]
  .rodata            const    0x6001'6370       0x4  fsl_enet.o [7]
  .rodata            const    0x6001'6374       0x4  heap_4.o [10]
  .rodata            const    0x6001'6378       0x4  port.o [9]
  .rodata            const    0x6001'637c       0x4  printEngine.o [12]
  .rodata            const    0x6001'6380       0x4  systemTimer.o [13]
  .text              ro code  0x6001'6384       0x4  startup_MIMXRT1024.o [22]
  .rodata            const    0x6001'6388       0x0  zero_init3.o [29]
  .rodata            const    0x6001'6388       0x0  copy_init3.o [29]
                            - 0x6001'6388  0x1'3f88

"P2-P3|P5", part 1 of 2 (*** FAILED ***):      0x20
  RW                                           0x20  <Block>
    RW-1                                       0x1f  <Init block>
      .data          inited                     0x4  port.o [9]
      .data          inited                     0x4  printEngine.o [12]
      .data          inited                     0x4  system_MIMXRT1024.o [2]
      .data          inited                     0x4  tasks.o [8]
      .data          inited                     0x4  w25x10cl.o [13]
      .data          inited                     0x4  w25x10cl.o [13]
      .data          inited                     0x4  w25x10cl.o [13]
      .data          inited                     0x1  averyWeigher.o [21]
      .data          inited                     0x1  printEngine.o [12]
      .data          inited                     0x1  sensors.o [13]
                                               0x20

"P2-P3|P5", part 2 of 2 (*** FAILED ***):  0x2'aa1c
  ZI                                       0x2'aa1c  <Block>
    .bss             zero                       0x4  averyCutter.o [12]
    .bss             zero                       0x4  averyWeigher.o [21]
    .bss             zero                       0x4  averyWeigher.o [21]
    .bss             zero                       0x4  averyWeigher.o [21]
    .bss             zero                       0x4  averyWeigher.o [21]
    .bss             zero                       0x4  averyWeigher.o [21]
    .bss             zero                      0x18  averyWeigher.o [21]
    .bss             zero                      0x18  averyWeigher.o [21]
    .bss             zero                      0x10  averyWeigher.o [21]
    .bss             zero                      0x38  averyWeigher.o [21]
    .bss             zero                       0xc  averyWeigher.o [21]
    .bss             zero                     0x598  averyWeigher.o [21]
    .bss             zero                       0x4  averyWeigher.o [21]
    .bss             zero                      0x98  averyWeigher.o [21]
    .bss             zero                      0x2c  cat3Audit.o [21]
    .bss             zero                      0x20  cat3Audit.o [21]
    .bss             zero                    0x1004  cat3Audit.o [21]
    .bss             zero                      0x24  commandTable.o [12]
    .bss             zero                    0x32a0  commandTable.o [12]
    .bss             zero                       0x4  commandTable.o [12]
    .bss             zero                       0x4  cs5530.o [13]
    .bss             zero                      0x40  cs5530.o [13]
    .bss             zero                      0x38  cs5530.o [13]
    .bss             zero                       0x4  dotWearTask.o [12]
    .bss             zero                       0x4  fsl_clock.o [7]
    .bss             zero                       0x4  fsl_clock.o [7]
    .bss             zero                       0x4  fsl_component_exception_handling.o [4]
    .bss             zero                      0x20  fsl_debug_console.o [23]
    .bss             zero                       0x4  fsl_debug_console.o [23]
    .bss             zero                      0x80  fsl_edma.o [7]
    .bss             zero                       0x4  fsl_enet.o [7]
    .bss             zero                       0x4  fsl_enet.o [7]
    .bss             zero                       0x4  fsl_enet.o [7]
    .bss             zero                       0x4  fsl_enet.o [7]
    .bss             zero                       0x4  fsl_enet.o [7]
    .bss             zero                       0x4  fsl_enet.o [7]
    .bss             zero                       0xc  fsl_flexcan.o [7]
    .bss             zero                       0x4  fsl_flexcan.o [7]
    .bss             zero                       0x8  fsl_flexio.o [7]
    .bss             zero                       0x8  fsl_flexio.o [7]
    .bss             zero                       0x8  fsl_flexio.o [7]
    .bss             zero                       0x4  fsl_flexspi.o [7]
    .bss             zero                       0x4  fsl_flexspi.o [7]
    .bss             zero                       0x4  fsl_lpi2c.o [7]
    .bss             zero                      0x14  fsl_lpi2c.o [7]
    .bss             zero                       0x4  fsl_lpi2c.o [7]
    .bss             zero                      0x14  fsl_lpi2c.o [7]
    .bss             zero                      0x14  fsl_lpspi.o [7]
    .bss             zero                       0x4  fsl_lpspi.o [7]
    .bss             zero                       0x4  fsl_lpspi.o [7]
    .bss             zero                       0x8  fsl_lpspi.o [7]
    .bss             zero                      0x24  fsl_lpuart.o [7]
    .bss             zero                       0x4  fsl_lpuart.o [7]
    .bss             zero                      0x20  fsl_sai.o [7]
    .bss             zero                       0x4  fsl_sai.o [7]
    .bss             zero                       0x4  fsl_sai.o [7]
    .bss             zero                       0x8  fsl_spdif.o [7]
    .bss             zero                       0x4  fsl_spdif.o [7]
    .bss             zero                       0x4  fsl_spdif.o [7]
    .bss             zero                       0xc  fsl_usdhc.o [7]
    .bss             zero                       0x4  fsl_usdhc.o [7]
    .bss             zero                      0x18  globalPrinterTask.o [12]
    .bss             zero                  0x1'9000  heap_4.o [10]
    .bss             zero                       0x8  heap_4.o [10]
    .bss             zero                       0x4  heap_4.o [10]
    .bss             zero                       0x4  heap_4.o [10]
    .bss             zero                       0x4  heap_4.o [10]
    .bss             zero                       0x4  heap_4.o [10]
    .bss             zero                       0x4  heap_4.o [10]
    .bss             zero                       0x4  heap_4.o [10]
    .bss             zero                       0x4  port.o [9]
    .bss             zero                      0x54  printEngine.o [12]
    .bss             zero                      0x38  printEngine.o [12]
    .bss             zero                       0x8  printEngine.o [12]
    .bss             zero                       0x8  printEngine.o [12]
    .bss             zero                       0x8  printEngine.o [12]
    .bss             zero                       0x4  printEngine.o [12]
    .bss             zero                       0x4  printEngine.o [12]
    .bss             zero                       0x4  printEngine.o [12]
    .bss             zero                      0x10  printEngine.o [12]
    .bss             zero                      0x10  printEngine.o [12]
    .bss             zero                       0x4  printEngine.o [12]
    .bss             zero                       0x4  printEngine.o [12]
    .bss             zero                       0x4  printEngine.o [12]
    .bss             zero                       0x4  printEngine.o [12]
    .bss             zero                       0x4  printHead.o [12]
    .bss             zero                      0x10  printHead.o [12]
    .bss             zero                      0x10  printHead.o [12]
    .bss             zero                      0x10  printHead.o [12]
    .bss             zero                       0x8  printHead.o [12]
    .bss             zero                      0x38  printHead.o [12]
    .bss             zero                      0x40  queue.o [8]
    .bss             zero                       0x4  queueManager.o [13]
    .bss             zero                       0x4  queueManager.o [13]
    .bss             zero                       0x4  queueManager.o [13]
    .bss             zero                       0x4  queueManager.o [13]
    .bss             zero                       0x4  queueManager.o [13]
    .bss             zero                       0x4  queueManager.o [13]
    .bss             zero                       0x4  queueManager.o [13]
    .bss             zero                       0x4  queueManager.o [13]
    .bss             zero                       0x4  queueManager.o [13]
    .bss             zero                       0x4  queueManager.o [13]
    .bss             zero                       0x4  queueManager.o [13]
    .bss             zero                       0x4  queueManager.o [13]
    .bss             zero                       0x4  sca3300.o [13]
    .bss             zero                      0x10  sensors.o [13]
    .bss             zero                      0x24  sensors.o [13]
    .bss             zero                       0x4  sensors.o [13]
    .bss             zero                       0x4  systemTimer.o [13]
    .bss             zero                       0x4  systemTimer.o [13]
    .bss             zero                       0x4  systemTimer.o [13]
    .bss             zero                       0x4  tasks.o [8]
    .bss             zero                      0x64  tasks.o [8]
    .bss             zero                      0x14  tasks.o [8]
    .bss             zero                      0x14  tasks.o [8]
    .bss             zero                       0x4  tasks.o [8]
    .bss             zero                       0x4  tasks.o [8]
    .bss             zero                      0x14  tasks.o [8]
    .bss             zero                      0x14  tasks.o [8]
    .bss             zero                       0x4  tasks.o [8]
    .bss             zero                      0x14  tasks.o [8]
    .bss             zero                       0x4  tasks.o [8]
    .bss             zero                       0x4  tasks.o [8]
    .bss             zero                       0x4  tasks.o [8]
    .bss             zero                       0x4  tasks.o [8]
    .bss             zero                       0x4  tasks.o [8]
    .bss             zero                       0x4  tasks.o [8]
    .bss             zero                       0x4  tasks.o [8]
    .bss             zero                       0x4  tasks.o [8]
    .bss             zero                       0x4  tasks.o [8]
    .bss             zero                       0x4  tasks.o [8]
    .bss             zero                       0x4  tasks.o [8]
    .bss             zero                      0x14  timers.o [8]
    .bss             zero                      0x14  timers.o [8]
    .bss             zero                       0x4  timers.o [8]
    .bss             zero                       0x4  timers.o [8]
    .bss             zero                       0x4  timers.o [8]
    .bss             zero                       0x4  timers.o [8]
    .bss             zero                       0x4  timers.o [8]
    .bss             zero                       0x4  translator.o [13]
    .bss             zero                      0x20  usbTask.o [14]
    .bss             zero                     0x224  w25x10cl.o [13]
    .bss             zero                      0x38  w25x10cl.o [13]
    .tbss            zero                       0x4  errno.o [27]
    DEFAULT_RAM0     zero                      0x58  averyCutter.o [12]
    DEFAULT_RAM0     zero                      0x28  cat3Audit.o [21]
    DEFAULT_RAM0     zero                    0xc748  printHead.o [12]
    .bss             zero                       0x2  printHead.o [12]
    .bss             zero                       0x1  averyWeigher.o [21]
    .bss             zero                       0x1  averyWeigher.o [21]
    .bss             zero                       0x1  averyWeigher.o [21]
    .bss             zero                       0x1  averyWeigher.o [21]
    .bss             zero                       0x1  averyWeigher.o [21]
    .bss             zero                       0x1  dotWearTask.o [12]
    .bss             zero                       0x1  fsl_debug_console.o [23]
    .bss             zero                       0x1  port.o [9]
    .bss             zero                       0x1  printEngine.o [12]
    .bss             zero                       0x1  printEngine.o [12]
    .bss             zero                       0x1  printEngine.o [12]
    .bss             zero                       0x1  printEngine.o [12]
    .bss             zero                       0x1  printEngine.o [12]
    .bss             zero                       0x1  printEngine.o [12]
    .bss             zero                       0x1  printEngine.o [12]
    .bss             zero                       0x1  printEngine.o [12]
    .bss             zero                       0x1  printEngine.o [12]
    .bss             zero                       0x1  printEngine.o [12]
    .bss             zero                       0x1  printEngine.o [12]
    .bss             zero                       0x1  printEngine.o [12]
    .bss             zero                       0x1  printEngine.o [12]
    .bss             zero                       0x1  printEngine.o [12]
    .bss             zero                       0x1  printEngine.o [12]
    .bss             zero                       0x1  printEngine.o [12]
    .bss             zero                       0x1  printEngine.o [12]
    .bss             zero                       0x1  printEngine.o [12]
    .bss             zero                       0x1  printHead.o [12]
    .bss             zero                       0x1  sca3300.o [13]
    .bss             zero                       0x1  sensors.o [13]
    .bss             zero                       0x1  sensors.o [13]
    .bss             zero                       0x1  sensors.o [13]
                                           0x2'aa1c

Unused ranges:

         From           To       Size
         ----           --       ----
  0x2000'0000  0x2000'fbff     0xfc00
  0x6001'6388  0x603f'ffff  0x3e'9c78


*******************************************************************************
*** INIT TABLE
***

          Address      Size
          -------      ----
Zero (__iar_zero_init3)
    1 destination range, total size 0x2'aa19:
                  0x0  0x2'aa19

Copy (__iar_copy_init3)
    1 source range, total size 0x20 (103% of destination):
          0x6001'589c      0x20
    1 destination range, total size 0x1f:
                  0x0      0x1f



*******************************************************************************
*** MODULE SUMMARY
***

    Module                              ro code  ro data  rw data
    ------                              -------  -------  -------
command line/config:
    -------------------------------------------------------------
    Total:

D:\peripherals\service-scale\GlobalScaleRT1024-RockBoardBringup-IAR-9.30\Debug\Obj: [1]
    -------------------------------------------------------------
    Total:

D:\peripherals\service-scale\GlobalScaleRT1024-RockBoardBringup-IAR-9.30\Debug\Obj\MIMXRT1024\device: [2]
    system_MIMXRT1024.o                     346                 4
    -------------------------------------------------------------
    Total:                                  346                 4

D:\peripherals\service-scale\GlobalScaleRT1024-RockBoardBringup-IAR-9.30\Debug\Obj\board: [3]
    board.o                                 864      148
    clock_config.o                        1'832      166
    pin_mux.o                             4'748      136
    -------------------------------------------------------------
    Total:                                7'444      450

D:\peripherals\service-scale\GlobalScaleRT1024-RockBoardBringup-IAR-9.30\Debug\Obj\components\exceptions: [4]
    fsl_component_exception_handling.o    1'164    5'180        4
    -------------------------------------------------------------
    Total:                                1'164    5'180        4

D:\peripherals\service-scale\GlobalScaleRT1024-RockBoardBringup-IAR-9.30\Debug\Obj\components\list: [5]
    -------------------------------------------------------------
    Total:

D:\peripherals\service-scale\GlobalScaleRT1024-RockBoardBringup-IAR-9.30\Debug\Obj\components\osa: [6]
    -------------------------------------------------------------
    Total:

D:\peripherals\service-scale\GlobalScaleRT1024-RockBoardBringup-IAR-9.30\Debug\Obj\drivers: [7]
    fsl_adc_etc.o                           344      116
    fsl_clock.o                           1'968      128        8
    fsl_edma.o                            1'140      132      128
    fsl_enet.o                              304      156       24
    fsl_flexcan.o                           112      144       16
    fsl_flexio.o                             88                24
    fsl_flexspi.o                            36                 8
    fsl_gpio.o                              480      312
    fsl_gpt.o                               552      432
    fsl_lpi2c.o                             148                48
    fsl_lpspi.o                           3'800      516       36
    fsl_lpuart.o                          1'164      460       40
    fsl_pwm.o                             2'116      356
    fsl_sai.o                               328      140       40
    fsl_spdif.o                              72                16
    fsl_usdhc.o                              60       12       16
    -------------------------------------------------------------
    Total:                               12'712    2'904      404

D:\peripherals\service-scale\GlobalScaleRT1024-RockBoardBringup-IAR-9.30\Debug\Obj\freertos\freertos_kernel: [8]
    list.o                                  152
    queue.o                               2'594                64
    tasks.o                               2'860        8      264
    timers.o                              1'292       16       60
    -------------------------------------------------------------
    Total:                                6'898       24      388

D:\peripherals\service-scale\GlobalScaleRT1024-RockBoardBringup-IAR-9.30\Debug\Obj\freertos\freertos_kernel\portable\IAR\ARM_CM4F: [9]
    port.o                                  600        4        9
    portasm.o                               176
    -------------------------------------------------------------
    Total:                                  776        4        9

D:\peripherals\service-scale\GlobalScaleRT1024-RockBoardBringup-IAR-9.30\Debug\Obj\freertos\freertos_kernel\portable\MemMang: [10]
    heap_4.o                                664        4  102'432
    -------------------------------------------------------------
    Total:                                  664        4  102'432

D:\peripherals\service-scale\GlobalScaleRT1024-RockBoardBringup-IAR-9.30\Debug\Obj\source: [11]
    globalScale.o                            24
    -------------------------------------------------------------
    Total:                                   24

D:\peripherals\service-scale\GlobalScaleRT1024-RockBoardBringup-IAR-9.30\Debug\Obj\source\printer: [12]
    averyCutter.o                            28                92
    commandTable.o                          762      116   13'000
    dotWearTask.o                            20                 5
    dvr8818.o                               180
    globalPrinterTask.o                                        24
    printEngine.o                         9'596    2'948      247
    printHead.o                           1'188      376   51'135
    -------------------------------------------------------------
[...]
s_EDMAHandle                 0x4a98      0x80  Data  Lc  fsl_edma.o [7]
s_ENETHandle                 0x4b18       0x4  Data  Lc  fsl_enet.o [7]
s_LpuartAdapterBase     0x6001'54fc      0x24  Data  Lc  fsl_adapter_lpuart.o [25]
s_baudratePrescaler     0x6001'61d8       0x8  Data  Lc  fsl_lpspi.o [7]
s_debugConsoleReadWaitSemaphore
                           0x2'aa00       0x1  Data  Lc  fsl_debug_console.o [23]
s_debugConsoleState          0x4a74      0x20  Data  Lc  fsl_debug_console.o [23]
s_enet1588TimerIsr           0x4b2c       0x4  Data  Lc  fsl_enet.o [7]
s_enetBases             0x6001'6370       0x4  Data  Lc  fsl_enet.o [7]
s_enetErrIsr                 0x4b24       0x4  Data  Lc  fsl_enet.o [7]
s_enetRxIsr                  0x4b20       0x4  Data  Lc  fsl_enet.o [7]
s_enetTsIsr                  0x4b28       0x4  Data  Lc  fsl_enet.o [7]
s_enetTxIsr                  0x4b1c       0x4  Data  Lc  fsl_enet.o [7]
s_flexcanHandle              0x4b30       0xc  Data  Lc  fsl_flexcan.o [7]
s_flexcanIsr                 0x4b3c       0x4  Data  Lc  fsl_flexcan.o [7]
s_flexioHandle               0x4b40       0x8  Data  Lc  fsl_flexio.o [7]
s_flexioIsr                  0x4b50       0x8  Data  Lc  fsl_flexio.o [7]
s_flexioType                 0x4b48       0x8  Data  Lc  fsl_flexio.o [7]
s_flexspiHandle              0x4b58       0x4  Data  Lc  fsl_flexspi.o [7]
s_flexspiIsr                 0x4b5c       0x4  Data  Lc  fsl_flexspi.o [7]
s_gpioBases             0x6001'5af8      0x18  Data  Lc  fsl_gpio.o [7]
s_gpioClock             0x6001'60bc       0xc  Data  Lc  fsl_gpio.o [7]
s_gptBases              0x6001'60d4       0xc  Data  Lc  fsl_gpt.o [7]
s_gptClocks             0x6001'61d0       0x8  Data  Lc  fsl_gpt.o [7]
s_lpi2cMasterHandle          0x4b64      0x14  Data  Gb  fsl_lpi2c.o [7]
s_lpi2cMasterIsr             0x4b60       0x4  Data  Gb  fsl_lpi2c.o [7]
s_lpi2cSlaveHandle           0x4b7c      0x14  Data  Lc  fsl_lpi2c.o [7]
s_lpi2cSlaveIsr              0x4b78       0x4  Data  Lc  fsl_lpi2c.o [7]
s_lpspiBases            0x6001'5d10      0x14  Data  Lc  fsl_lpspi.o [7]
s_lpspiClocks           0x6001'6110       0xc  Data  Lc  fsl_lpspi.o [7]
s_lpspiHandle                0x4b90      0x14  Data  Lc  fsl_lpspi.o [7]
s_lpspiIRQ              0x6001'6104       0xc  Data  Lc  fsl_lpspi.o [7]
s_lpspiMasterIsr             0x4ba4       0x4  Data  Lc  fsl_lpspi.o [7]
s_lpspiSlaveIsr              0x4ba8       0x4  Data  Lc  fsl_lpspi.o [7]
s_lpuartBases           0x6001'55f8      0x24  Data  Lc  fsl_lpuart.o [7]
s_lpuartClock           0x6001'5d24      0x14  Data  Lc  fsl_lpuart.o [7]
s_lpuartHandle               0x4bb4      0x24  Data  Gb  fsl_lpuart.o [7]
s_lpuartIsr                  0x4bd8       0x4  Data  Gb  fsl_lpuart.o [7]
s_pwmBases              0x6001'6164       0xc  Data  Lc  fsl_pwm.o [7]
s_pwmClocks             0x6001'5b88      0x18  Data  Lc  fsl_pwm.o [7]
s_saiHandle                  0x4bdc      0x20  Data  Lc  fsl_sai.o [7]
s_saiRxIsr                   0x4c00       0x4  Data  Lc  fsl_sai.o [7]
s_saiTxIsr                   0x4bfc       0x4  Data  Lc  fsl_sai.o [7]
s_spdifHandle                0x4c04       0x8  Data  Lc  fsl_spdif.o [7]
s_spdifRxIsr                 0x4c10       0x4  Data  Lc  fsl_spdif.o [7]
s_spdifTxIsr                 0x4c0c       0x4  Data  Lc  fsl_spdif.o [7]
s_usdhcBase             0x6001'6170       0xc  Data  Lc  fsl_usdhc.o [7]
s_usdhcHandle                0x4c14       0xc  Data  Lc  fsl_usdhc.o [7]
s_usdhcIsr                   0x4c20       0x4  Data  Lc  fsl_usdhc.o [7]
scaTimer_                  0x1'de24       0x4  Data  Gb  sca3300.o [13]
scaWaitCallBack         0x6000'df29      0x2c  Code  Gb  sca3300.o [13]
scalbln                 0x6000'e455            Code  Gb  ldexp.o [28]
scalblnl                0x6000'e455            Code  Gb  ldexp.o [28]
scalbn                  0x6000'e455            Code  Gb  ldexp.o [28]
scalbnl                 0x6000'e455            Code  Gb  ldexp.o [28]
scb_data_text           0x6001'16d8     0x1a0  Data  Lc  fsl_component_exception_handling.o [4]
sendPrStatus            0x6000'79f9      0xb4  Code  Gb  translator.o [13]
sendWgConfig            0x6000'7b5d     0x338  Code  Gb  translator.o [13]
sendWgVersion           0x6000'7e95     0x10c  Code  Gb  translator.o [13]
sendWgWakeup            0x6000'7aad      0xac  Code  Gb  translator.o [13]
serialFlash                0x1'dfd0     0x224  Data  Lc  w25x10cl.o [13]
setConversionInterrupt  0x6000'cea1      0x62  Code  Lc  cs5530.o [13]
setDataReady            0x6000'b82d       0xa  Code  Gb  w25x10cl.o [13]
setHeadTimings          0x6000'85c5     0x144  Code  Gb  printHead.o [12]
setIndirectData         0x6000'95eb      0x9a  Code  Gb  commandTable.o [12]
setLineTimerIntLevel    0x6000'26dd      0x18  Code  Gb  printEngine.o [12]
setMainMotorDirection   0x6000'794f       0xe  Code  Gb  dvr8818.o [12]
setMotorStopOnEdge      0x6000'8339       0x8  Code  Gb  sensors.o [13]
setMotorStopOnGap       0x6000'8329       0x8  Code  Gb  sensors.o [13]
setNextOperation        0x6000'947f      0x6c  Code  Gb  commandTable.o [12]
setOperation            0x6000'9461      0x1e  Code  Gb  commandTable.o [12]
setPageChecksums        0x6000'd991      0x1c  Code  Gb  serialFlash.o [13]
setPrintEngineTimer     0x6000'2d69      0x16  Code  Gb  printEngine.o [12]
setPrintEngineTimerSlt  0x6000'2d53      0x16  Code  Gb  printEngine.o [12]
setSerialWgConfiguration
                        0x6000'd8d5      0x1c  Code  Gb  serialFlash.o [13]
setSerialWgDfltConfig   0x6000'd8f1      0x68  Code  Gb  serialFlash.o [13]
setStepDirection        0x6000'79d3      0x22  Code  Lc  dvr8818.o [12]
setStepperDirection     0x6000'2c25      0x16  Code  Gb  printEngine.o [12]
setTakeUpMotorDirection
                        0x6000'795d       0xe  Code  Gb  dvr8818.o [12]
setWeigherVersion       0x6000'c4d1      0x2e  Code  Lc  averyWeigher.o [21]
setupTransfer           0x6000'b971     0x23e  Code  Gb  w25x10cl.o [13]
shutdownPrintEngine     0x6000'2bf9       0xc  Code  Gb  printEngine.o [12]
skipMissingLabel_          0x2'aa03       0x1  Data  Lc  printEngine.o [12]
skipNextOperation       0x6000'94eb      0x72  Code  Gb  commandTable.o [12]
spi1Handle_                0x1'e1f4      0x38  Data  Lc  w25x10cl.o [13]
spiDmaTransferComplete     0x2'aa06       0x1  Data  Gb  printEngine.o [12]
spiHeadMasterHandle        0x1'dcb4      0x38  Data  Gb  printEngine.o [12]
startHeartBeatTimer     0x6000'b23d      0x2c  Code  Gb  systemTimer.o [13]
startLineTimer          0x6000'26f5      0xb2  Code  Gb  printEngine.o [12]
startPrintEngine        0x6000'26bd      0x20  Code  Gb  printEngine.o [12]
startSystemThreads      0x6000'8485       0xe  Code  Lc  threadManager.o [13]
startWaitTimer          0x6000'df55      0x56  Code  Gb  sca3300.o [13]
statusOp                0x6000'4741      0x4c  Code  Gb  printEngine.o [12]
stepCounterEnabled_        0x2'aa02       0x1  Data  Lc  printEngine.o [12]
stepEdgeOp              0x6000'3e09     0x23e  Code  Gb  printEngine.o [12]
stepGapOp               0x6000'3b75     0x26a  Code  Gb  printEngine.o [12]
stepGapOp::index_          0x1'dd34       0x4  Data  Lc  printEngine.o [12]
stepMotors              0x6000'799f      0x34  Code  Gb  dvr8818.o [12]
stepOp                  0x6000'3491     0x35a  Code  Gb  printEngine.o [12]
stepUntilOp             0x6000'37f1     0x352  Code  Gb  printEngine.o [12]
stopLineTimer           0x6000'27a7      0x44  Code  Gb  printEngine.o [12]
strlen                  0x6000'cb79            Code  Gb  strlen.o [29]
style_                     0x2'a9fb       0x1  Data  Lc  averyWeigher.o [21]
suspend_                   0x2'a9fa       0x1  Data  Lc  averyWeigher.o [21]
sysPllConfig_BOARD_BootClockRUN
                        0x6001'5c48      0x14  Data  Gb  clock_config.o [3]
systemStartup           0x6000'837d     0x102  Code  Gb  threadManager.o [13]
testCondition           0x6000'2f17      0x44  Code  Gb  printEngine.o [12]
testForLabelOp          0x6000'4209     0x164  Code  Gb  printEngine.o [12]
testForLabelOp::labelFound_
                           0x2'aa0f       0x1  Data  Lc  printEngine.o [12]
testForSyncOp           0x6000'405d     0x1a6  Code  Gb  printEngine.o [12]
testForSyncOp::index_      0x1'dd38       0x4  Data  Lc  printEngine.o [12]
testForSyncOp::syncFound_
                           0x2'aa0e       0x1  Data  Lc  printEngine.o [12]
testOp                  0x6000'467d      0xb8  Code  Gb  printEngine.o [12]
testPrint_                 0x2'a9ff       0x1  Data  Lc  dotWearTask.o [12]
timeOut_                   0x2'aa15       0x1  Data  Lc  sca3300.o [13]
ucHeap                       0x4c3c  0x1'9000  Data  Lc  heap_4.o [10]
ucMaxSysCallPriority       0x2'aa01       0x1  Data  Lc  port.o [9]
ulMaxPRIGROUPValue         0x1'dc5c       0x4  Data  Lc  port.o [9]
upDatePrintTimings      0x6000'8709     0x15e  Code  Gb  printHead.o [12]
updateAuditMGR          0x6000'd49f      0x5e  Code  Lc  cat3Audit.o [21]
usb1PllConfig_BOARD_BootClockRUN
                        0x6000'84fa       0x2  Data  Gb  clock_config.o [3]
usbMgr                     0x1'dfb0      0x20  Data  Gb  usbTask.o [14]
uxCriticalNesting               0x0       0x4  Data  Lc  port.o [9]
uxCurrentNumberOfTasks     0x1'df44       0x4  Data  Lc  tasks.o [8]
uxDeletedTasksWaitingCleanUp
                           0x1'df2c       0x4  Data  Lc  tasks.o [8]
uxListRemove            0x6000'a767      0x26  Code  Gb  list.o [8]
uxQueueMessagesWaitingFromISR
                        0x6000'9103      0x18  Code  Gb  queue.o [8]
uxSchedulerSuspended       0x1'df6c       0x4  Data  Lc  tasks.o [8]
uxTaskNumber               0x1'df60       0x4  Data  Lc  tasks.o [8]
uxTopReadyPriority         0x1'df4c       0x4  Data  Lc  tasks.o [8]
uxTopUsedPriority               0xc       0x4  Data  Gb  tasks.o [8]
vListInitialise         0x6000'a6f5      0x1e  Code  Gb  list.o [8]
vListInitialiseItem     0x6000'a713       0x6  Code  Gb  list.o [8]
vListInsert             0x6000'a731      0x36  Code  Gb  list.o [8]
vListInsertEnd          0x6000'a719      0x18  Code  Gb  list.o [8]
vPortEnableVFP          0x6000'cc79            Code  Gb  portasm.o [9]
vPortEnterCritical      0x6000'a8ad      0x34  Code  Gb  port.o [9]
vPortExitCritical       0x6000'a8e1      0x2c  Code  Gb  port.o [9]
vPortFree               0x6000'a595      0x7a  Code  Gb  heap_4.o [10]
vPortSetupTimerInterrupt
                        0x6000'cbb1      0x34  Code  Wk  port.o [9]
vPortStartFirstTask     0x6000'cc59            Code  Gb  portasm.o [9]
vPortValidateInterruptPriority
                        0x6000'a935      0x4a  Code  Gb  port.o [9]
vQueueAddToRegistry     0x6000'9289      0x24  Code  Gb  queue.o [8]
vQueueWaitForMessageRestricted
                        0x6000'92b1      0x4a  Code  Gb  queue.o [8]
vTaskInternalSetTimeOutState
                        0x6000'74a1      0x12  Code  Gb  tasks.o [8]
vTaskMissedYield        0x6000'7543       0xa  Code  Gb  tasks.o [8]
vTaskPlaceOnEventList   0x6000'739d      0x2e  Code  Gb  tasks.o [8]
vTaskPlaceOnEventListRestricted
                        0x6000'73dd      0x38  Code  Gb  tasks.o [8]
vTaskStartScheduler     0x6000'70ef      0x74  Code  Gb  tasks.o [8]
vTaskSuspend            0x6000'7007      0xe8  Code  Gb  tasks.o [8]
vTaskSuspendAll         0x6000'7163       0xc  Code  Gb  tasks.o [8]
vTaskSwitchContext      0x6000'7333      0x6a  Code  Gb  tasks.o [8]
vTimerSetTimerID        0x6000'ae6f      0x26  Code  Gb  timers.o [8]
valueMax_                      0x9c     0x598  Data  Gb  averyWeigher.o [21]
wQueueSet_                     0x14       0x4  Data  Lc  averyWeigher.o [21]
waitForCompletion       0x6000'be11      0x34  Code  Lc  w25x10cl.o [13]
waitOp                  0x6000'4371      0xa8  Code  Gb  printEngine.o [12]
waitOp::waitCount_         0x1'dd3c       0x4  Data  Lc  printEngine.o [12]
waitUntilOp             0x6000'4421      0x68  Code  Gb  printEngine.o [12]
waitUntilSizingOp       0x6000'448d     0x1e8  Code  Gb  printEngine.o [12]
waitUntilSizingOp::backUp_
                           0x2'aa12       0x1  Data  Lc  printEngine.o [12]
waitUntilSizingOp::interlock_
                           0x2'aa10       0x1  Data  Lc  printEngine.o [12]
waitUntilSizingOp::sigCutter_
                           0x2'aa11       0x1  Data  Lc  printEngine.o [12]
waitUntilSizingOp::waitForLabel_
                           0x2'aa13       0x1  Data  Lc  printEngine.o [12]
weigherPowerUp                 0x1c       0x1  Data  Gb  averyWeigher.o [21]
weigherSwM              0x6000'972f       0x1  Data  Gb  vendor.o [13]
weigherSwe              0x6000'972e       0x1  Data  Gb  vendor.o [13]
weigherSwm              0x6000'9ac2       0x1  Data  Gb  vendor.o [13]
weight_                       0x634       0x4  Data  Lc  averyWeigher.o [21]
wgVersion_                     0x48      0x10  Data  Lc  averyWeigher.o [21]
writeAuditMGR           0x6000'd4fd      0x32  Code  Lc  cat3Audit.o [21]
writeCS5530             0x6000'd253      0x3e  Code  Lc  cs5530.o [13]
writeFlashByte          0x6000'be49      0x4a  Code  Lc  w25x10cl.o [13]
writeSerialAuditRcd     0x6000'd671      0x34  Code  Lc  cat3Audit.o [21]
writeSerialFlash        0x6000'b543     0x11a  Code  Gb  w25x10cl.o [13]
writeSerialFlashNE      0x6000'b65d      0xb6  Code  Gb  w25x10cl.o [13]
xActiveTimerList1          0x1'df70      0x14  Data  Lc  timers.o [8]
xActiveTimerList2          0x1'df84      0x14  Data  Lc  timers.o [8]
xBlockAllocatedBit         0x1'dc58       0x4  Data  Lc  heap_4.o [10]
xDelayedTaskList1          0x1'ded4      0x14  Data  Lc  tasks.o [8]
xDelayedTaskList2          0x1'dee8      0x14  Data  Lc  tasks.o [8]
xFreeBytesRemaining        0x1'dc48       0x4  Data  Lc  heap_4.o [10]
xHeapStructSize         0x6001'6374       0x4  Data  Lc  heap_4.o [10]
xIdleTaskHandle            0x1'df68       0x4  Data  Lc  tasks.o [8]
xMinimumEverFreeBytesRemaining
                           0x1'dc4c       0x4  Data  Lc  heap_4.o [10]
xMutex_                    0x1'de64       0x4  Data  Lc  systemTimer.o [13]
xNextTaskUnblockTime       0x1'df64       0x4  Data  Lc  tasks.o [8]
xNumOfOverflows            0x1'df5c       0x4  Data  Lc  tasks.o [8]
xNumberOfSuccessfulAllocations
                           0x1'dc50       0x4  Data  Lc  heap_4.o [10]
xNumberOfSuccessfulFrees
                           0x1'dc54       0x4  Data  Lc  heap_4.o [10]
xPendedTicks               0x1'df54       0x4  Data  Lc  tasks.o [8]
xPendingReadyList          0x1'df04      0x14  Data  Lc  tasks.o [8]
xPortGetFreeHeapSize    0x6000'a60f       0x6  Code  Gb  heap_4.o [10]
xPortStartScheduler     0x6000'a7df      0xce  Code  Gb  port.o [9]
xQueueAddToSet          0x6000'9307      0x2a  Code  Gb  queue.o [8]
xQueueCreateMutex       0x6000'8afb      0x1a  Code  Gb  queue.o [8]
xQueueCreateSet         0x6000'92fb       0xc  Code  Gb  queue.o [8]
xQueueGenericCreate     0x6000'8a33      0x84  Code  Gb  queue.o [8]
xQueueGenericReset      0x6000'89a1      0x92  Code  Gb  queue.o [8]
xQueueGenericSend       0x6000'8b15     0x1c4  Code  Gb  queue.o [8]
xQueueGenericSendFromISR
                        0x6000'8cd9     0x11c  Code  Gb  queue.o [8]
xQueueGiveFromISR       0x6000'8df5      0xe8  Code  Gb  queue.o [8]
xQueueReceive           0x6000'8edd     0x15c  Code  Gb  queue.o [8]
xQueueReceiveFromISR    0x6000'903d      0xc6  Code  Gb  queue.o [8]
xQueueRegistry             0x1'ddb4      0x40  Data  Gb  queue.o [8]
xSchedulerRunning          0x1'df50       0x4  Data  Lc  tasks.o [8]
xStart                     0x1'dc3c       0x8  Data  Lc  heap_4.o [10]
xSuspendedTaskList         0x1'df30      0x14  Data  Lc  tasks.o [8]
xTaskCheckForTimeOut    0x6000'74bd      0x86  Code  Gb  tasks.o [8]
xTaskCreate             0x6000'6e19      0x6c  Code  Gb  tasks.o [8]
xTaskGenericNotifyFromISR
                        0x6000'7729     0x15e  Code  Gb  tasks.o [8]
xTaskGetSchedulerState  0x6000'7643      0x20  Code  Gb  tasks.o [8]
xTaskGetTickCount       0x6000'724f       0x8  Code  Gb  tasks.o [8]
xTaskIncrementTick      0x6000'7257      0xdc  Code  Gb  tasks.o [8]
xTaskPriorityDisinherit
                        0x6000'7669      0x9e  Code  Gb  tasks.o [8]
xTaskRemoveFromEventList
                        0x6000'741d      0x80  Code  Gb  tasks.o [8]
xTaskResumeAll          0x6000'716f      0xe0  Code  Gb  tasks.o [8]
xTasksWaitingTermination
                           0x1'df18      0x14  Data  Lc  tasks.o [8]
xTickCount                 0x1'df48       0x4  Data  Lc  tasks.o [8]
xTimerCreate            0x6000'a9f9      0x36  Code  Gb  timers.o [8]
xTimerCreateTimerTask   0x6000'a9b1      0x48  Code  Gb  timers.o [8]
xTimerGenericCommand    0x6000'aa83      0x64  Code  Gb  timers.o [8]
xTimerQueue                0x1'dfa0       0x4  Data  Lc  timers.o [8]
xTimerTaskHandle           0x1'dfa4       0x4  Data  Lc  timers.o [8]
xYieldPending              0x1'df58       0x4  Data  Lc  tasks.o [8]


[1] = D:\peripherals\service-scale\GlobalScaleRT1024-RockBoardBringup-IAR-9.30\Debug\Obj
[2] = D:\peripherals\service-scale\GlobalScaleRT1024-RockBoardBringup-IAR-9.30\Debug\Obj\MIMXRT1024\device
[3] = D:\peripherals\service-scale\GlobalScaleRT1024-RockBoardBringup-IAR-9.30\Debug\Obj\board
[4] = D:\peripherals\service-scale\GlobalScaleRT1024-RockBoardBringup-IAR-9.30\Debug\Obj\components\exceptions
[5] = D:\peripherals\service-scale\GlobalScaleRT1024-RockBoardBringup-IAR-9.30\Debug\Obj\components\list
[6] = D:\peripherals\service-scale\GlobalScaleRT1024-RockBoardBringup-IAR-9.30\Debug\Obj\components\osa
[7] = D:\peripherals\service-scale\GlobalScaleRT1024-RockBoardBringup-IAR-9.30\Debug\Obj\drivers
[8] = D:\peripherals\service-scale\GlobalScaleRT1024-RockBoardBringup-IAR-9.30\Debug\Obj\freertos\freertos_kernel
[9] = D:\peripherals\service-scale\GlobalScaleRT1024-RockBoardBringup-IAR-9.30\Debug\Obj\freertos\freertos_kernel\portable\IAR\ARM_CM4F
[10] = D:\peripherals\service-scale\GlobalScaleRT1024-RockBoardBringup-IAR-9.30\Debug\Obj\freertos\freertos_kernel\portable\MemMang
[11] = D:\peripherals\service-scale\GlobalScaleRT1024-RockBoardBringup-IAR-9.30\Debug\Obj\source
[12] = D:\peripherals\service-scale\GlobalScaleRT1024-RockBoardBringup-IAR-9.30\Debug\Obj\source\printer
[13] = D:\peripherals\service-scale\GlobalScaleRT1024-RockBoardBringup-IAR-9.30\Debug\Obj\source\system
[14] = D:\peripherals\service-scale\GlobalScaleRT1024-RockBoardBringup-IAR-9.30\Debug\Obj\source\usb
[15] = D:\peripherals\service-scale\GlobalScaleRT1024-RockBoardBringup-IAR-9.30\Debug\Obj\source\usb\device\class
[16] = D:\peripherals\service-scale\GlobalScaleRT1024-RockBoardBringup-IAR-9.30\Debug\Obj\source\usb\device\source
[17] = D:\peripherals\service-scale\GlobalScaleRT1024-RockBoardBringup-IAR-9.30\Debug\Obj\source\usb\device\source\dci
[18] = D:\peripherals\service-scale\GlobalScaleRT1024-RockBoardBringup-IAR-9.30\Debug\Obj\source\usb\device\source\ehci
[19] = D:\peripherals\service-scale\GlobalScaleRT1024-RockBoardBringup-IAR-9.30\Debug\Obj\source\usb\phy
[20] = D:\peripherals\service-scale\GlobalScaleRT1024-RockBoardBringup-IAR-9.30\Debug\Obj\source\usb\source
[21] = D:\peripherals\service-scale\GlobalScaleRT1024-RockBoardBringup-IAR-9.30\Debug\Obj\source\weigher
[22] = D:\peripherals\service-scale\GlobalScaleRT1024-RockBoardBringup-IAR-9.30\Debug\Obj\startup
[23] = D:\peripherals\service-scale\GlobalScaleRT1024-RockBoardBringup-IAR-9.30\Debug\Obj\utilities
[24] = D:\peripherals\service-scale\GlobalScaleRT1024-RockBoardBringup-IAR-9.30\Debug\Obj\utilities\common
[25] = D:\peripherals\service-scale\GlobalScaleRT1024-RockBoardBringup-IAR-9.30\Debug\Obj\utilities\common\uart
[26] = D:\peripherals\service-scale\GlobalScaleRT1024-RockBoardBringup-IAR-9.30\Debug\Obj\xip
[27] = dl7M_tln.a
[28] = m7M_tlv.a
[29] = rt7M_tl.a
[30] = shb_l.a

   64'183 bytes of readonly  code memory
   18'641 bytes of readonly  data memory
  175'672 bytes of readwrite data memory

Errors: 1
Warnings: none
